Archive member included to satisfy reference by file (symbol)

app/libapp.a(main.c.obj)      (--whole-archive)
app/libapp.a(psa_attestation.c.obj)
                              (--whole-archive)
app/libapp.a(util_sformat.c.obj)
                              (--whole-archive)
app/libapp.a(util_app_log.c.obj)
                              (--whole-archive)
zephyr/libzephyr.a(heap.c.obj)
                              (--whole-archive)
zephyr/libzephyr.a(cbprintf_packaged.c.obj)
                              (--whole-archive)
zephyr/libzephyr.a(printk.c.obj)
                              (--whole-archive)
zephyr/libzephyr.a(sem.c.obj)
                              (--whole-archive)
zephyr/libzephyr.a(thread_entry.c.obj)
                              (--whole-archive)
zephyr/libzephyr.a(cbprintf_complete.c.obj)
                              (--whole-archive)
zephyr/libzephyr.a(assert.c.obj)
                              (--whole-archive)
zephyr/libzephyr.a(mpsc_pbuf.c.obj)
                              (--whole-archive)
zephyr/libzephyr.a(reboot.c.obj)
                              (--whole-archive)
zephyr/libzephyr.a(dec.c.obj)
                              (--whole-archive)
zephyr/libzephyr.a(hex.c.obj)
                              (--whole-archive)
zephyr/libzephyr.a(rb.c.obj)  (--whole-archive)
zephyr/libzephyr.a(timeutil.c.obj)
                              (--whole-archive)
zephyr/libzephyr.a(bitarray.c.obj)
                              (--whole-archive)
zephyr/libzephyr.a(onoff.c.obj)
                              (--whole-archive)
zephyr/libzephyr.a(notify.c.obj)
                              (--whole-archive)
zephyr/libzephyr.a(ring_buffer.c.obj)
                              (--whole-archive)
zephyr/libzephyr.a(configs.c.obj)
                              (--whole-archive)
zephyr/libzephyr.a(ipc_service.c.obj)
                              (--whole-archive)
zephyr/libzephyr.a(ipc_icbmsg.c.obj)
                              (--whole-archive)
zephyr/libzephyr.a(icmsg.c.obj)
                              (--whole-archive)
zephyr/libzephyr.a(pbuf.c.obj)
                              (--whole-archive)
zephyr/libzephyr.a(log_core.c.obj)
                              (--whole-archive)
zephyr/libzephyr.a(log_mgmt.c.obj)
                              (--whole-archive)
zephyr/libzephyr.a(log_cache.c.obj)
                              (--whole-archive)
zephyr/libzephyr.a(log_msg.c.obj)
                              (--whole-archive)
zephyr/libzephyr.a(log_output.c.obj)
                              (--whole-archive)
zephyr/libzephyr.a(log_backend_uart.c.obj)
                              (--whole-archive)
zephyr/libzephyr.a(mem_attr.c.obj)
                              (--whole-archive)
zephyr/libzephyr.a(tracing_none.c.obj)
                              (--whole-archive)
zephyr/libzephyr.a(dis.c.obj)
                              (--whole-archive)
zephyr/libzephyr.a(hrs.c.obj)
                              (--whole-archive)
zephyr/libzephyr.a(bas.c.obj)
                              (--whole-archive)
zephyr/arch/common/libarch__common.a(sw_isr_common.c.obj)
                              (--whole-archive)
zephyr/arch/arch/arm/core/libarch__arm__core.a(fatal.c.obj)
                              (--whole-archive)
zephyr/arch/arch/arm/core/libarch__arm__core.a(nmi.c.obj)
                              (--whole-archive)
zephyr/arch/arch/arm/core/libarch__arm__core.a(nmi_on_reset.S.obj)
                              (--whole-archive)
zephyr/arch/arch/arm/core/libarch__arm__core.a(tls.c.obj)
                              (--whole-archive)
zephyr/arch/arch/arm/core/cortex_m/libarch__arm__core__cortex_m.a(exc_exit.c.obj)
                              (--whole-archive)
zephyr/arch/arch/arm/core/cortex_m/libarch__arm__core__cortex_m.a(fault.c.obj)
                              (--whole-archive)
zephyr/arch/arch/arm/core/cortex_m/libarch__arm__core__cortex_m.a(fault_s.S.obj)
                              (--whole-archive)
zephyr/arch/arch/arm/core/cortex_m/libarch__arm__core__cortex_m.a(fpu.c.obj)
                              (--whole-archive)
zephyr/arch/arch/arm/core/cortex_m/libarch__arm__core__cortex_m.a(reset.S.obj)
                              (--whole-archive)
zephyr/arch/arch/arm/core/cortex_m/libarch__arm__core__cortex_m.a(scb.c.obj)
                              (--whole-archive)
zephyr/arch/arch/arm/core/cortex_m/libarch__arm__core__cortex_m.a(thread_abort.c.obj)
                              (--whole-archive)
zephyr/arch/arch/arm/core/cortex_m/libarch__arm__core__cortex_m.a(vector_table.S.obj)
                              (--whole-archive)
zephyr/arch/arch/arm/core/cortex_m/libarch__arm__core__cortex_m.a(swap_helper.S.obj)
                              (--whole-archive)
zephyr/arch/arch/arm/core/cortex_m/libarch__arm__core__cortex_m.a(irq_manage.c.obj)
                              (--whole-archive)
zephyr/arch/arch/arm/core/cortex_m/libarch__arm__core__cortex_m.a(prep_c.c.obj)
[...]
Memory Configuration

Name             Origin             Length             Attributes
FLASH            0x0000000000050000 0x0000000000030000 xr
RAM              0x0000000020040000 0x0000000000030000 xw
IDT_LIST         0x00000000ffff7fff 0x0000000000008000 xw
*default*        0x0000000000000000 0xffffffffffffffff

Linker script and memory map

                0x000000000005f7e0                vfprintf = __l_vfprintf
                0x0000000000000000                vfscanf = __l_vfscanf
LOAD zephyr/CMakeFiles/zephyr_final.dir/misc/empty_file.c.obj
LOAD zephyr/CMakeFiles/zephyr_final.dir/isr_tables.c.obj
LOAD zephyr/CMakeFiles/offsets.dir/./arch/arm/core/offsets/offsets.c.obj
LOAD tfm/api_ns/interface/lib/s_veneers.o
LOAD app/libapp.a
LOAD zephyr/libzephyr.a
LOAD zephyr/arch/common/libarch__common.a
LOAD zephyr/arch/arch/arm/core/libarch__arm__core.a
LOAD zephyr/arch/arch/arm/core/cortex_m/libarch__arm__core__cortex_m.a
LOAD zephyr/arch/arch/arm/core/cortex_m/cmse/libarch__arm__core__cortex_m__cmse.a
LOAD zephyr/arch/arch/arm/core/mpu/libarch__arm__core__mpu.a
LOAD zephyr/lib/libc/picolibc/liblib__libc__picolibc.a
LOAD zephyr/lib/libc/common/liblib__libc__common.a
LOAD zephyr/lib/net_buf/liblib__net_buf.a
LOAD zephyr/soc/soc/nrf5340/libsoc__nordic.a
LOAD zephyr/subsys/bluetooth/common/libsubsys__bluetooth__common.a
LOAD zephyr/subsys/bluetooth/host/libsubsys__bluetooth__host.a
LOAD zephyr/subsys/bluetooth/crypto/libsubsys__bluetooth__crypto.a
LOAD zephyr/drivers/bluetooth/libdrivers__bluetooth.a
LOAD zephyr/drivers/clock_control/libdrivers__clock_control.a
LOAD zephyr/drivers/console/libdrivers__console.a
LOAD zephyr/drivers/gpio/libdrivers__gpio.a
LOAD zephyr/drivers/mbox/libdrivers__mbox.a
LOAD zephyr/drivers/pinctrl/libdrivers__pinctrl.a
LOAD zephyr/drivers/serial/libdrivers__serial.a
LOAD zephyr/drivers/timer/libdrivers__timer.a
LOAD modules/hal_nordic/nrfx/libmodules__hal_nordic__nrfx.a
LOAD modules/mbedtls/libmbedTLSBase.a
LOAD modules/mbedtls/libmbedTLSCrypto.a
LOAD modules/mbedtls/libmbedTLSX509.a
LOAD modules/mbedtls/libmodules__mbedtls.a
LOAD modules/trusted-firmware-m/libtfm_api.a
LOAD zephyr/kernel/libkernel.a
LOAD zephyr/arch/common/libisr_tables.a
LOAD modules/mbedtls/libmbedTLSBase.a
LOAD modules/mbedtls/libmbedTLSCrypto.a
LOAD modules/trusted-firmware-m/libtfm_api.a
LOAD modules/mbedtls/libmbedTLSX509.a
LOAD /home/blanc/zephyr-sdk-0.17.0/arm-zephyr-eabi/bin/../lib/gcc/../../picolibc/arm-zephyr-eabi/lib/thumb/v8-m.main/nofp/libc.a
LOAD /home/blanc/zephyr-sdk-0.17.0/arm-zephyr-eabi/bin/../lib/gcc/arm-zephyr-eabi/12.2.0/thumb/v8-m.main/nofp/libgcc.a
                0x0000000000000020                _region_min_align = 0x20

.rel.plt        0x0000000000050000        0x0
 *(SORT_BY_ALIGNMENT(.rel.plt))
                [!provide]                        PROVIDE (__rel_iplt_start = .)
 *(SORT_BY_ALIGNMENT(.rel.iplt))
 .rel.iplt      0x0000000000050000        0x0 zephyr/CMakeFiles/zephyr_final.dir/isr_tables.c.obj
                [!provide]                        PROVIDE (__rel_iplt_end = .)

.rela.plt       0x0000000000000000        0x0
 *(SORT_BY_ALIGNMENT(.rela.plt))
                [!provide]                        PROVIDE (__rela_iplt_start = .)
 *(SORT_BY_ALIGNMENT(.rela.iplt))
                [!provide]                        PROVIDE (__rela_iplt_end = .)

.rel.dyn
 *(SORT_BY_ALIGNMENT(.rel.*))

.rela.dyn
 *(SORT_BY_ALIGNMENT(.rela.*))

/DISCARD/
 *(SORT_BY_ALIGNMENT(.plt))

/DISCARD/
 *(SORT_BY_ALIGNMENT(.iplt))
                0x0000000000050000                __rom_region_start = 0x50000

rom_start       0x0000000000050000      0x554
                0x0000000000050000                __rom_start_address = .
 FILL mask 0x00
                0x0000000000050400                . = (. + (0x400 - (. - __rom_start_address)))
 *fill*         0x0000000000050000      0x400 00
                0x0000000000050400                . = ALIGN (0x4)
                0x0000000000050400                . = ALIGN (0x80)
                0x0000000000050400                . = ALIGN (0x200)
                0x0000000000050400                _vector_start = .
 *(SORT_BY_ALIGNMENT(.exc_vector_table))
 *(SORT_BY_ALIGNMENT(.exc_vector_table.*))
 .exc_vector_table._vector_table_section
                0x0000000000050400       0x40 zephyr/arch/arch/arm/core/cortex_m/libarch__arm__core__cortex_m.a(vector_table.S.obj)
                0x0000000000050400                _vector_table
 *(SORT_BY_ALIGNMENT(.vectors))
                0x0000000000050554                _vector_end = .
                0x0000000000050440                . = ALIGN (0x4)
 *(SORT_BY_ALIGNMENT(.gnu.linkonce.irq_vector_table*))
 .gnu.linkonce.irq_vector_table
                0x0000000000050440      0x114 zephyr/CMakeFiles/zephyr_final.dir/isr_tables.c.obj
                0x0000000000050440                _irq_vector_table
                0x0000000000050554                _vector_end = .

text            0x0000000000050558    0x14004
                0x0000000000050558                __text_region_start = .
 *(SORT_BY_ALIGNMENT(.text))
 .text          0x0000000000050558       0x10 /home/blanc/zephyr-sdk-0.17.0/arm-zephyr-eabi/bin/../lib/gcc/../../picolibc/arm-zephyr-eabi/lib/thumb/v8-m.main/nofp/libc.a(strcpy.S.o)
                0x0000000000050558                strcpy
 .text          0x0000000000050568       0x10 /home/blanc/zephyr-sdk-0.17.0/arm-zephyr-eabi/bin/../lib/gcc/../../picolibc/arm-zephyr-eabi/lib/thumb/v8-m.main/nofp/libc.a(strlen.S.o)
                0x0000000000050568                strlen
 *(SORT_BY_ALIGNMENT(.text.*))
 .text.bt_init  0x0000000000050578      0x594 zephyr/subsys/bluetooth/host/libsubsys__bluetooth__host.a(hci_core.c.obj)
 .text.hrs_ntf_changed
                0x0000000000050b0c       0x24 app/libapp.a(main.c.obj)
 .text.pairing_complete
                0x0000000000050b30        0xc app/libapp.a(main.c.obj)
 .text.pairing_failed
                0x0000000000050b3c       0x1c app/libapp.a(main.c.obj)
 .text.start_adv
                0x0000000000050b58       0x4c app/libapp.a(main.c.obj)
 .text.bt_addr_le_to_str.constprop.0.isra.0
                0x0000000000050ba4       0x78 app/libapp.a(main.c.obj)
 .text.security_changed
                0x0000000000050c1c       0x40 app/libapp.a(main.c.obj)
 .text.auth_cancel
                0x0000000000050c5c       0x20 app/libapp.a(main.c.obj)
 .text.auth_passkey_display
                0x0000000000050c7c       0x24 app/libapp.a(main.c.obj)
 .text.disconnected
                0x0000000000050ca0       0x2c app/libapp.a(main.c.obj)
 .text.connected
                0x0000000000050ccc       0x50 app/libapp.a(main.c.obj)
 .text.main     0x0000000000050d1c       0xf8 app/libapp.a(main.c.obj)
                0x0000000000050d1c                main
 .text.att_get_iat
                0x0000000000050e14       0x8c app/libapp.a(psa_attestation.c.obj)
                0x0000000000050e14                att_get_iat
 .text.att_test
                0x0000000000050ea0       0x6c app/libapp.a(psa_attestation.c.obj)
                0x0000000000050ea0                att_test
 .text.sf_hex_tabulate_16
                0x0000000000050f0c      0x154 app/libapp.a(util_sformat.c.obj)
                0x0000000000050f0c                sf_hex_tabulate_16
 .text.al_psa_status
                0x0000000000051060      0x138 app/libapp.a(util_app_log.c.obj)
                0x0000000000051060                al_psa_status
 .text.cbvprintf_package
                0x0000000000051198      0x3a4 zephyr/libzephyr.a(cbprintf_packaged.c.obj)
                0x0000000000051198                cbvprintf_package
 .text.cbprintf_package_convert
                0x000000000005153c      0x3cc zephyr/libzephyr.a(cbprintf_packaged.c.obj)
                0x000000000005153c                cbprintf_package_convert
 .text.__printk_hook_install
                0x0000000000051908        0xc zephyr/libzephyr.a(printk.c.obj)
                0x0000000000051908                __printk_hook_install
 .text.z_thread_entry
                0x0000000000051914       0x34 zephyr/libzephyr.a(thread_entry.c.obj)
                0x0000000000051914                z_thread_entry
 .text.process_event
                0x0000000000051948      0x21c zephyr/libzephyr.a(onoff.c.obj)
 .text.ipc_service_open_instance
                0x0000000000051b64       0x40 zephyr/libzephyr.a(ipc_service.c.obj)
                0x0000000000051b64                ipc_service_open_instance
 .text.ipc_service_close_instance
                0x0000000000051ba4       0x40 zephyr/libzephyr.a(ipc_service.c.obj)
                0x0000000000051ba4                ipc_service_close_instance
 .text.ipc_service_register_endpoint
                0x0000000000051be4       0x44 zephyr/libzephyr.a(ipc_service.c.obj)
                0x0000000000051be4                ipc_service_register_endpoint
 .text.ipc_service_deregister_endpoint
                0x0000000000051c28       0x58 zephyr/libzephyr.a(ipc_service.c.obj)
                0x0000000000051c28                ipc_service_deregister_endpoint
 .text.ipc_service_send
                0x0000000000051c80       0x5c zephyr/libzephyr.a(ipc_service.c.obj)
                0x0000000000051c80                ipc_service_send
 .text.open     0x0000000000051cdc       0x14 zephyr/libzephyr.a(ipc_icbmsg.c.obj)
 .text.alloc_tx_buffer
                0x0000000000051cf0      0x104 zephyr/libzephyr.a(ipc_icbmsg.c.obj)
 .text.received_release_data.part.0
                0x0000000000051df4       0x1c zephyr/libzephyr.a(ipc_icbmsg.c.obj)
 .text.send_control_message
                0x0000000000051e10       0x58 zephyr/libzephyr.a(ipc_icbmsg.c.obj)
 .text.backend_init
                0x0000000000051e68       0x80 zephyr/libzephyr.a(ipc_icbmsg.c.obj)
 .text.buffer_from_index_validate
                0x0000000000051ee8       0x5c zephyr/libzephyr.a(ipc_icbmsg.c.obj)
 .text.buffer_to_index_validate.part.0
                0x0000000000051f44       0x1c zephyr/libzephyr.a(ipc_icbmsg.c.obj)
 .text.release_tx_blocks
                0x0000000000051f60       0x78 zephyr/libzephyr.a(ipc_icbmsg.c.obj)
 .text.control_bound
                0x0000000000051fd8       0x24 zephyr/libzephyr.a(ipc_icbmsg.c.obj)
 .text.register_ept
                0x0000000000051ffc       0xb8 zephyr/libzephyr.a(ipc_icbmsg.c.obj)
 .text.ept_bound_process
                0x00000000000520b4      0x224 zephyr/libzephyr.a(ipc_icbmsg.c.obj)
 .text.get_ept_and_rx_validate
                0x00000000000522d8       0x90 zephyr/libzephyr.a(ipc_icbmsg.c.obj)
 .text.control_received
                0x0000000000052368      0x128 zephyr/libzephyr.a(ipc_icbmsg.c.obj)
 .text.work_q_init
                0x0000000000052490       0x30 zephyr/libzephyr.a(icmsg.c.obj)
 .text.mbox_callback
                0x00000000000524c0       0x10 zephyr/libzephyr.a(icmsg.c.obj)
 .text.notify_process
                0x00000000000524d0       0x38 zephyr/libzephyr.a(icmsg.c.obj)
 .text.mbox_callback_process
                0x0000000000052508       0x94 zephyr/libzephyr.a(icmsg.c.obj)
 .text.icmsg_open
                0x000000000005259c       0xc8 zephyr/libzephyr.a(icmsg.c.obj)
                0x000000000005259c                icmsg_open
 .text.activate_foreach_backend
                0x0000000000052664       0x64 zephyr/libzephyr.a(log_core.c.obj)
 .text.enable_logger
                0x00000000000526c8       0x5c zephyr/libzephyr.a(log_core.c.obj)
 .text.log_process_thread_timer_expiry_fn
                0x0000000000052724        0xc zephyr/libzephyr.a(log_core.c.obj)
 .text.z_log_init
                0x0000000000052730       0x8c zephyr/libzephyr.a(log_core.c.obj)
 .text.log_format_func_t_get
                0x00000000000527bc        0xc zephyr/libzephyr.a(log_core.c.obj)
                0x00000000000527bc                log_format_func_t_get
 .text.log_set_timestamp_func
                0x00000000000527c8       0x20 zephyr/libzephyr.a(log_core.c.obj)
                0x00000000000527c8                log_set_timestamp_func
 .text.z_log_notify_backend_enabled
                0x00000000000527e8       0x1c zephyr/libzephyr.a(log_core.c.obj)
                0x00000000000527e8                z_log_notify_backend_enabled
 .text.z_log_dropped
                0x0000000000052804       0x3c zephyr/libzephyr.a(log_core.c.obj)
                0x0000000000052804                z_log_dropped
 .text.z_log_dropped_read_and_clear
                0x0000000000052840       0x18 zephyr/libzephyr.a(log_core.c.obj)
                0x0000000000052840                z_log_dropped_read_and_clear
 .text.dropped_notify
                0x0000000000052858       0x30 zephyr/libzephyr.a(log_core.c.obj)
                0x0000000000052858                dropped_notify
 .text.z_log_msg_init
                0x0000000000052888       0x20 zephyr/libzephyr.a(log_core.c.obj)
                0x0000000000052888                z_log_msg_init
 .text.log_core_init
                0x00000000000528a8       0x34 zephyr/libzephyr.a(log_core.c.obj)
                0x00000000000528a8                log_core_init
 .text.z_log_msg_alloc
                0x00000000000528dc       0x10 zephyr/libzephyr.a(log_core.c.obj)
                0x00000000000528dc                z_log_msg_alloc
 .text.z_log_msg_local_claim
                0x00000000000528ec        0xc zephyr/libzephyr.a(log_core.c.obj)
                0x00000000000528ec                z_log_msg_local_claim
 .text.z_log_msg_free
                0x00000000000528f8       0x10 zephyr/libzephyr.a(log_core.c.obj)
                0x00000000000528f8                z_log_msg_free
 .text.z_log_msg_pending
                0x0000000000052908        0xc zephyr/libzephyr.a(log_core.c.obj)
                0x0000000000052908                z_log_msg_pending
 .text.z_impl_log_process
                0x0000000000052914       0xa0 zephyr/libzephyr.a(log_core.c.obj)
                0x0000000000052914                z_impl_log_process
 .text.z_impl_log_panic
                0x00000000000529b4       0x44 zephyr/libzephyr.a(log_core.c.obj)
                0x00000000000529b4                z_impl_log_panic
 .text.log_process_thread_func
                0x00000000000529f8       0xa4 zephyr/libzephyr.a(log_core.c.obj)
 .text.z_log_msg_post_finalize
                0x0000000000052a9c       0x78 zephyr/libzephyr.a(log_core.c.obj)
 .text.z_log_msg_commit
                0x0000000000052b14       0x24 zephyr/libzephyr.a(log_core.c.obj)
                0x0000000000052b14                z_log_msg_commit
 .text.log_source_name_get
                0x0000000000052b38       0x1c zephyr/libzephyr.a(log_mgmt.c.obj)
                0x0000000000052b38                log_source_name_get
 .text.log_backend_enable
                0x0000000000052b54       0x28 zephyr/libzephyr.a(log_mgmt.c.obj)
                0x0000000000052b54                log_backend_enable
 .text.z_impl_z_log_msg_static_create
                0x0000000000052b7c      0x108 zephyr/libzephyr.a(log_msg.c.obj)
                0x0000000000052b7c                z_impl_z_log_msg_static_create
 .text.z_log_msg_runtime_vcreate
                0x0000000000052c84       0xa0 zephyr/libzephyr.a(log_msg.c.obj)
                0x0000000000052c84                z_log_msg_runtime_vcreate
 .text.log_msg_get_source_id
                0x0000000000052d24       0x18 zephyr/libzephyr.a(log_msg.c.obj)
                0x0000000000052d24                log_msg_get_source_id
 .text.print_formatted
                0x0000000000052d3c       0x24 zephyr/libzephyr.a(log_output.c.obj)
 .text.newline_print
                0x0000000000052d60       0x1c zephyr/libzephyr.a(log_output.c.obj)
 .text.log_output_process
                0x0000000000052d7c      0x2d4 zephyr/libzephyr.a(log_output.c.obj)
                0x0000000000052d7c                log_output_process
 .text.log_output_dropped_process
                0x0000000000053050       0x58 zephyr/libzephyr.a(log_output.c.obj)
                0x0000000000053050                log_output_dropped_process
 .text.log_output_timestamp_freq_set
                0x00000000000530a8       0x2c zephyr/libzephyr.a(log_output.c.obj)
                0x00000000000530a8                log_output_timestamp_freq_set
 .text.char_out
                0x00000000000530d4       0x24 zephyr/libzephyr.a(log_backend_uart.c.obj)
 .text.mem_attr_get_regions
                0x00000000000530f8        0xc zephyr/libzephyr.a(mem_attr.c.obj)
                0x00000000000530f8                mem_attr_get_regions
 .text.hrs_init
                0x0000000000053104       0x10 zephyr/libzephyr.a(hrs.c.obj)
 .text.read_blsc
                0x0000000000053114       0x1c zephyr/libzephyr.a(hrs.c.obj)
 .text.hrmc_ccc_cfg_changed
                0x0000000000053130       0x6c zephyr/libzephyr.a(hrs.c.obj)
 .text.ctrl_point_write
                0x000000000005319c       0x54 zephyr/libzephyr.a(hrs.c.obj)
 .text.bt_hrs_cb_register
                0x00000000000531f0       0x28 zephyr/libzephyr.a(hrs.c.obj)
                0x00000000000531f0                bt_hrs_cb_register
 .text.bt_hrs_notify
                0x0000000000053218       0x40 zephyr/libzephyr.a(hrs.c.obj)
                0x0000000000053218                bt_hrs_notify
 .text.read_blvl
                0x0000000000053258       0x28 zephyr/libzephyr.a(bas.c.obj)
 .text.blvl_ccc_cfg_changed
                0x0000000000053280       0x48 zephyr/libzephyr.a(bas.c.obj)
 .text.bt_bas_get_battery_level
                0x00000000000532c8        0xc zephyr/libzephyr.a(bas.c.obj)
                0x00000000000532c8                bt_bas_get_battery_level
 .text.bt_bas_set_battery_level
                0x00000000000532d4       0x50 zephyr/libzephyr.a(bas.c.obj)
                0x00000000000532d4                bt_bas_set_battery_level
 .text.z_arm_fatal_error
                0x0000000000053324       0xb8 zephyr/arch/arch/arm/core/libarch__arm__core.a(fatal.c.obj)
                0x0000000000053324                z_arm_fatal_error
 .text.z_SysNmiOnReset
                0x00000000000533dc        0x8 zephyr/arch/arch/arm/core/libarch__arm__core.a(nmi_on_reset.S.obj)
                0x00000000000533dc                z_SysNmiOnReset
 .text.arch_tls_stack_setup
                0x00000000000533e4       0x40 zephyr/arch/arch/arm/core/libarch__arm__core.a(tls.c.obj)
                0x00000000000533e4                arch_tls_stack_setup
 .text._HandlerModeExit
                0x0000000000053424       0x28 zephyr/arch/arch/arm/core/cortex_m/libarch__arm__core__cortex_m.a(exc_exit.c.obj)
                0x0000000000053424                z_arm_exc_exit
                0x0000000000053424                z_arm_int_exit
 .text.mem_manage_fault.constprop.0
                0x000000000005344c       0xd0 zephyr/arch/arch/arm/core/cortex_m/libarch__arm__core__cortex_m.a(fault.c.obj)
 .text.usage_fault.constprop.0
                0x000000000005351c       0xbc zephyr/arch/arch/arm/core/cortex_m/libarch__arm__core__cortex_m.a(fault.c.obj)
 .text.bus_fault.constprop.0
                0x00000000000535d8       0xd0 zephyr/arch/arch/arm/core/cortex_m/libarch__arm__core__cortex_m.a(fault.c.obj)
 .text.z_arm_fault
                0x00000000000536a8      0x1e0 zephyr/arch/arch/arm/core/cortex_m/libarch__arm__core__cortex_m.a(fault.c.obj)
                0x00000000000536a8                z_arm_fault
 .text.z_arm_fault_init
                0x0000000000053888       0x20 zephyr/arch/arch/arm/core/cortex_m/libarch__arm__core__cortex_m.a(fault.c.obj)
                0x0000000000053888                z_arm_fault_init
 .text.__fault  0x00000000000538a8       0x14 zephyr/arch/arch/arm/core/cortex_m/libarch__arm__core__cortex_m.a(fault_s.S.obj)
                0x00000000000538a8                z_arm_bus_fault
                0x00000000000538a8                z_arm_usage_fault
                0x00000000000538a8                z_arm_mpu_fault
                0x00000000000538a8                z_arm_exc_spurious
                0x00000000000538a8                z_arm_debug_monitor
                0x00000000000538a8                z_arm_hard_fault
 .text._reset_section
                0x00000000000538bc       0x60 zephyr/arch/arch/arm/core/cortex_m/libarch__arm__core__cortex_m.a(reset.S.obj)
                0x00000000000538bc                z_arm_reset
                0x00000000000538bc                __start
 .text.z_arm_clear_arm_mpu_config
                0x000000000005391c       0x24 zephyr/arch/arch/arm/core/cortex_m/libarch__arm__core__cortex_m.a(scb.c.obj)
                0x000000000005391c                z_arm_clear_arm_mpu_config
 .text.z_arm_init_arch_hw_at_boot
                0x0000000000053940       0x4c zephyr/arch/arch/arm/core/cortex_m/libarch__arm__core__cortex_m.a(scb.c.obj)
                0x0000000000053940                z_arm_init_arch_hw_at_boot
 .text.z_impl_k_thread_abort
                0x000000000005398c       0x2c zephyr/arch/arch/arm/core/cortex_m/libarch__arm__core__cortex_m.a(thread_abort.c.obj)
                0x000000000005398c                z_impl_k_thread_abort
 .text.z_arm_pendsv
                0x00000000000539b8       0x70 zephyr/arch/arch/arm/core/cortex_m/libarch__arm__core__cortex_m.a(swap_helper.S.obj)
                0x00000000000539b8                z_arm_pendsv
 .text.z_arm_svc
                0x0000000000053a28       0x24 zephyr/arch/arch/arm/core/cortex_m/libarch__arm__core__cortex_m.a(swap_helper.S.obj)
                0x0000000000053a28                z_arm_svc
 .text.arch_irq_enable
                0x0000000000053a4c       0x1c zephyr/arch/arch/arm/core/cortex_m/libarch__arm__core__cortex_m.a(irq_manage.c.obj)
                0x0000000000053a4c                arch_irq_enable
 .text.arch_irq_disable
                0x0000000000053a68       0x28 zephyr/arch/arch/arm/core/cortex_m/libarch__arm__core__cortex_m.a(irq_manage.c.obj)
                0x0000000000053a68                arch_irq_disable
 .text.arch_irq_is_enabled
                0x0000000000053a90       0x1c zephyr/arch/arch/arm/core/cortex_m/libarch__arm__core__cortex_m.a(irq_manage.c.obj)
                0x0000000000053a90                arch_irq_is_enabled
 .text.z_arm_irq_priority_set
                0x0000000000053aac       0x2c zephyr/arch/arch/arm/core/cortex_m/libarch__arm__core__cortex_m.a(irq_manage.c.obj)
                0x0000000000053aac                z_arm_irq_priority_set
 .text.z_prep_c
                0x0000000000053ad8       0x38 zephyr/arch/arch/arm/core/cortex_m/libarch__arm__core__cortex_m.a(prep_c.c.obj)
                0x0000000000053ad8                z_prep_c
 .text.arch_new_thread
                0x0000000000053b10       0x40 zephyr/arch/arch/arm/core/cortex_m/libarch__arm__core__cortex_m.a(thread.c.obj)
                0x0000000000053b10                arch_new_thread
 .text.arch_switch_to_main_thread
                0x0000000000053b50       0x40 zephyr/arch/arch/arm/core/cortex_m/libarch__arm__core__cortex_m.a(thread.c.obj)
                0x0000000000053b50                arch_switch_to_main_thread
 .text.z_arm_cpu_idle_init
                0x0000000000053b90        0xc zephyr/arch/arch/arm/core/cortex_m/libarch__arm__core__cortex_m.a(cpu_idle.c.obj)
                0x0000000000053b90                z_arm_cpu_idle_init
 .text.z_arm_interrupt_init
                0x0000000000053b9c       0x18 zephyr/arch/arch/arm/core/cortex_m/libarch__arm__core__cortex_m.a(irq_init.c.obj)
                0x0000000000053b9c                z_arm_interrupt_init
 .text._isr_wrapper
                0x0000000000053bb4       0x24 zephyr/arch/arch/arm/core/cortex_m/libarch__arm__core__cortex_m.a(isr_wrapper.c.obj)
                0x0000000000053bb4                _isr_wrapper
 .text.z_arm_configure_static_mpu_regions
                0x0000000000053bd8       0x38 zephyr/arch/arch/arm/core/mpu/libarch__arm__core__mpu.a(arm_core_mpu.c.obj)
                0x0000000000053bd8                z_arm_configure_static_mpu_regions
 .text.region_init
                0x0000000000053c10       0x34 zephyr/arch/arch/arm/core/mpu/libarch__arm__core__mpu.a(arm_mpu.c.obj)
 .text.region_allocate_and_init
                0x0000000000053c44       0x38 zephyr/arch/arch/arm/core/mpu/libarch__arm__core__mpu.a(arm_mpu.c.obj)
 .text.mpu_configure_regions_and_partition.constprop.0
                0x0000000000053c7c      0x164 zephyr/arch/arch/arm/core/mpu/libarch__arm__core__mpu.a(arm_mpu.c.obj)
 .text.arm_core_mpu_enable
                0x0000000000053de0       0x18 zephyr/arch/arch/arm/core/mpu/libarch__arm__core__mpu.a(arm_mpu.c.obj)
                0x0000000000053de0                arm_core_mpu_enable
 .text.arm_core_mpu_disable
                0x0000000000053df8       0x14 zephyr/arch/arch/arm/core/mpu/libarch__arm__core__mpu.a(arm_mpu.c.obj)
                0x0000000000053df8                arm_core_mpu_disable
 .text.arm_core_mpu_configure_static_mpu_regions
                0x0000000000053e0c       0x14 zephyr/arch/arch/arm/core/mpu/libarch__arm__core__mpu.a(arm_mpu.c.obj)
                0x0000000000053e0c                arm_core_mpu_configure_static_mpu_regions
 .text.arm_core_mpu_mark_areas_for_dynamic_regions
                0x0000000000053e20       0xb8 zephyr/arch/arch/arm/core/mpu/libarch__arm__core__mpu.a(arm_mpu.c.obj)
                0x0000000000053e20                arm_core_mpu_mark_areas_for_dynamic_regions
 .text.z_arm_mpu_init
                0x0000000000053ed8      0x11c zephyr/arch/arch/arm/core/mpu/libarch__arm__core__mpu.a(arm_mpu.c.obj)
                0x0000000000053ed8                z_arm_mpu_init
 .text.cbvprintf
                0x0000000000053ff4       0x38 zephyr/lib/libc/picolibc/liblib__libc__picolibc.a(cbprintf.c.obj)
                0x0000000000053ff4                cbvprintf
 .text.z_impl_zephyr_fputc
                0x000000000005402c       0x10 zephyr/lib/libc/picolibc/liblib__libc__picolibc.a(stdio.c.obj)
                0x000000000005402c                z_impl_zephyr_fputc
 .text.__stdout_hook_install
                0x000000000005403c       0x18 zephyr/lib/libc/picolibc/liblib__libc__picolibc.a(stdio.c.obj)
                0x000000000005403c                __stdout_hook_install
 .text.malloc_prepare
                0x0000000000054054       0x24 zephyr/lib/libc/common/liblib__libc__common.a(malloc.c.obj)
 .text.net_buf_destroy
                0x0000000000054078       0x38 zephyr/lib/net_buf/liblib__net_buf.a(buf.c.obj)
 .text.net_buf_pool_get
                0x00000000000540b0       0x10 zephyr/lib/net_buf/liblib__net_buf.a(buf.c.obj)
                0x00000000000540b0                net_buf_pool_get
 .text.net_buf_id
                0x00000000000540c0       0x20 zephyr/lib/net_buf/liblib__net_buf.a(buf.c.obj)
                0x00000000000540c0                net_buf_id
 .text.fixed_data_alloc
                0x00000000000540e0       0x24 zephyr/lib/net_buf/liblib__net_buf.a(buf.c.obj)
 .text.net_buf_alloc_len
                0x0000000000054104       0xfc zephyr/lib/net_buf/liblib__net_buf.a(buf.c.obj)
                0x0000000000054104                net_buf_alloc_len
 .text.net_buf_unref
                0x0000000000054200       0x38 zephyr/lib/net_buf/liblib__net_buf.a(buf.c.obj)
                0x0000000000054200                net_buf_unref
 .text.rtc_pretick_init
                0x0000000000054238       0x60 zephyr/soc/soc/nrf5340/libsoc__nordic.a(soc.c.obj)
 .text.z_arm_on_enter_cpu_idle
                0x0000000000054298       0x68 zephyr/soc/soc/nrf5340/libsoc__nordic.a(soc.c.obj)
                0x0000000000054298                z_arm_on_enter_cpu_idle
 .text.arch_busy_wait
                0x0000000000054300       0x24 zephyr/soc/soc/nrf5340/libsoc__nordic.a(soc.c.obj)
                0x0000000000054300                arch_busy_wait
 .text.onoff_stop
                0x0000000000054324       0x14 zephyr/soc/soc/nrf5340/libsoc__nordic.a(nrf53_cpunet_mgmt.c.obj)
 .text.nrf53_cpunet_mgmt_init
                0x0000000000054338       0x10 zephyr/soc/soc/nrf5340/libsoc__nordic.a(nrf53_cpunet_mgmt.c.obj)
 .text.onoff_start
                0x0000000000054348       0x70 zephyr/soc/soc/nrf5340/libsoc__nordic.a(nrf53_cpunet_mgmt.c.obj)
 .text.nrf53_cpunet_enable
                0x00000000000543b8       0x34 zephyr/soc/soc/nrf5340/libsoc__nordic.a(nrf53_cpunet_mgmt.c.obj)
                0x00000000000543b8                nrf53_cpunet_enable
 .text.bt_hex   0x00000000000543ec       0x44 zephyr/subsys/bluetooth/common/libsubsys__bluetooth__common.a(bt_str.c.obj)
                0x00000000000543ec                bt_hex
 .text.bt_addr_le_str
                0x0000000000054430       0x7c zephyr/subsys/bluetooth/common/libsubsys__bluetooth__common.a(bt_str.c.obj)
                0x0000000000054430                bt_addr_le_str
 .text.long_wq_init
                0x00000000000544ac       0x38 zephyr/subsys/bluetooth/host/libsubsys__bluetooth__host.a(long_wq.c.obj)
 .text.bt_long_wq_schedule
                0x00000000000544e4        0xc zephyr/subsys/bluetooth/host/libsubsys__bluetooth__host.a(long_wq.c.obj)
                0x00000000000544e4                bt_long_wq_schedule
 .text.bt_long_wq_submit
                0x00000000000544f0        0xc zephyr/subsys/bluetooth/host/libsubsys__bluetooth__host.a(long_wq.c.obj)
                0x00000000000544f0                bt_long_wq_submit
 .text.uuid_to_uuid128
                0x00000000000544fc       0x78 zephyr/subsys/bluetooth/host/libsubsys__bluetooth__host.a(uuid.c.obj)
 .text.buf_rx_freed_notify
                0x0000000000054574       0x20 zephyr/subsys/bluetooth/host/libsubsys__bluetooth__host.a(buf.c.obj)
 .text.bt_buf_get_rx
                0x0000000000054594       0x2c zephyr/subsys/bluetooth/host/libsubsys__bluetooth__host.a(buf.c.obj)
                0x0000000000054594                bt_buf_get_rx
 .text.bt_buf_get_evt
                0x00000000000545c0       0x40 zephyr/subsys/bluetooth/host/libsubsys__bluetooth__host.a(buf.c.obj)
                0x00000000000545c0                bt_buf_get_evt
 .text.hci_data_buf_overflow
                0x0000000000054600       0x18 zephyr/subsys/bluetooth/host/libsubsys__bluetooth__host.a(hci_core.c.obj)
 .text.hci_disconn_complete_prio
                0x0000000000054618       0x4c zephyr/subsys/bluetooth/host/libsubsys__bluetooth__host.a(hci_core.c.obj)
 .text.hci_disconn_complete
                0x0000000000054664       0x44 zephyr/subsys/bluetooth/host/libsubsys__bluetooth__host.a(hci_core.c.obj)
 .text.le_phy_update_complete
                0x00000000000546a8       0x34 zephyr/subsys/bluetooth/host/libsubsys__bluetooth__host.a(hci_core.c.obj)
 .text.le_data_len_change
                0x00000000000546dc       0x30 zephyr/subsys/bluetooth/host/libsubsys__bluetooth__host.a(hci_core.c.obj)
 .text.hci_hardware_error
                0x000000000005470c       0x24 zephyr/subsys/bluetooth/host/libsubsys__bluetooth__host.a(hci_core.c.obj)
 .text.rx_queue_put
                0x0000000000054730       0x3c zephyr/subsys/bluetooth/host/libsubsys__bluetooth__host.a(hci_core.c.obj)
 .text.find_pending_connect.part.0
                0x000000000005476c       0x2c zephyr/subsys/bluetooth/host/libsubsys__bluetooth__host.a(hci_core.c.obj)
 .text.le_conn_param_neg_reply.part.0
                0x0000000000054798       0x14 zephyr/subsys/bluetooth/host/libsubsys__bluetooth__host.a(hci_core.c.obj)
 .text.handle_event.part.0
                0x00000000000547ac       0x48 zephyr/subsys/bluetooth/host/libsubsys__bluetooth__host.a(hci_core.c.obj)
 .text.le_remote_feat_complete
                0x00000000000547f4       0x54 zephyr/subsys/bluetooth/host/libsubsys__bluetooth__host.a(hci_core.c.obj)
 .text.enh_conn_complete_error_handle
                0x0000000000054848       0x80 zephyr/subsys/bluetooth/host/libsubsys__bluetooth__host.a(hci_core.c.obj)
 .text.handle_event_common
                0x00000000000548c8       0x50 zephyr/subsys/bluetooth/host/libsubsys__bluetooth__host.a(hci_core.c.obj)
 .text.rx_work_handler
                0x0000000000054918      0x134 zephyr/subsys/bluetooth/host/libsubsys__bluetooth__host.a(hci_core.c.obj)
 .text.hci_le_meta_event
                0x0000000000054a4c       0x20 zephyr/subsys/bluetooth/host/libsubsys__bluetooth__host.a(hci_core.c.obj)
 .text.hci_vendor_event
                0x0000000000054a6c       0x68 zephyr/subsys/bluetooth/host/libsubsys__bluetooth__host.a(hci_core.c.obj)
 .text.hci_cmd_done.part.0
                0x0000000000054ad4      0x138 zephyr/subsys/bluetooth/host/libsubsys__bluetooth__host.a(hci_core.c.obj)
 .text.hci_num_completed_packets
                0x0000000000054c0c       0xec zephyr/subsys/bluetooth/host/libsubsys__bluetooth__host.a(hci_core.c.obj)
 .text.le_conn_update_complete
                0x0000000000054cf8      0x118 zephyr/subsys/bluetooth/host/libsubsys__bluetooth__host.a(hci_core.c.obj)
 .text.bt_hci_cmd_state_set_init
                0x0000000000054e10       0x24 zephyr/subsys/bluetooth/host/libsubsys__bluetooth__host.a(hci_core.c.obj)
                0x0000000000054e10                bt_hci_cmd_state_set_init
 .text.bt_hci_cmd_create
                0x0000000000054e34       0x78 zephyr/subsys/bluetooth/host/libsubsys__bluetooth__host.a(hci_core.c.obj)
                0x0000000000054e34                bt_hci_cmd_create
 .text.bt_security_err_get
                0x0000000000054eac       0x10 zephyr/subsys/bluetooth/host/libsubsys__bluetooth__host.a(hci_core.c.obj)
                0x0000000000054eac                bt_security_err_get
 .text.hci_encrypt_key_refresh_complete
                0x0000000000054ebc       0x88 zephyr/subsys/bluetooth/host/libsubsys__bluetooth__host.a(hci_core.c.obj)
 .text.hci_encrypt_change
                0x0000000000054f44       0xb0 zephyr/subsys/bluetooth/host/libsubsys__bluetooth__host.a(hci_core.c.obj)
 .text.bt_hci_get_ver_str
                0x0000000000054ff4       0x3c zephyr/subsys/bluetooth/host/libsubsys__bluetooth__host.a(hci_core.c.obj)
                0x0000000000054ff4                bt_hci_get_ver_str
 .text.bt_send  0x0000000000055030       0x14 zephyr/subsys/bluetooth/host/libsubsys__bluetooth__host.a(hci_core.c.obj)
                0x0000000000055030                bt_send
 .text.hci_event_prio
                0x0000000000055044       0xa0 zephyr/subsys/bluetooth/host/libsubsys__bluetooth__host.a(hci_core.c.obj)
                0x0000000000055044                hci_event_prio
 .text.bt_hci_recv
                0x00000000000550e4       0x5c zephyr/subsys/bluetooth/host/libsubsys__bluetooth__host.a(hci_core.c.obj)
                0x00000000000550e4                bt_hci_recv
 .text.bt_finalize_init
                0x0000000000055140      0x134 zephyr/subsys/bluetooth/host/libsubsys__bluetooth__host.a(hci_core.c.obj)
                0x0000000000055140                bt_finalize_init
 .text.bt_get_name
                0x0000000000055274        0x8 zephyr/subsys/bluetooth/host/libsubsys__bluetooth__host.a(hci_core.c.obj)
                0x0000000000055274                bt_get_name
 .text.bt_tx_irq_raise
                0x000000000005527c        0xc zephyr/subsys/bluetooth/host/libsubsys__bluetooth__host.a(hci_core.c.obj)
                0x000000000005527c                bt_tx_irq_raise
 .text.bt_hci_cmd_send
                0x0000000000055288       0x5c zephyr/subsys/bluetooth/host/libsubsys__bluetooth__host.a(hci_core.c.obj)
                0x0000000000055288                bt_hci_cmd_send
 .text.bt_send_one_host_num_completed_packets
                0x00000000000552e4       0xa0 zephyr/subsys/bluetooth/host/libsubsys__bluetooth__host.a(hci_core.c.obj)
                0x00000000000552e4                bt_send_one_host_num_completed_packets
 .text.bt_hci_host_num_completed_packets
                0x0000000000055384       0x98 zephyr/subsys/bluetooth/host/libsubsys__bluetooth__host.a(hci_core.c.obj)
                0x0000000000055384                bt_hci_host_num_completed_packets
 .text.le_ltk_request
                0x000000000005541c       0xc0 zephyr/subsys/bluetooth/host/libsubsys__bluetooth__host.a(hci_core.c.obj)
 .text.le_conn_param_req
                0x00000000000554dc       0xc0 zephyr/subsys/bluetooth/host/libsubsys__bluetooth__host.a(hci_core.c.obj)
 .text.process_pending_cmd
                0x000000000005559c       0xd8 zephyr/subsys/bluetooth/host/libsubsys__bluetooth__host.a(hci_core.c.obj)
 .text.bt_hci_cmd_send_sync
                0x0000000000055674      0x1b0 zephyr/subsys/bluetooth/host/libsubsys__bluetooth__host.a(hci_core.c.obj)
                0x0000000000055674                bt_hci_cmd_send_sync
 .text.bt_hci_le_read_max_data_len
                0x0000000000055824       0x7c zephyr/subsys/bluetooth/host/libsubsys__bluetooth__host.a(hci_core.c.obj)
                0x0000000000055824                bt_hci_le_read_max_data_len
 .text.init_work
                0x00000000000558a0       0x18 zephyr/subsys/bluetooth/host/libsubsys__bluetooth__host.a(hci_core.c.obj)
 .text.bt_enable
                0x00000000000558b8       0xd0 zephyr/subsys/bluetooth/host/libsubsys__bluetooth__host.a(hci_core.c.obj)
                0x00000000000558b8                bt_enable
 .text.bt_hci_le_enh_conn_complete
                0x0000000000055988      0x1b0 zephyr/subsys/bluetooth/host/libsubsys__bluetooth__host.a(hci_core.c.obj)
                0x0000000000055988                bt_hci_le_enh_conn_complete
 .text.le_legacy_conn_complete
                0x0000000000055b38       0x7c zephyr/subsys/bluetooth/host/libsubsys__bluetooth__host.a(hci_core.c.obj)
 .text.hci_cmd_status
                0x0000000000055bb4       0x34 zephyr/subsys/bluetooth/host/libsubsys__bluetooth__host.a(hci_core.c.obj)
 .text.hci_cmd_complete
                0x0000000000055be8       0x78 zephyr/subsys/bluetooth/host/libsubsys__bluetooth__host.a(hci_core.c.obj)
 .text.id_find  0x0000000000055c60       0x30 zephyr/subsys/bluetooth/host/libsubsys__bluetooth__host.a(id.c.obj)
 .text.id_create.constprop.0
                0x0000000000055c90       0x5c zephyr/subsys/bluetooth/host/libsubsys__bluetooth__host.a(id.c.obj)
 .text.set_random_address
                0x0000000000055cec       0x74 zephyr/subsys/bluetooth/host/libsubsys__bluetooth__host.a(id.c.obj)
 .text.bt_id_add.part.0
                0x0000000000055d60      0x144 zephyr/subsys/bluetooth/host/libsubsys__bluetooth__host.a(id.c.obj)
 .text.bt_id_del.part.0
                0x0000000000055ea4      0x104 zephyr/subsys/bluetooth/host/libsubsys__bluetooth__host.a(id.c.obj)
 .text.bt_id_pending_keys_update
                0x0000000000055fa8       0x2c zephyr/subsys/bluetooth/host/libsubsys__bluetooth__host.a(id.c.obj)
                0x0000000000055fa8                bt_id_pending_keys_update
 .text.bt_id_find_conflict
                0x0000000000055fd4       0x20 zephyr/subsys/bluetooth/host/libsubsys__bluetooth__host.a(id.c.obj)
                0x0000000000055fd4                bt_id_find_conflict
 .text.bt_id_add
                0x0000000000055ff4       0x34 zephyr/subsys/bluetooth/host/libsubsys__bluetooth__host.a(id.c.obj)
                0x0000000000055ff4                bt_id_add
 .text.bt_id_del
                0x0000000000056028       0x38 zephyr/subsys/bluetooth/host/libsubsys__bluetooth__host.a(id.c.obj)
                0x0000000000056028                bt_id_del
 .text.bt_id_create
                0x0000000000056060       0x98 zephyr/subsys/bluetooth/host/libsubsys__bluetooth__host.a(id.c.obj)
                0x0000000000056060                bt_id_create
 .text.bt_id_read_public_addr
                0x00000000000560f8       0x88 zephyr/subsys/bluetooth/host/libsubsys__bluetooth__host.a(id.c.obj)
                0x00000000000560f8                bt_id_read_public_addr
 .text.bt_setup_public_id_addr
                0x0000000000056180       0x20 zephyr/subsys/bluetooth/host/libsubsys__bluetooth__host.a(id.c.obj)
                0x0000000000056180                bt_setup_public_id_addr
 .text.bt_setup_random_id_addr
                0x00000000000561a0       0xd8 zephyr/subsys/bluetooth/host/libsubsys__bluetooth__host.a(id.c.obj)
                0x00000000000561a0                bt_setup_random_id_addr
 .text.bt_id_set_adv_own_addr
                0x0000000000056278       0xe0 zephyr/subsys/bluetooth/host/libsubsys__bluetooth__host.a(id.c.obj)
                0x0000000000056278                bt_id_set_adv_own_addr
 .text.bt_id_init
                0x0000000000056358       0x54 zephyr/subsys/bluetooth/host/libsubsys__bluetooth__host.a(id.c.obj)
                0x0000000000056358                bt_id_init
 .text.hci_set_ad
                0x00000000000563ac       0xd0 zephyr/subsys/bluetooth/host/libsubsys__bluetooth__host.a(adv.c.obj)
 .text.adv_is_directed
                0x000000000005647c       0x18 zephyr/subsys/bluetooth/host/libsubsys__bluetooth__host.a(adv.c.obj)
 .text.le_adv_start_add_conn
                0x0000000000056494       0x60 zephyr/subsys/bluetooth/host/libsubsys__bluetooth__host.a(adv.c.obj)
 .text.valid_adv_param
                0x00000000000564f4       0x84 zephyr/subsys/bluetooth/host/libsubsys__bluetooth__host.a(adv.c.obj)
 .text.bt_le_ext_adv_foreach
                0x0000000000056578        0xc zephyr/subsys/bluetooth/host/libsubsys__bluetooth__host.a(adv.c.obj)
                0x0000000000056578                bt_le_ext_adv_foreach
 .text.bt_le_adv_lookup_legacy
                0x0000000000056584        0x8 zephyr/subsys/bluetooth/host/libsubsys__bluetooth__host.a(adv.c.obj)
                0x0000000000056584                bt_le_adv_lookup_legacy
 .text.bt_le_adv_start_legacy
                0x000000000005658c      0x278 zephyr/subsys/bluetooth/host/libsubsys__bluetooth__host.a(adv.c.obj)
                0x000000000005658c                bt_le_adv_start_legacy
 .text.bt_le_adv_start
                0x0000000000056804       0x64 zephyr/subsys/bluetooth/host/libsubsys__bluetooth__host.a(adv.c.obj)
                0x0000000000056804                bt_le_adv_start
 .text.bt_le_adv_stop
                0x0000000000056868       0x78 zephyr/subsys/bluetooth/host/libsubsys__bluetooth__host.a(adv.c.obj)
                0x0000000000056868                bt_le_adv_stop
 .text.adv_timeout
                0x00000000000568e0       0x24 zephyr/subsys/bluetooth/host/libsubsys__bluetooth__host.a(adv.c.obj)
 .text.bt_le_adv_resume
                0x0000000000056904       0xe0 zephyr/subsys/bluetooth/host/libsubsys__bluetooth__host.a(adv.c.obj)
                0x0000000000056904                bt_le_adv_resume
 .text.prng_init
                0x00000000000569e4       0x20 zephyr/subsys/bluetooth/host/libsubsys__bluetooth__host.a(crypto_psa.c.obj)
                0x00000000000569e4                prng_init
 .text.bt_rand  0x0000000000056a04       0x20 zephyr/subsys/bluetooth/host/libsubsys__bluetooth__host.a(crypto_psa.c.obj)
                0x0000000000056a04                bt_rand
 .text.bt_encrypt_le
                0x0000000000056a24       0xf8 zephyr/subsys/bluetooth/host/libsubsys__bluetooth__host.a(crypto_psa.c.obj)
                0x0000000000056a24                bt_encrypt_le
 .text.generate_pub_key
                0x0000000000056b1c      0x128 zephyr/subsys/bluetooth/host/libsubsys__bluetooth__host.a(ecc.c.obj)
 .text.generate_dh_key
                0x0000000000056c44       0xf4 zephyr/subsys/bluetooth/host/libsubsys__bluetooth__host.a(ecc.c.obj)
 .text.bt_pub_key_is_debug
                0x0000000000056d38       0x18 zephyr/subsys/bluetooth/host/libsubsys__bluetooth__host.a(ecc.c.obj)
                0x0000000000056d38                bt_pub_key_is_debug
 .text.bt_pub_key_is_valid
                0x0000000000056d50       0x74 zephyr/subsys/bluetooth/host/libsubsys__bluetooth__host.a(ecc.c.obj)
                0x0000000000056d50                bt_pub_key_is_valid
 .text.bt_pub_key_gen
                0x0000000000056dc4       0xa4 zephyr/subsys/bluetooth/host/libsubsys__bluetooth__host.a(ecc.c.obj)
                0x0000000000056dc4                bt_pub_key_gen
 .text.bt_pub_key_get
                0x0000000000056e68       0x1c zephyr/subsys/bluetooth/host/libsubsys__bluetooth__host.a(ecc.c.obj)
                0x0000000000056e68                bt_pub_key_get
 .text.bt_dh_key_gen
                0x0000000000056e84       0x84 zephyr/subsys/bluetooth/host/libsubsys__bluetooth__host.a(ecc.c.obj)
                0x0000000000056e84                bt_dh_key_gen
 .text.notify_connected
                0x0000000000056f08       0x40 zephyr/subsys/bluetooth/host/libsubsys__bluetooth__host.a(conn.c.obj)
 .text.frag_destroy
                0x0000000000056f48       0x20 zephyr/subsys/bluetooth/host/libsubsys__bluetooth__host.a(conn.c.obj)
                0x0000000000056f48                frag_destroy
 .text.conn_tx_destroy
                0x0000000000056f68       0x2c zephyr/subsys/bluetooth/host/libsubsys__bluetooth__host.a(conn.c.obj)
 .text.get_data_frag
                0x0000000000056f94       0x38 zephyr/subsys/bluetooth/host/libsubsys__bluetooth__host.a(conn.c.obj)
 .text.perform_auto_initiated_procedures.part.0
                0x0000000000056fcc       0xc0 zephyr/subsys/bluetooth/host/libsubsys__bluetooth__host.a(conn.c.obj)
 .text.recycled_work_handler
                0x000000000005708c       0x54 zephyr/subsys/bluetooth/host/libsubsys__bluetooth__host.a(conn.c.obj)
 .text.tx_notify_process
                0x00000000000570e0       0x60 zephyr/subsys/bluetooth/host/libsubsys__bluetooth__host.a(conn.c.obj)
 .text.bt_conn_get_pkts
                0x0000000000057140       0x18 zephyr/subsys/bluetooth/host/libsubsys__bluetooth__host.a(conn.c.obj)
                0x0000000000057140                bt_conn_get_pkts
 .text.bt_conn_tx_notify
                0x0000000000057158       0x44 zephyr/subsys/bluetooth/host/libsubsys__bluetooth__host.a(conn.c.obj)
                0x0000000000057158                bt_conn_tx_notify
 .text.bt_conn_new
                0x000000000005719c       0x5c zephyr/subsys/bluetooth/host/libsubsys__bluetooth__host.a(conn.c.obj)
                0x000000000005719c                bt_conn_new
 .text.bt_conn_recv
                0x00000000000571f8      0x114 zephyr/subsys/bluetooth/host/libsubsys__bluetooth__host.a(conn.c.obj)
                0x00000000000571f8                bt_conn_recv
 .text.bt_conn_data_ready
                0x000000000005730c       0x3c zephyr/subsys/bluetooth/host/libsubsys__bluetooth__host.a(conn.c.obj)
                0x000000000005730c                bt_conn_data_ready
 .text.get_conn_ready
                0x0000000000057348       0xf8 zephyr/subsys/bluetooth/host/libsubsys__bluetooth__host.a(conn.c.obj)
                0x0000000000057348                get_conn_ready
 .text.bt_conn_unref
                0x0000000000057440       0x4c zephyr/subsys/bluetooth/host/libsubsys__bluetooth__host.a(conn.c.obj)
                0x0000000000057440                bt_conn_unref
 .text.bt_conn_set_state
                0x000000000005748c      0x1c4 zephyr/subsys/bluetooth/host/libsubsys__bluetooth__host.a(conn.c.obj)
                0x000000000005748c                bt_conn_set_state
 .text.bt_conn_lookup_handle
                0x0000000000057650       0x40 zephyr/subsys/bluetooth/host/libsubsys__bluetooth__host.a(conn.c.obj)
                0x0000000000057650                bt_conn_lookup_handle
 .text.bt_conn_foreach
                0x0000000000057690       0x30 zephyr/subsys/bluetooth/host/libsubsys__bluetooth__host.a(conn.c.obj)
                0x0000000000057690                bt_conn_foreach
 .text.auto_initiated_procedures
                0x00000000000576c0       0x10 zephyr/subsys/bluetooth/host/libsubsys__bluetooth__host.a(conn.c.obj)
 .text.bt_conn_index
                0x00000000000576d0       0x18 zephyr/subsys/bluetooth/host/libsubsys__bluetooth__host.a(conn.c.obj)
                0x00000000000576d0                bt_conn_index
 .text.bt_conn_create_pdu_timeout
                0x00000000000576e8       0x6c zephyr/subsys/bluetooth/host/libsubsys__bluetooth__host.a(conn.c.obj)
                0x00000000000576e8                bt_conn_create_pdu_timeout
 .text.bt_conn_connected
                0x0000000000057754       0x20 zephyr/subsys/bluetooth/host/libsubsys__bluetooth__host.a(conn.c.obj)
                0x0000000000057754                bt_conn_connected
 .text.bt_conn_tx_processor
                0x0000000000057774      0x230 zephyr/subsys/bluetooth/host/libsubsys__bluetooth__host.a(conn.c.obj)
                0x0000000000057774                bt_conn_tx_processor
 .text.notify_le_param_updated
                0x00000000000579a4       0x8c zephyr/subsys/bluetooth/host/libsubsys__bluetooth__host.a(conn.c.obj)
                0x00000000000579a4                notify_le_param_updated
 .text.le_param_req
                0x0000000000057a30       0x78 zephyr/subsys/bluetooth/host/libsubsys__bluetooth__host.a(conn.c.obj)
                0x0000000000057a30                le_param_req
 .text.bt_conn_identity_resolved
                0x0000000000057aa8       0x60 zephyr/subsys/bluetooth/host/libsubsys__bluetooth__host.a(conn.c.obj)
                0x0000000000057aa8                bt_conn_identity_resolved
 .text.bt_conn_security_changed
                0x0000000000057b08       0x50 zephyr/subsys/bluetooth/host/libsubsys__bluetooth__host.a(conn.c.obj)
                0x0000000000057b08                bt_conn_security_changed
 .text.bt_conn_add_le
                0x0000000000057b58       0x58 zephyr/subsys/bluetooth/host/libsubsys__bluetooth__host.a(conn.c.obj)
                0x0000000000057b58                bt_conn_add_le
 .text.bt_conn_lookup_addr_le
                0x0000000000057bb0       0x34 zephyr/subsys/bluetooth/host/libsubsys__bluetooth__host.a(conn.c.obj)
                0x0000000000057bb0                bt_conn_lookup_addr_le
 .text.bt_conn_exists_le
                0x0000000000057be4       0x70 zephyr/subsys/bluetooth/host/libsubsys__bluetooth__host.a(conn.c.obj)
                0x0000000000057be4                bt_conn_exists_le
 .text.bt_conn_lookup_state_le
                0x0000000000057c54       0x44 zephyr/subsys/bluetooth/host/libsubsys__bluetooth__host.a(conn.c.obj)
                0x0000000000057c54                bt_conn_lookup_state_le
 .text.send_conn_le_param_update
                0x0000000000057c98       0x68 zephyr/subsys/bluetooth/host/libsubsys__bluetooth__host.a(conn.c.obj)
 .text.deferred_work
                0x0000000000057d00       0xf8 zephyr/subsys/bluetooth/host/libsubsys__bluetooth__host.a(conn.c.obj)
 .text.bt_conn_auth_cb_register
                0x0000000000057df8       0x34 zephyr/subsys/bluetooth/host/libsubsys__bluetooth__host.a(conn.c.obj)
                0x0000000000057df8                bt_conn_auth_cb_register
 .text.bt_conn_auth_info_cb_register
                0x0000000000057e2c       0x30 zephyr/subsys/bluetooth/host/libsubsys__bluetooth__host.a(conn.c.obj)
                0x0000000000057e2c                bt_conn_auth_info_cb_register
 .text.bt_conn_lookup_index
                0x0000000000057e5c       0x10 zephyr/subsys/bluetooth/host/libsubsys__bluetooth__host.a(conn.c.obj)
                0x0000000000057e5c                bt_conn_lookup_index
 .text.bt_conn_init
                0x0000000000057e6c       0x44 zephyr/subsys/bluetooth/host/libsubsys__bluetooth__host.a(conn.c.obj)
                0x0000000000057e6c                bt_conn_init
 .text.l2cap_create_le_sig_pdu.part.0
                0x0000000000057eb0       0x1c zephyr/subsys/bluetooth/host/libsubsys__bluetooth__host.a(l2cap.c.obj)
 .text.l2cap_accept.part.0
                0x0000000000057ecc       0x30 zephyr/subsys/bluetooth/host/libsubsys__bluetooth__host.a(l2cap.c.obj)
 .text.l2cap_accept
                0x0000000000057efc       0x1c zephyr/subsys/bluetooth/host/libsubsys__bluetooth__host.a(l2cap.c.obj)
 .text.bt_l2cap_connected
                0x0000000000057f18       0x98 zephyr/subsys/bluetooth/host/libsubsys__bluetooth__host.a(l2cap.c.obj)
                0x0000000000057f18                bt_l2cap_connected
 .text.bt_l2cap_send_pdu
                0x0000000000057fb0       0x50 zephyr/subsys/bluetooth/host/libsubsys__bluetooth__host.a(l2cap.c.obj)
                0x0000000000057fb0                bt_l2cap_send_pdu
 .text.l2cap_data_pull
                0x0000000000058000       0xfc zephyr/subsys/bluetooth/host/libsubsys__bluetooth__host.a(l2cap.c.obj)
                0x0000000000058000                l2cap_data_pull
 .text.l2cap_recv.part.0
                0x00000000000580fc       0x9c zephyr/subsys/bluetooth/host/libsubsys__bluetooth__host.a(l2cap.c.obj)
 .text.l2cap_recv
                0x0000000000058198       0x24 zephyr/subsys/bluetooth/host/libsubsys__bluetooth__host.a(l2cap.c.obj)
 .text.bt_l2cap_recv
                0x00000000000581bc       0x58 zephyr/subsys/bluetooth/host/libsubsys__bluetooth__host.a(l2cap.c.obj)
                0x00000000000581bc                bt_l2cap_recv
 .text.bt_l2cap_update_conn_param
                0x0000000000058214       0x50 zephyr/subsys/bluetooth/host/libsubsys__bluetooth__host.a(l2cap.c.obj)
                0x0000000000058214                bt_l2cap_update_conn_param
 .text.att_op_get_type
                0x0000000000058264       0x74 zephyr/subsys/bluetooth/host/libsubsys__bluetooth__host.a(att.c.obj)
 .text.bt_att_released
                0x00000000000582d8        0xc zephyr/subsys/bluetooth/host/libsubsys__bluetooth__host.a(att.c.obj)
 .text.bt_att_connected
                0x00000000000582e4       0x38 zephyr/subsys/bluetooth/host/libsubsys__bluetooth__host.a(att.c.obj)
 .text.read_group_cb
                0x000000000005831c       0xb8 zephyr/subsys/bluetooth/host/libsubsys__bluetooth__host.a(att.c.obj)
 .text.bt_att_accept
                0x00000000000583d4      0x120 zephyr/subsys/bluetooth/host/libsubsys__bluetooth__host.a(att.c.obj)
 .text.read_type_cb
                0x00000000000584f4       0xac zephyr/subsys/bluetooth/host/libsubsys__bluetooth__host.a(att.c.obj)
 .text.bt_att_chan_create_pdu
                0x00000000000585a0       0x94 zephyr/subsys/bluetooth/host/libsubsys__bluetooth__host.a(att.c.obj)
 .text.find_type_cb
                0x0000000000058634      0x164 zephyr/subsys/bluetooth/host/libsubsys__bluetooth__host.a(att.c.obj)
 .text.chan_send
                0x0000000000058798       0xe0 zephyr/subsys/bluetooth/host/libsubsys__bluetooth__host.a(att.c.obj)
 .text.att_tx_destroy
                0x0000000000058878      0x10c zephyr/subsys/bluetooth/host/libsubsys__bluetooth__host.a(att.c.obj)
 .text.bt_att_recv
                0x0000000000058984       0xc8 zephyr/subsys/bluetooth/host/libsubsys__bluetooth__host.a(att.c.obj)
 .text.att_write_rsp.constprop.0
                0x0000000000058a4c       0xc0 zephyr/subsys/bluetooth/host/libsubsys__bluetooth__host.a(att.c.obj)
 .text.att_get  0x0000000000058b0c       0x4c zephyr/subsys/bluetooth/host/libsubsys__bluetooth__host.a(att.c.obj)
 .text.bt_att_create_pdu
                0x0000000000058b58       0x64 zephyr/subsys/bluetooth/host/libsubsys__bluetooth__host.a(att.c.obj)
                0x0000000000058b58                bt_att_create_pdu
 .text.bt_att_create_rsp_pdu
                0x0000000000058bbc       0x60 zephyr/subsys/bluetooth/host/libsubsys__bluetooth__host.a(att.c.obj)
                0x0000000000058bbc                bt_att_create_rsp_pdu
 .text.att_read_group_req
                0x0000000000058c1c       0xf0 zephyr/subsys/bluetooth/host/libsubsys__bluetooth__host.a(att.c.obj)
 .text.att_read_mult_vl_req
                0x0000000000058d0c       0x9c zephyr/subsys/bluetooth/host/libsubsys__bluetooth__host.a(att.c.obj)
 .text.att_read_mult_req
                0x0000000000058da8       0x9c zephyr/subsys/bluetooth/host/libsubsys__bluetooth__host.a(att.c.obj)
 .text.att_read_rsp
                0x0000000000058e44       0x90 zephyr/subsys/bluetooth/host/libsubsys__bluetooth__host.a(att.c.obj)
 .text.att_read_type_req
                0x0000000000058ed4      0x114 zephyr/subsys/bluetooth/host/libsubsys__bluetooth__host.a(att.c.obj)
 .text.att_find_type_req
                0x0000000000058fe8       0xc0 zephyr/subsys/bluetooth/host/libsubsys__bluetooth__host.a(att.c.obj)
 .text.att_find_info_req
                0x00000000000590a8       0x6c zephyr/subsys/bluetooth/host/libsubsys__bluetooth__host.a(att.c.obj)
 .text.bt_att_req_alloc
                0x0000000000059114       0x50 zephyr/subsys/bluetooth/host/libsubsys__bluetooth__host.a(att.c.obj)
                0x0000000000059114                bt_att_req_alloc
 .text.bt_att_req_free
                0x0000000000059164       0x20 zephyr/subsys/bluetooth/host/libsubsys__bluetooth__host.a(att.c.obj)
                0x0000000000059164                bt_att_req_free
 .text.att_handle_rsp
                0x0000000000059184       0x80 zephyr/subsys/bluetooth/host/libsubsys__bluetooth__host.a(att.c.obj)
 .text.bt_att_disconnected
                0x0000000000059204       0xc0 zephyr/subsys/bluetooth/host/libsubsys__bluetooth__host.a(att.c.obj)
 .text.att_timeout
                0x00000000000592c4       0xe4 zephyr/subsys/bluetooth/host/libsubsys__bluetooth__host.a(att.c.obj)
 .text.bt_att_set_tx_meta_data
                0x00000000000593a8       0x24 zephyr/subsys/bluetooth/host/libsubsys__bluetooth__host.a(att.c.obj)
                0x00000000000593a8                bt_att_set_tx_meta_data
 .text.find_cf_cfg
                0x00000000000593cc       0x44 zephyr/subsys/bluetooth/host/libsubsys__bluetooth__host.a(gatt.c.obj)
 .text.find_sc_cfg
                0x0000000000059410       0x38 zephyr/subsys/bluetooth/host/libsubsys__bluetooth__host.a(gatt.c.obj)
 .text.find_ccc_cfg
                0x0000000000059448       0x38 zephyr/subsys/bluetooth/host/libsubsys__bluetooth__host.a(gatt.c.obj)
 .text.bt_gatt_attr_write_ccc
                0x0000000000059480       0xbc zephyr/subsys/bluetooth/host/libsubsys__bluetooth__host.a(gatt.c.obj)
                0x0000000000059480                bt_gatt_attr_write_ccc
 .text.db_hash_update.part.0
                0x000000000005953c       0x1c zephyr/subsys/bluetooth/host/libsubsys__bluetooth__host.a(gatt.c.obj)
 .text.clear_cf_cfg
                0x0000000000059558       0x28 zephyr/subsys/bluetooth/host/libsubsys__bluetooth__host.a(gatt.c.obj)
 .text.sc_save  0x0000000000059580       0x60 zephyr/subsys/bluetooth/host/libsubsys__bluetooth__host.a(gatt.c.obj)
 .text.disconnected_cb
                0x00000000000595e0       0xb4 zephyr/subsys/bluetooth/host/libsubsys__bluetooth__host.a(gatt.c.obj)
 .text.bt_gatt_attr_read.part.0
                0x0000000000059694       0x1c zephyr/subsys/bluetooth/host/libsubsys__bluetooth__host.a(gatt.c.obj)
 .text.read_ppcp
                0x00000000000596b0       0x28 zephyr/subsys/bluetooth/host/libsubsys__bluetooth__host.a(gatt.c.obj)
 .text.cf_write
                0x00000000000596d8       0x98 zephyr/subsys/bluetooth/host/libsubsys__bluetooth__host.a(gatt.c.obj)
 .text.sc_indicate_rsp
                0x0000000000059770       0x4c zephyr/subsys/bluetooth/host/libsubsys__bluetooth__host.a(gatt.c.obj)
 .text.bt_gatt_init
                0x00000000000597bc       0x78 zephyr/subsys/bluetooth/host/libsubsys__bluetooth__host.a(gatt.c.obj)
                0x00000000000597bc                bt_gatt_init
 .text.bt_gatt_attr_get_handle
                0x0000000000059834       0x60 zephyr/subsys/bluetooth/host/libsubsys__bluetooth__host.a(gatt.c.obj)
                0x0000000000059834                bt_gatt_attr_get_handle
 .text.bt_gatt_foreach_attr_type
                0x0000000000059894       0xb4 zephyr/subsys/bluetooth/host/libsubsys__bluetooth__host.a(gatt.c.obj)
                0x0000000000059894                bt_gatt_foreach_attr_type
 .text.db_hash_gen
                0x0000000000059948       0xc0 zephyr/subsys/bluetooth/host/libsubsys__bluetooth__host.a(gatt.c.obj)
 .text.db_hash_read
                0x0000000000059a08       0x64 zephyr/subsys/bluetooth/host/libsubsys__bluetooth__host.a(gatt.c.obj)
 .text.db_hash_process
                0x0000000000059a6c       0x14 zephyr/subsys/bluetooth/host/libsubsys__bluetooth__host.a(gatt.c.obj)
 .text.bt_gatt_attr_next
                0x0000000000059a80       0x24 zephyr/subsys/bluetooth/host/libsubsys__bluetooth__host.a(gatt.c.obj)
                0x0000000000059a80                bt_gatt_attr_next
 .text.bt_gatt_is_subscribed
                0x0000000000059aa4      0x17c zephyr/subsys/bluetooth/host/libsubsys__bluetooth__host.a(gatt.c.obj)
                0x0000000000059aa4                bt_gatt_is_subscribed
 .text.gatt_indicate
                0x0000000000059c20       0xd8 zephyr/subsys/bluetooth/host/libsubsys__bluetooth__host.a(gatt.c.obj)
 .text.bt_gatt_indicate
                0x0000000000059cf8       0xf0 zephyr/subsys/bluetooth/host/libsubsys__bluetooth__host.a(gatt.c.obj)
                0x0000000000059cf8                bt_gatt_indicate
 .text.sc_process
                0x0000000000059de8       0x60 zephyr/subsys/bluetooth/host/libsubsys__bluetooth__host.a(gatt.c.obj)
 .text.update_ccc
                0x0000000000059e48      0x12c zephyr/subsys/bluetooth/host/libsubsys__bluetooth__host.a(gatt.c.obj)
 .text.gatt_notify
                0x0000000000059f74       0x9c zephyr/subsys/bluetooth/host/libsubsys__bluetooth__host.a(gatt.c.obj)
 .text.bt_gatt_notify_cb
                0x000000000005a010       0xe8 zephyr/subsys/bluetooth/host/libsubsys__bluetooth__host.a(gatt.c.obj)
                0x000000000005a010                bt_gatt_notify_cb
 .text.notify_cb
                0x000000000005a0f8      0x13c zephyr/subsys/bluetooth/host/libsubsys__bluetooth__host.a(gatt.c.obj)
 .text.bt_gatt_connected
                0x000000000005a234       0x4c zephyr/subsys/bluetooth/host/libsubsys__bluetooth__host.a(gatt.c.obj)
                0x000000000005a234                bt_gatt_connected
 .text.bt_gatt_att_max_mtu_changed
                0x000000000005a280       0x28 zephyr/subsys/bluetooth/host/libsubsys__bluetooth__host.a(gatt.c.obj)
                0x000000000005a280                bt_gatt_att_max_mtu_changed
 .text.bt_gatt_encrypt_change
                0x000000000005a2a8       0x28 zephyr/subsys/bluetooth/host/libsubsys__bluetooth__host.a(gatt.c.obj)
                0x000000000005a2a8                bt_gatt_encrypt_change
 .text.bt_gatt_disconnected
                0x000000000005a2d0       0x48 zephyr/subsys/bluetooth/host/libsubsys__bluetooth__host.a(gatt.c.obj)
                0x000000000005a2d0                bt_gatt_disconnected
 .text.smp_find
                0x000000000005a318       0x1c zephyr/subsys/bluetooth/host/libsubsys__bluetooth__host.a(smp.c.obj)
 .text.latch_auth_cb
                0x000000000005a334       0x2c zephyr/subsys/bluetooth/host/libsubsys__bluetooth__host.a(smp.c.obj)
 .text.get_io_capa
                0x000000000005a360       0x4c zephyr/subsys/bluetooth/host/libsubsys__bluetooth__host.a(smp.c.obj)
 .text.smp_chan_get.part.0
                0x000000000005a3ac       0x18 zephyr/subsys/bluetooth/host/libsubsys__bluetooth__host.a(smp.c.obj)
 .text.bt_smp_pkey_ready.part.0
                0x000000000005a3c4       0x14 zephyr/subsys/bluetooth/host/libsubsys__bluetooth__host.a(smp.c.obj)
 .text.smp_send.constprop.0
                0x000000000005a3d8       0x3c zephyr/subsys/bluetooth/host/libsubsys__bluetooth__host.a(smp.c.obj)
 .text.smp_init
                0x000000000005a414       0x38 zephyr/subsys/bluetooth/host/libsubsys__bluetooth__host.a(smp.c.obj)
 .text.smp_dhkey_generate
                0x000000000005a44c       0x50 zephyr/subsys/bluetooth/host/libsubsys__bluetooth__host.a(smp.c.obj)
 .text.smp_pairing_random
                0x000000000005a49c      0x17c zephyr/subsys/bluetooth/host/libsubsys__bluetooth__host.a(smp.c.obj)
 .text.compute_and_check_and_send_periph_dhcheck
                0x000000000005a618      0x184 zephyr/subsys/bluetooth/host/libsubsys__bluetooth__host.a(smp.c.obj)
 .text.smp_send_pairing_confirm
                0x000000000005a79c       0x8c zephyr/subsys/bluetooth/host/libsubsys__bluetooth__host.a(smp.c.obj)
 .text.smp_pairing_confirm
                0x000000000005a828       0x70 zephyr/subsys/bluetooth/host/libsubsys__bluetooth__host.a(smp.c.obj)
 .text.smp_public_key_periph
                0x000000000005a898      0x158 zephyr/subsys/bluetooth/host/libsubsys__bluetooth__host.a(smp.c.obj)
 .text.smp_public_key
                0x000000000005a9f0       0xc4 zephyr/subsys/bluetooth/host/libsubsys__bluetooth__host.a(smp.c.obj)
 .text.bt_smp_connected
                0x000000000005aab4       0x44 zephyr/subsys/bluetooth/host/libsubsys__bluetooth__host.a(smp.c.obj)
 .text.bt_smp_accept.part.0
                0x000000000005aaf8       0x30 zephyr/subsys/bluetooth/host/libsubsys__bluetooth__host.a(smp.c.obj)
 .text.bt_smp_accept
                0x000000000005ab28       0x20 zephyr/subsys/bluetooth/host/libsubsys__bluetooth__host.a(smp.c.obj)
 .text.smp_ident_info
                0x000000000005ab48       0x8c zephyr/subsys/bluetooth/host/libsubsys__bluetooth__host.a(smp.c.obj)
 .text.get_auth
                0x000000000005abd4       0x58 zephyr/subsys/bluetooth/host/libsubsys__bluetooth__host.a(smp.c.obj)
 .text.smp_pairing_req
                0x000000000005ac2c      0x1bc zephyr/subsys/bluetooth/host/libsubsys__bluetooth__host.a(smp.c.obj)
 .text.bt_smp_start_security
                0x000000000005ade8      0x188 zephyr/subsys/bluetooth/host/libsubsys__bluetooth__host.a(smp.c.obj)
                0x000000000005ade8                bt_smp_start_security
 .text.smp_pairing_complete
                0x000000000005af70      0x120 zephyr/subsys/bluetooth/host/libsubsys__bluetooth__host.a(smp.c.obj)
 .text.smp_error
                0x000000000005b090       0xa4 zephyr/subsys/bluetooth/host/libsubsys__bluetooth__host.a(smp.c.obj)
 .text.bt_smp_recv
                0x000000000005b134       0xe4 zephyr/subsys/bluetooth/host/libsubsys__bluetooth__host.a(smp.c.obj)
 .text.bt_smp_pkey_ready
                0x000000000005b218       0x40 zephyr/subsys/bluetooth/host/libsubsys__bluetooth__host.a(smp.c.obj)
 .text.smp_ident_addr_info
                0x000000000005b258      0x1cc zephyr/subsys/bluetooth/host/libsubsys__bluetooth__host.a(smp.c.obj)
 .text.smp_pairing_failed
                0x000000000005b424       0x60 zephyr/subsys/bluetooth/host/libsubsys__bluetooth__host.a(smp.c.obj)
 .text.bt_smp_encrypt_change
                0x000000000005b484      0x128 zephyr/subsys/bluetooth/host/libsubsys__bluetooth__host.a(smp.c.obj)
 .text.smp_timeout
                0x000000000005b5ac       0x30 zephyr/subsys/bluetooth/host/libsubsys__bluetooth__host.a(smp.c.obj)
 .text.bt_smp_update_keys
                0x000000000005b5dc      0x178 zephyr/subsys/bluetooth/host/libsubsys__bluetooth__host.a(smp.c.obj)
                0x000000000005b5dc                bt_smp_update_keys
 .text.bt_smp_init
                0x000000000005b754       0x1c zephyr/subsys/bluetooth/host/libsubsys__bluetooth__host.a(smp.c.obj)
                0x000000000005b754                bt_smp_init
 .text.bt_keys_get_addr
                0x000000000005b770       0x94 zephyr/subsys/bluetooth/host/libsubsys__bluetooth__host.a(keys.c.obj)
                0x000000000005b770                bt_keys_get_addr
 .text.bt_keys_foreach_type
                0x000000000005b804       0x38 zephyr/subsys/bluetooth/host/libsubsys__bluetooth__host.a(keys.c.obj)
                0x000000000005b804                bt_keys_foreach_type
 .text.bt_keys_find
                0x000000000005b83c       0x54 zephyr/subsys/bluetooth/host/libsubsys__bluetooth__host.a(keys.c.obj)
                0x000000000005b83c                bt_keys_find
 .text.bt_keys_find_irk
                0x000000000005b890       0xdc zephyr/subsys/bluetooth/host/libsubsys__bluetooth__host.a(keys.c.obj)
                0x000000000005b890                bt_keys_find_irk
 .text.bt_keys_find_addr
                0x000000000005b96c       0x40 zephyr/subsys/bluetooth/host/libsubsys__bluetooth__host.a(keys.c.obj)
                0x000000000005b96c                bt_keys_find_addr
 .text.bt_crypto_f5
                0x000000000005b9ac       0xd0 zephyr/subsys/bluetooth/crypto/libsubsys__bluetooth__crypto.a(bt_crypto.c.obj)
                0x000000000005b9ac                bt_crypto_f5
 .text.bt_crypto_g2
                0x000000000005ba7c       0x5c zephyr/subsys/bluetooth/crypto/libsubsys__bluetooth__crypto.a(bt_crypto.c.obj)
                0x000000000005ba7c                bt_crypto_g2
 .text.bt_crypto_aes_cmac
                0x000000000005bad8       0x90 zephyr/subsys/bluetooth/crypto/libsubsys__bluetooth__crypto.a(bt_crypto_psa.c.obj)
                0x000000000005bad8                bt_crypto_aes_cmac
 .text.bt_ipc_send
                0x000000000005bb68       0x54 zephyr/drivers/bluetooth/libdrivers__bluetooth.a(ipc.c.obj)
 .text.hci_ept_recv
                0x000000000005bbbc      0x1f0 zephyr/drivers/bluetooth/libdrivers__bluetooth.a(ipc.c.obj)
 .text.bt_ipc_open
                0x000000000005bdac       0x7c zephyr/drivers/bluetooth/libdrivers__bluetooth.a(ipc.c.obj)
 .text.bt_ipc_close
                0x000000000005be28       0x68 zephyr/drivers/bluetooth/libdrivers__bluetooth.a(ipc.c.obj)
 .text.onoff_stop
                0x000000000005be90       0x30 zephyr/drivers/clock_control/libdrivers__clock_control.a(clock_control_nrf.c.obj)
 .text.onoff_start
                0x000000000005bec0       0x44 zephyr/drivers/clock_control/libdrivers__clock_control.a(clock_control_nrf.c.obj)
 .text.generic_hfclk_stop
                0x000000000005bf04       0x34 zephyr/drivers/clock_control/libdrivers__clock_control.a(clock_control_nrf.c.obj)
 .text.clk_init
                0x000000000005bf38       0x64 zephyr/drivers/clock_control/libdrivers__clock_control.a(clock_control_nrf.c.obj)
 .text.api_blocking_start
                0x000000000005bf9c       0x3c zephyr/drivers/clock_control/libdrivers__clock_control.a(clock_control_nrf.c.obj)
 .text.clkstarted_handle.constprop.0
                0x000000000005bfd8       0x4c zephyr/drivers/clock_control/libdrivers__clock_control.a(clock_control_nrf.c.obj)
 .text.generic_hfclk_start
                0x000000000005c024       0x7c zephyr/drivers/clock_control/libdrivers__clock_control.a(clock_control_nrf.c.obj)
 .text.clock_event_handler
                0x000000000005c0a0       0x30 zephyr/drivers/clock_control/libdrivers__clock_control.a(clock_control_nrf.c.obj)
 .text.z_nrf_clock_control_lf_on
                0x000000000005c0d0       0xf4 zephyr/drivers/clock_control/libdrivers__clock_control.a(clock_control_nrf.c.obj)
                0x000000000005c0d0                z_nrf_clock_control_lf_on
 .text.uart_console_init
                0x000000000005c1c4       0x28 zephyr/drivers/console/libdrivers__console.a(uart_console.c.obj)
 .text.console_out
                0x000000000005c1ec       0x28 zephyr/drivers/console/libdrivers__console.a(uart_console.c.obj)
 .text.gpio_nrfx_pin_interrupt_configure
                0x000000000005c214      0x100 zephyr/drivers/gpio/libdrivers__gpio.a(gpio_nrfx.c.obj)
 .text.gpio_nrfx_init
                0x000000000005c314       0x48 zephyr/drivers/gpio/libdrivers__gpio.a(gpio_nrfx.c.obj)
 .text.nrfx_gpio_handler
                0x000000000005c35c       0x4c zephyr/drivers/gpio/libdrivers__gpio.a(gpio_nrfx.c.obj)
 .text.gpio_nrfx_pin_configure
                0x000000000005c3a8      0x188 zephyr/drivers/gpio/libdrivers__gpio.a(gpio_nrfx.c.obj)
 .text.mbox_nrf_init
                0x000000000005c530       0x9c zephyr/drivers/mbox/libdrivers__mbox.a(mbox_nrfx_ipc.c.obj)
 .text.mbox_nrf_set_enabled
                0x000000000005c5cc       0x94 zephyr/drivers/mbox/libdrivers__mbox.a(mbox_nrfx_ipc.c.obj)
 .text.mbox_nrf_send
                0x000000000005c660       0x44 zephyr/drivers/mbox/libdrivers__mbox.a(mbox_nrfx_ipc.c.obj)
 .text.mbox_dispatcher
                0x000000000005c6a4       0x60 zephyr/drivers/mbox/libdrivers__mbox.a(mbox_nrfx_ipc.c.obj)
 .text.nrf_gpio_pin_port_decode
                0x000000000005c704       0x24 zephyr/drivers/pinctrl/libdrivers__pinctrl.a(pinctrl_nrf.c.obj)
 .text.pinctrl_configure_pins
                0x000000000005c728      0x1a0 zephyr/drivers/pinctrl/libdrivers__pinctrl.a(pinctrl_nrf.c.obj)
                0x000000000005c728                pinctrl_configure_pins
 .text.uarte_nrfx_poll_out
                0x000000000005c8c8       0xb4 zephyr/drivers/serial/libdrivers__serial.a(uart_nrfx_uarte.c.obj)
 .text.uarte_0_init
                0x000000000005c97c      0x120 zephyr/drivers/serial/libdrivers__serial.a(uart_nrfx_uarte.c.obj)
 .text.compare_int_lock
                0x000000000005ca9c       0x40 zephyr/drivers/timer/libdrivers__timer.a(nrf_rtc_timer.c.obj)
 .text.sys_clock_timeout_handler
                0x000000000005cadc       0x50 zephyr/drivers/timer/libdrivers__timer.a(nrf_rtc_timer.c.obj)
 .text.compare_int_unlock
                0x000000000005cb2c       0x4c zephyr/drivers/timer/libdrivers__timer.a(nrf_rtc_timer.c.obj)
 .text.z_nrf_rtc_timer_read
                0x000000000005cb78       0x44 zephyr/drivers/timer/libdrivers__timer.a(nrf_rtc_timer.c.obj)
                0x000000000005cb78                z_nrf_rtc_timer_read
 .text.compare_set
                0x000000000005cbbc      0x124 zephyr/drivers/timer/libdrivers__timer.a(nrf_rtc_timer.c.obj)
 .text.sys_clock_driver_init
                0x000000000005cce0       0x90 zephyr/drivers/timer/libdrivers__timer.a(nrf_rtc_timer.c.obj)
 .text.rtc_nrf_isr
                0x000000000005cd70       0xd0 zephyr/drivers/timer/libdrivers__timer.a(nrf_rtc_timer.c.obj)
                0x000000000005cd70                rtc_nrf_isr
 .text.sys_clock_set_timeout
                0x000000000005ce40       0x68 zephyr/drivers/timer/libdrivers__timer.a(nrf_rtc_timer.c.obj)
                0x000000000005ce40                sys_clock_set_timeout
 .text.sys_clock_elapsed
                0x000000000005cea8       0x20 zephyr/drivers/timer/libdrivers__timer.a(nrf_rtc_timer.c.obj)
                0x000000000005cea8                sys_clock_elapsed
 .text.nrfx_flag32_alloc
                0x000000000005cec8       0x40 modules/hal_nordic/nrfx/libmodules__hal_nordic__nrfx.a(nrfx_flag32_allocator.c.obj)
                0x000000000005cec8                nrfx_flag32_alloc
 .text.nrfx_flag32_free
                0x000000000005cf08       0x38 modules/hal_nordic/nrfx/libmodules__hal_nordic__nrfx.a(nrfx_flag32_allocator.c.obj)
                0x000000000005cf08                nrfx_flag32_free
 .text.nrfx_gppi_channels_enable
                0x000000000005cf40        0xc modules/hal_nordic/nrfx/libmodules__hal_nordic__nrfx.a(nrfx_gppi_dppi.c.obj)
                0x000000000005cf40                nrfx_gppi_channels_enable
 .text.nrfx_gppi_channel_alloc
                0x000000000005cf4c        0xc modules/hal_nordic/nrfx/libmodules__hal_nordic__nrfx.a(nrfx_gppi_dppi.c.obj)
                0x000000000005cf4c                nrfx_gppi_channel_alloc
 .text.clock_stop
                0x000000000005cf58       0xfc modules/hal_nordic/nrfx/libmodules__hal_nordic__nrfx.a(nrfx_clock.c.obj)
 .text.nrfx_clock_init
                0x000000000005d054       0x20 modules/hal_nordic/nrfx/libmodules__hal_nordic__nrfx.a(nrfx_clock.c.obj)
                0x000000000005d054                nrfx_clock_init
 .text.nrfx_clock_enable
                0x000000000005d074       0x30 modules/hal_nordic/nrfx/libmodules__hal_nordic__nrfx.a(nrfx_clock.c.obj)
                0x000000000005d074                nrfx_clock_enable
 .text.nrfx_clock_start
                0x000000000005d0a4       0xd8 modules/hal_nordic/nrfx/libmodules__hal_nordic__nrfx.a(nrfx_clock.c.obj)
                0x000000000005d0a4                nrfx_clock_start
 .text.nrfx_power_clock_irq_handler
                0x000000000005d17c       0xac modules/hal_nordic/nrfx/libmodules__hal_nordic__nrfx.a(nrfx_clock.c.obj)
                0x000000000005d17c                nrfx_power_clock_irq_handler
 .text.nrfx_dppi_channel_alloc
                0x000000000005d228       0x10 modules/hal_nordic/nrfx/libmodules__hal_nordic__nrfx.a(nrfx_dppi.c.obj)
                0x000000000005d228                nrfx_dppi_channel_alloc
 .text.nrf_gpio_pin_port_decode
                0x000000000005d238       0x24 modules/hal_nordic/nrfx/libmodules__hal_nordic__nrfx.a(nrfx_gpiote.c.obj)
 .text.get_pin_idx
                0x000000000005d25c       0x14 modules/hal_nordic/nrfx/libmodules__hal_nordic__nrfx.a(nrfx_gpiote.c.obj)
 .text.call_handler.constprop.0
                0x000000000005d270       0x40 modules/hal_nordic/nrfx/libmodules__hal_nordic__nrfx.a(nrfx_gpiote.c.obj)
 .text.pin_te_get.constprop.0
                0x000000000005d2b0       0x18 modules/hal_nordic/nrfx/libmodules__hal_nordic__nrfx.a(nrfx_gpiote.c.obj)
 .text.pin_is_output.constprop.0
                0x000000000005d2c8       0x18 modules/hal_nordic/nrfx/libmodules__hal_nordic__nrfx.a(nrfx_gpiote.c.obj)
 .text.pin_in_use_by_te.constprop.0
                0x000000000005d2e0       0x18 modules/hal_nordic/nrfx/libmodules__hal_nordic__nrfx.a(nrfx_gpiote.c.obj)
 .text.latch_pending_read_and_check
                0x000000000005d2f8       0x3c modules/hal_nordic/nrfx/libmodules__hal_nordic__nrfx.a(nrfx_gpiote.c.obj)
 .text.release_handler.isra.0
                0x000000000005d334       0x58 modules/hal_nordic/nrfx/libmodules__hal_nordic__nrfx.a(nrfx_gpiote.c.obj)
 .text.__nrfy_internal_gpiote_events_process.constprop.0
                0x000000000005d38c       0x5c modules/hal_nordic/nrfx/libmodules__hal_nordic__nrfx.a(nrfx_gpiote.c.obj)
 .text.pin_uninit
                0x000000000005d3e8       0x84 modules/hal_nordic/nrfx/libmodules__hal_nordic__nrfx.a(nrfx_gpiote.c.obj)
 .text.nrfx_gpiote_input_configure
                0x000000000005d46c      0x178 modules/hal_nordic/nrfx/libmodules__hal_nordic__nrfx.a(nrfx_gpiote.c.obj)
                0x000000000005d46c                nrfx_gpiote_input_configure
 .text.nrfx_gpiote_output_configure
                0x000000000005d5e4      0x104 modules/hal_nordic/nrfx/libmodules__hal_nordic__nrfx.a(nrfx_gpiote.c.obj)
                0x000000000005d5e4                nrfx_gpiote_output_configure
 .text.nrfx_gpiote_global_callback_set
                0x000000000005d6e8        0xc modules/hal_nordic/nrfx/libmodules__hal_nordic__nrfx.a(nrfx_gpiote.c.obj)
                0x000000000005d6e8                nrfx_gpiote_global_callback_set
 .text.nrfx_gpiote_channel_get
                0x000000000005d6f4       0x34 modules/hal_nordic/nrfx/libmodules__hal_nordic__nrfx.a(nrfx_gpiote.c.obj)
                0x000000000005d6f4                nrfx_gpiote_channel_get
 .text.nrfx_gpiote_init
                0x000000000005d728       0x64 modules/hal_nordic/nrfx/libmodules__hal_nordic__nrfx.a(nrfx_gpiote.c.obj)
                0x000000000005d728                nrfx_gpiote_init
 .text.nrfx_gpiote_init_check
                0x000000000005d78c       0x14 modules/hal_nordic/nrfx/libmodules__hal_nordic__nrfx.a(nrfx_gpiote.c.obj)
                0x000000000005d78c                nrfx_gpiote_init_check
 .text.nrfx_gpiote_channel_free
                0x000000000005d7a0        0xc modules/hal_nordic/nrfx/libmodules__hal_nordic__nrfx.a(nrfx_gpiote.c.obj)
                0x000000000005d7a0                nrfx_gpiote_channel_free
 .text.nrfx_gpiote_channel_alloc
                0x000000000005d7ac        0xc modules/hal_nordic/nrfx/libmodules__hal_nordic__nrfx.a(nrfx_gpiote.c.obj)
                0x000000000005d7ac                nrfx_gpiote_channel_alloc
 .text.nrfx_gpiote_trigger_enable
                0x000000000005d7b8       0xac modules/hal_nordic/nrfx/libmodules__hal_nordic__nrfx.a(nrfx_gpiote.c.obj)
                0x000000000005d7b8                nrfx_gpiote_trigger_enable
 .text.nrfx_gpiote_1_irq_handler
                0x000000000005d864      0x1b8 modules/hal_nordic/nrfx/libmodules__hal_nordic__nrfx.a(nrfx_gpiote.c.obj)
                0x000000000005d864                nrfx_gpiote_1_irq_handler
 .text.nrfx_ipc_init
                0x000000000005da1c       0x30 modules/hal_nordic/nrfx/libmodules__hal_nordic__nrfx.a(nrfx_ipc.c.obj)
                0x000000000005da1c                nrfx_ipc_init
 .text.nrfx_ipc_config_load
                0x000000000005da4c       0x40 modules/hal_nordic/nrfx/libmodules__hal_nordic__nrfx.a(nrfx_ipc.c.obj)
                0x000000000005da4c                nrfx_ipc_config_load
 .text.nrfx_ipc_receive_event_enable
                0x000000000005da8c       0x10 modules/hal_nordic/nrfx/libmodules__hal_nordic__nrfx.a(nrfx_ipc.c.obj)
                0x000000000005da8c                nrfx_ipc_receive_event_enable
 .text.nrfx_ipc_receive_event_disable
                0x000000000005da9c       0x10 modules/hal_nordic/nrfx/libmodules__hal_nordic__nrfx.a(nrfx_ipc.c.obj)
                0x000000000005da9c                nrfx_ipc_receive_event_disable
 .text.nrfx_ipc_irq_handler
                0x000000000005daac       0x40 modules/hal_nordic/nrfx/libmodules__hal_nordic__nrfx.a(nrfx_ipc.c.obj)
                0x000000000005daac                nrfx_ipc_irq_handler
 .text.tfm_ns_interface_dispatch
                0x000000000005daec       0x64 modules/trusted-firmware-m/libtfm_api.a(interface.c.obj)
                0x000000000005daec                tfm_ns_interface_dispatch
 .text.tfm_platform_ioctl
                0x000000000005db50       0x4c modules/trusted-firmware-m/libtfm_api.a(tfm_platform_api.c.obj)
                0x000000000005db50                tfm_platform_ioctl
 .text.psa_import_key
                0x000000000005db9c       0x58 modules/trusted-firmware-m/libtfm_api.a(tfm_crypto_api.c.obj)
                0x000000000005db9c                psa_import_key
 .text.psa_destroy_key
                0x000000000005dbf4       0x3c modules/trusted-firmware-m/libtfm_api.a(tfm_crypto_api.c.obj)
                0x000000000005dbf4                psa_destroy_key
 .text.psa_export_key
                0x000000000005dc30       0x4c modules/trusted-firmware-m/libtfm_api.a(tfm_crypto_api.c.obj)
                0x000000000005dc30                psa_export_key
 .text.psa_export_public_key
                0x000000000005dc7c       0x4c modules/trusted-firmware-m/libtfm_api.a(tfm_crypto_api.c.obj)
                0x000000000005dc7c                psa_export_public_key
 .text.psa_mac_sign_setup
                0x000000000005dcc8       0x4c modules/trusted-firmware-m/libtfm_api.a(tfm_crypto_api.c.obj)
                0x000000000005dcc8                psa_mac_sign_setup
 .text.psa_mac_update
                0x000000000005dd14       0x44 modules/trusted-firmware-m/libtfm_api.a(tfm_crypto_api.c.obj)
                0x000000000005dd14                psa_mac_update
 .text.psa_mac_sign_finish
                0x000000000005dd58       0x5c modules/trusted-firmware-m/libtfm_api.a(tfm_crypto_api.c.obj)
                0x000000000005dd58                psa_mac_sign_finish
 .text.psa_generate_random
                0x000000000005ddb4       0x48 modules/trusted-firmware-m/libtfm_api.a(tfm_crypto_api.c.obj)
                0x000000000005ddb4                psa_generate_random
 .text.psa_generate_key
                0x000000000005ddfc       0x4c modules/trusted-firmware-m/libtfm_api.a(tfm_crypto_api.c.obj)
                0x000000000005ddfc                psa_generate_key
 .text.psa_mac_compute
                0x000000000005de48       0x58 modules/trusted-firmware-m/libtfm_api.a(tfm_crypto_api.c.obj)
                0x000000000005de48                psa_mac_compute
 .text.psa_cipher_encrypt
                0x000000000005dea0       0x58 modules/trusted-firmware-m/libtfm_api.a(tfm_crypto_api.c.obj)
                0x000000000005dea0                psa_cipher_encrypt
 .text.psa_raw_key_agreement
                0x000000000005def8       0x58 modules/trusted-firmware-m/libtfm_api.a(tfm_crypto_api.c.obj)
                0x000000000005def8                psa_raw_key_agreement
 .text.psa_initial_attest_get_token
                0x000000000005df50       0x30 modules/trusted-firmware-m/libtfm_api.a(tfm_attest_api.c.obj)
                0x000000000005df50                psa_initial_attest_get_token
 .text.psa_framework_version
                0x000000000005df80       0x1c modules/trusted-firmware-m/libtfm_api.a(tfm_tz_psa_ns_api.c.obj)
                0x000000000005df80                psa_framework_version
 .text.psa_version
                0x000000000005df9c       0x1c modules/trusted-firmware-m/libtfm_api.a(tfm_tz_psa_ns_api.c.obj)
                0x000000000005df9c                psa_version
 .text.psa_call
                0x000000000005dfb8       0x34 modules/trusted-firmware-m/libtfm_api.a(tfm_tz_psa_ns_api.c.obj)
                0x000000000005dfb8                psa_call
 .text.k_sys_fatal_error_handler
                0x000000000005dfec       0x20 zephyr/kernel/libkernel.a(fatal.c.obj)
                0x000000000005dfec                k_sys_fatal_error_handler
 .text.z_fatal_error
                0x000000000005e00c       0xe8 zephyr/kernel/libkernel.a(fatal.c.obj)
                0x000000000005e00c                z_fatal_error
 .text.z_sys_init_run_level
                0x000000000005e0f4       0x2c zephyr/kernel/libkernel.a(init.c.obj)
 .text.bg_thread_main
                0x000000000005e120       0xc4 zephyr/kernel/libkernel.a(init.c.obj)
 .text.z_bss_zero
                0x000000000005e1e4       0x18 zephyr/kernel/libkernel.a(init.c.obj)
                0x000000000005e1e4                z_bss_zero
 .text.z_init_cpu
                0x000000000005e1fc       0x68 zephyr/kernel/libkernel.a(init.c.obj)
                0x000000000005e1fc                z_init_cpu
 .text.z_cstart
                0x000000000005e264       0xd4 zephyr/kernel/libkernel.a(init.c.obj)
                0x000000000005e264                z_cstart
 .text.statics_init
                0x000000000005e338       0x24 zephyr/kernel/libkernel.a(kheap.c.obj)
 .text.init_mem_slab_obj_core_list
                0x000000000005e35c       0x24 zephyr/kernel/libkernel.a(mem_slab.c.obj)
 .text.k_mem_slab_alloc
                0x000000000005e380       0x5c zephyr/kernel/libkernel.a(mem_slab.c.obj)
                0x000000000005e380                k_mem_slab_alloc
 .text.z_impl_k_mutex_lock
                0x000000000005e3dc       0xf0 zephyr/kernel/libkernel.a(mutex.c.obj)
                0x000000000005e3dc                z_impl_k_mutex_lock
 .text.z_impl_k_mutex_unlock
                0x000000000005e4cc       0xa0 zephyr/kernel/libkernel.a(mutex.c.obj)
                0x000000000005e4cc                z_impl_k_mutex_unlock
 .text.z_impl_k_queue_get
                0x000000000005e56c       0x64 zephyr/kernel/libkernel.a(queue.c.obj)
                0x000000000005e56c                z_impl_k_queue_get
 .text.z_impl_k_sem_give
                0x000000000005e5d0       0x68 zephyr/kernel/libkernel.a(sem.c.obj)
                0x000000000005e5d0                z_impl_k_sem_give
 .text.z_impl_k_sem_take
                0x000000000005e638       0x4c zephyr/kernel/libkernel.a(sem.c.obj)
                0x000000000005e638                z_impl_k_sem_take
 .text.k_sys_work_q_init
                0x000000000005e684       0x34 zephyr/kernel/libkernel.a(system_work_q.c.obj)
 .text.work_queue_main
                0x000000000005e6b8      0x14c zephyr/kernel/libkernel.a(work.c.obj)
 .text.cancel_sync_locked
                0x000000000005e804       0x3c zephyr/kernel/libkernel.a(work.c.obj)
 .text.submit_to_queue_locked
                0x000000000005e840       0xb4 zephyr/kernel/libkernel.a(work.c.obj)
 .text.work_flush_locked
                0x000000000005e8f4       0x78 zephyr/kernel/libkernel.a(work.c.obj)
 .text.k_work_submit
                0x000000000005e96c        0xc zephyr/kernel/libkernel.a(work.c.obj)
                0x000000000005e96c                k_work_submit
 .text.k_work_queue_start
                0x000000000005e978       0x7c zephyr/kernel/libkernel.a(work.c.obj)
                0x000000000005e978                k_work_queue_start
 .text.k_work_schedule_for_queue
                0x000000000005e9f4       0x54 zephyr/kernel/libkernel.a(work.c.obj)
                0x000000000005e9f4                k_work_schedule_for_queue
 .text.k_work_schedule
                0x000000000005ea48        0xc zephyr/kernel/libkernel.a(work.c.obj)
                0x000000000005ea48                k_work_schedule
 .text.k_work_reschedule_for_queue
                0x000000000005ea54       0x5c zephyr/kernel/libkernel.a(work.c.obj)
                0x000000000005ea54                k_work_reschedule_for_queue
 .text.k_work_reschedule
                0x000000000005eab0        0xc zephyr/kernel/libkernel.a(work.c.obj)
                0x000000000005eab0                k_work_reschedule
 .text.z_setup_new_thread
                0x000000000005eabc       0x7c zephyr/kernel/libkernel.a(thread.c.obj)
                0x000000000005eabc                z_setup_new_thread
 .text.z_impl_k_thread_create
                0x000000000005eb38       0x58 zephyr/kernel/libkernel.a(thread.c.obj)
                0x000000000005eb38                z_impl_k_thread_create
 .text.z_dummy_thread_init
                0x000000000005eb90       0x20 zephyr/kernel/libkernel.a(thread.c.obj)
                0x000000000005eb90                z_dummy_thread_init
 .text.z_swap_irqlock
                0x000000000005ebb0       0x30 zephyr/kernel/libkernel.a(sched.c.obj)
 .text.ready_thread
                0x000000000005ebe0       0x84 zephyr/kernel/libkernel.a(sched.c.obj)
 .text.unready_thread
                0x000000000005ec64       0x54 zephyr/kernel/libkernel.a(sched.c.obj)
 .text.move_thread_to_end_of_prio_q
                0x000000000005ecb8       0x90 zephyr/kernel/libkernel.a(sched.c.obj)
                0x000000000005ecb8                move_thread_to_end_of_prio_q
 .text.z_pend_curr
                0x000000000005ed48       0x58 zephyr/kernel/libkernel.a(sched.c.obj)
                0x000000000005ed48                z_pend_curr
 .text.z_thread_prio_set
                0x000000000005eda0       0xa0 zephyr/kernel/libkernel.a(sched.c.obj)
                0x000000000005eda0                z_thread_prio_set
 .text.z_reschedule
                0x000000000005ee40       0x24 zephyr/kernel/libkernel.a(sched.c.obj)
                0x000000000005ee40                z_reschedule
 .text.z_reschedule_irqlock
                0x000000000005ee64       0x28 zephyr/kernel/libkernel.a(sched.c.obj)
                0x000000000005ee64                z_reschedule_irqlock
 .text.k_sched_lock
                0x000000000005ee8c       0x28 zephyr/kernel/libkernel.a(sched.c.obj)
                0x000000000005ee8c                k_sched_lock
 .text.k_sched_unlock
                0x000000000005eeb4       0x68 zephyr/kernel/libkernel.a(sched.c.obj)
                0x000000000005eeb4                k_sched_unlock
 .text.z_sched_init
                0x000000000005ef1c       0x10 zephyr/kernel/libkernel.a(sched.c.obj)
                0x000000000005ef1c                z_sched_init
 .text.z_impl_k_yield
                0x000000000005ef2c       0x88 zephyr/kernel/libkernel.a(sched.c.obj)
                0x000000000005ef2c                z_impl_k_yield
 .text.z_tick_sleep
                0x000000000005efb4       0x80 zephyr/kernel/libkernel.a(sched.c.obj)
 .text.z_impl_k_wakeup
                0x000000000005f034       0x4c zephyr/kernel/libkernel.a(sched.c.obj)
                0x000000000005f034                z_impl_k_wakeup
 .text.z_impl_k_sched_current_thread_query
                0x000000000005f080        0xc zephyr/kernel/libkernel.a(sched.c.obj)
                0x000000000005f080                z_impl_k_sched_current_thread_query
 .text.z_thread_abort
                0x000000000005f08c      0x104 zephyr/kernel/libkernel.a(sched.c.obj)
                0x000000000005f08c                z_thread_abort
 .text.z_sched_wait
                0x000000000005f190       0x24 zephyr/kernel/libkernel.a(sched.c.obj)
                0x000000000005f190                z_sched_wait
 .text.slice_timeout
                0x000000000005f1b4       0x20 zephyr/kernel/libkernel.a(timeslicing.c.obj)
 .text.thread_is_sliceable
                0x000000000005f1d4       0x3c zephyr/kernel/libkernel.a(timeslicing.c.obj)
                0x000000000005f1d4                thread_is_sliceable
 .text.z_reset_time_slice
                0x000000000005f210       0x50 zephyr/kernel/libkernel.a(timeslicing.c.obj)
                0x000000000005f210                z_reset_time_slice
 .text.z_time_slice
                0x000000000005f260       0x60 zephyr/kernel/libkernel.a(timeslicing.c.obj)
                0x000000000005f260                z_time_slice
 .text.z_data_copy
                0x000000000005f2c0       0x38 zephyr/kernel/libkernel.a(xip.c.obj)
                0x000000000005f2c0                z_data_copy
 .text.first    0x000000000005f2f8       0x10 zephyr/kernel/libkernel.a(timeout.c.obj)
 .text.elapsed  0x000000000005f308       0x14 zephyr/kernel/libkernel.a(timeout.c.obj)
 .text.remove_timeout
                0x000000000005f31c       0x38 zephyr/kernel/libkernel.a(timeout.c.obj)
 .text.z_add_timeout
                0x000000000005f354       0xec zephyr/kernel/libkernel.a(timeout.c.obj)
                0x000000000005f354                z_add_timeout
 .text.sys_clock_announce
                0x000000000005f440       0xbc zephyr/kernel/libkernel.a(timeout.c.obj)
                0x000000000005f440                sys_clock_announce
 .text.sys_clock_tick_get
                0x000000000005f4fc       0x30 zephyr/kernel/libkernel.a(timeout.c.obj)
                0x000000000005f4fc                sys_clock_tick_get
 .text.z_timer_expiration_handler
                0x000000000005f52c       0xe0 zephyr/kernel/libkernel.a(timer.c.obj)
                0x000000000005f52c                z_timer_expiration_handler
 .text.z_impl_k_timer_start
                0x000000000005f60c       0x74 zephyr/kernel/libkernel.a(timer.c.obj)
                0x000000000005f60c                z_impl_k_timer_start
 .text.z_impl_k_poll_signal_raise
                0x000000000005f680       0x50 zephyr/kernel/libkernel.a(poll.c.obj)
                0x000000000005f680                z_impl_k_poll_signal_raise
 .text.k_thread_system_pool_assign
                0x000000000005f6d0        0xc zephyr/kernel/libkernel.a(mempool.c.obj)
                0x000000000005f6d0                k_thread_system_pool_assign
 .text.z_thread_aligned_alloc
                0x000000000005f6dc       0x30 zephyr/kernel/libkernel.a(mempool.c.obj)
                0x000000000005f6dc                z_thread_aligned_alloc
 .text.boot_banner
                0x000000000005f70c        0xc zephyr/kernel/libkernel.a(banner.c.obj)
                0x000000000005f70c                boot_banner