Archive member included to satisfy reference by file (symbol)

bl2/ext/mcuboot/bootutil/libbootutil.a(fault_injection_hardening.o)
                              bl2/CMakeFiles/bl2.dir/src/security_cnt.o (FIH_FAILURE)
bl2/ext/mcuboot/bootutil/libbootutil.a(loader.o)
                              bl2/CMakeFiles/bl2.dir/ext/mcuboot/bl2_main.o (boot_go_for_image_id)
bl2/ext/mcuboot/bootutil/libbootutil.a(swap_scratch.o)
                              bl2/ext/mcuboot/bootutil/libbootutil.a(loader.o) (boot_status_internal_off)
bl2/ext/mcuboot/bootutil/libbootutil.a(tlv.o)
                              bl2/ext/mcuboot/bootutil/libbootutil.a(loader.o) (bootutil_tlv_iter_begin)
bl2/ext/mcuboot/bootutil/libbootutil.a(boot_record.o)
                              bl2/ext/mcuboot/bootutil/libbootutil.a(loader.o) (boot_save_boot_status)
bl2/ext/mcuboot/bootutil/libbootutil.a(bootutil_misc.o)
                              bl2/ext/mcuboot/bootutil/libbootutil.a(swap_scratch.o) (boot_status_entries)
bl2/ext/mcuboot/bootutil/libbootutil.a(bootutil_public.o)
                              bl2/ext/mcuboot/bootutil/libbootutil.a(bootutil_misc.o) (boot_swap_info_off)
bl2/ext/mcuboot/bootutil/libbootutil.a(image_validate.o)
                              bl2/ext/mcuboot/bootutil/libbootutil.a(loader.o) (bootutil_get_img_security_cnt)
bl2/ext/mcuboot/bootutil/libbootutil.a(image_ecdsa.o)
                              bl2/ext/mcuboot/bootutil/libbootutil.a(image_validate.o) (bootutil_verify_sig)
platform/libplatform_bl2.a(Driver_Flash.o)
                              bl2/CMakeFiles/bl2.dir/src/default_flash_map.o (Driver_FLASH0)
platform/libplatform_bl2.a(nrfx_nvmc.o)
                              platform/libplatform_bl2.a(Driver_Flash.o) (nrfx_nvmc_page_erase)
platform/libplatform_bl2.a(system_nrf5340_application.o)
                              bl2/CMakeFiles/bl2.dir/__/platform/ext/target/nordic_nrf/common/core/startup.o (SystemInit)
platform/libplatform_bl2.a(boot_hal_bl2.o)
                              bl2/CMakeFiles/bl2.dir/ext/mcuboot/bl2_main.o (boot_platform_init)
platform/libplatform_bl2.a(uart_stdout.o)
                              bl2/CMakeFiles/bl2.dir/ext/mcuboot/bl2_main.o (stdio_init)
platform/libplatform_bl2.a(nv_counters.o)
                              bl2/CMakeFiles/bl2.dir/src/security_cnt.o (tfm_plat_init_nv_counter)
platform/libplatform_bl2.a(flash_otp_nv_counters_backend.o)
                              platform/libplatform_bl2.a(nv_counters.o) (read_otp_nv_counters_flash)
platform/libplatform_bl2.a(otp_flash.o)
                              bl2/CMakeFiles/bl2.dir/ext/mcuboot/bl2_main.o (tfm_plat_otp_init)
platform/libplatform_bl2.a(Driver_USART.o)
                              platform/libplatform_bl2.a(uart_stdout.o) (Driver_USART1)
platform/libplatform_bl2.a(nrfx_uarte.o)
                              platform/libplatform_bl2.a(Driver_USART.o) (nrfx_uarte_init)
platform/libplatform_bl2.a(nrfx_glue.o)
                              platform/libplatform_bl2.a(nrfx_uarte.o) (nrfx_critical_section_enter)
bl2/mbedcrypto/library/libmbedcrypto.a(memory_buffer_alloc.o)
                              bl2/CMakeFiles/bl2.dir/ext/mcuboot/bl2_main.o (mbedtls_memory_buffer_alloc_init)
bl2/mbedcrypto/library/libmbedcrypto.a(platform.o)
                              bl2/mbedcrypto/library/libmbedcrypto.a(memory_buffer_alloc.o) (mbedtls_platform_set_calloc_free)
bl2/mbedcrypto/library/libmbedcrypto.a(platform_util.o)
                              bl2/mbedcrypto/library/libmbedcrypto.a(memory_buffer_alloc.o) (mbedtls_platform_zeroize)
bl2/mbedcrypto/library/libmbedcrypto.a(psa_crypto_hash.o)
                              bl2/CMakeFiles/bl2.dir/src/thin_psa_crypto_core.o (mbedtls_psa_hash_abort)
bl2/mbedcrypto/library/libmbedcrypto.a(sha256.o)
                              bl2/mbedcrypto/library/libmbedcrypto.a(psa_crypto_hash.o) (mbedtls_sha256_init)
bl2/mbedcrypto/3rdparty/p256-m/libbl2_p256m.a(p256-m_driver_entrypoints.o)
                              bl2/CMakeFiles/bl2.dir/src/thin_psa_crypto_core.o (p256_transparent_verify_hash)
bl2/mbedcrypto/3rdparty/p256-m/libbl2_p256m.a(p256-m.o)
                              bl2/mbedcrypto/3rdparty/p256-m/libbl2_p256m.a(p256-m_driver_entrypoints.o) (p256_gen_keypair)
/home/blanc/zephyr-sdk-0.17.0/arm-zephyr-eabi/bin/../lib/gcc/arm-zephyr-eabi/12.2.0/../../../../arm-zephyr-eabi/lib/thumb/v8-m.main/nofp/libc_nano.a(lib_a-calloc.o)
                              bl2/mbedcrypto/library/libmbedcrypto.a(platform.o) (calloc)
/home/blanc/zephyr-sdk-0.17.0/arm-zephyr-eabi/bin/../lib/gcc/arm-zephyr-eabi/12.2.0/../../../../arm-zephyr-eabi/lib/thumb/v8-m.main/nofp/libc_nano.a(lib_a-exit.o)
                              /home/blanc/zephyr-sdk-0.17.0/arm-zephyr-eabi/bin/../lib/gcc/arm-zephyr-eabi/12.2.0/../../../../arm-zephyr-eabi/lib/thumb/v8-m.main/nofp/crt0.o (exit)
[...]
Memory Configuration

Name             Origin             Length             Attributes
FLASH            0x0000000000000000 0x0000000000010000 xr
RAM              0x0000000020000000 0x0000000000080000 xrw
*default*        0x0000000000000000 0xffffffffffffffff

Linker script and memory map

LOAD /home/blanc/zephyr-sdk-0.17.0/arm-zephyr-eabi/bin/../lib/gcc/arm-zephyr-eabi/12.2.0/thumb/v8-m.main/nofp/crti.o
LOAD /home/blanc/zephyr-sdk-0.17.0/arm-zephyr-eabi/bin/../lib/gcc/arm-zephyr-eabi/12.2.0/thumb/v8-m.main/nofp/crtbegin.o
LOAD /home/blanc/zephyr-sdk-0.17.0/arm-zephyr-eabi/bin/../lib/gcc/arm-zephyr-eabi/12.2.0/../../../../arm-zephyr-eabi/lib/thumb/v8-m.main/nofp/crt0.o
LOAD bl2/CMakeFiles/bl2.dir/src/flash_map.o
LOAD bl2/CMakeFiles/bl2.dir/src/security_cnt.o
LOAD bl2/CMakeFiles/bl2.dir/src/default_flash_map.o
LOAD bl2/CMakeFiles/bl2.dir/src/provisioning.o
LOAD bl2/CMakeFiles/bl2.dir/src/thin_psa_crypto_core.o
LOAD bl2/CMakeFiles/bl2.dir/__/platform/ext/common/syscalls_stub.o
LOAD bl2/CMakeFiles/bl2.dir/ext/mcuboot/bl2_main.o
LOAD bl2/CMakeFiles/bl2.dir/ext/mcuboot/keys.o
LOAD bl2/CMakeFiles/bl2.dir/ext/mcuboot/flash_map_extended.o
LOAD bl2/CMakeFiles/bl2.dir/ext/mcuboot/flash_map_legacy.o
LOAD bl2/CMakeFiles/bl2.dir/__/platform/ext/target/nordic_nrf/common/core/startup.o
LOAD bl2/CMakeFiles/bl2.dir/__/platform/ext/target/nordic_nrf/common/core/startup_nrf5340.o
LOAD bl2/ext/mcuboot/bootutil/libbootutil.a
LOAD platform/libplatform_bl2.a
LOAD bl2/mbedcrypto/library/libmbedcrypto.a
LOAD bl2/mbedcrypto/3rdparty/p256-m/libbl2_p256m.a
LOAD bl2/mbedcrypto/library/libmbedcrypto.a
LOAD bl2/mbedcrypto/3rdparty/p256-m/libbl2_p256m.a
LOAD bl2/mbedcrypto/3rdparty/everest/libbl2_everest.a
START GROUP
LOAD /home/blanc/zephyr-sdk-0.17.0/arm-zephyr-eabi/bin/../lib/gcc/arm-zephyr-eabi/12.2.0/thumb/v8-m.main/nofp/libgcc.a
LOAD /home/blanc/zephyr-sdk-0.17.0/arm-zephyr-eabi/bin/../lib/gcc/arm-zephyr-eabi/12.2.0/../../../../arm-zephyr-eabi/lib/thumb/v8-m.main/nofp/libc_nano.a
END GROUP
START GROUP
LOAD /home/blanc/zephyr-sdk-0.17.0/arm-zephyr-eabi/bin/../lib/gcc/arm-zephyr-eabi/12.2.0/thumb/v8-m.main/nofp/libgcc.a
LOAD /home/blanc/zephyr-sdk-0.17.0/arm-zephyr-eabi/bin/../lib/gcc/arm-zephyr-eabi/12.2.0/../../../../arm-zephyr-eabi/lib/thumb/v8-m.main/nofp/libc_nano.a
LOAD /home/blanc/zephyr-sdk-0.17.0/arm-zephyr-eabi/bin/../lib/gcc/arm-zephyr-eabi/12.2.0/../../../../arm-zephyr-eabi/lib/thumb/v8-m.main/nofp/libnosys.a
END GROUP
START GROUP
LOAD /home/blanc/zephyr-sdk-0.17.0/arm-zephyr-eabi/bin/../lib/gcc/arm-zephyr-eabi/12.2.0/thumb/v8-m.main/nofp/libgcc.a
LOAD /home/blanc/zephyr-sdk-0.17.0/arm-zephyr-eabi/bin/../lib/gcc/arm-zephyr-eabi/12.2.0/../../../../arm-zephyr-eabi/lib/thumb/v8-m.main/nofp/libc_nano.a
LOAD /home/blanc/zephyr-sdk-0.17.0/arm-zephyr-eabi/bin/../lib/gcc/arm-zephyr-eabi/12.2.0/../../../../arm-zephyr-eabi/lib/thumb/v8-m.main/nofp/libnosys.a
END GROUP
LOAD /home/blanc/zephyr-sdk-0.17.0/arm-zephyr-eabi/bin/../lib/gcc/arm-zephyr-eabi/12.2.0/thumb/v8-m.main/nofp/crtend.o
LOAD /home/blanc/zephyr-sdk-0.17.0/arm-zephyr-eabi/bin/../lib/gcc/arm-zephyr-eabi/12.2.0/thumb/v8-m.main/nofp/crtn.o
                0x0000000000001000                __heap_size__ = 0x1000
                0x0000000000001800                __msp_stack_size__ = 0x1800

.text           0x0000000000000000     0x6ea8
 *(.vectors)
 .vectors       0x0000000000000000      0x154 bl2/CMakeFiles/bl2.dir/__/platform/ext/target/nordic_nrf/common/core/startup_nrf5340.o
                0x0000000000000000                __Vectors
                0x0000000000000154                __Vectors_End = .
                0x0000000000000154                __Vectors_Size = (__Vectors_End - __Vectors)
                0x0000000020004c20                __end__ = .
 *(.text*)
 .text          0x0000000000000154       0x88 /home/blanc/zephyr-sdk-0.17.0/arm-zephyr-eabi/bin/../lib/gcc/arm-zephyr-eabi/12.2.0/thumb/v8-m.main/nofp/crtbegin.o
 .text          0x00000000000001dc       0x7c /home/blanc/zephyr-sdk-0.17.0/arm-zephyr-eabi/bin/../lib/gcc/arm-zephyr-eabi/12.2.0/../../../../arm-zephyr-eabi/lib/thumb/v8-m.main/nofp/crt0.o
                0x00000000000001dc                _stack_init
                0x00000000000001e4                _mainCRTStartup
                0x00000000000001e4                _start
 .text.is_range_valid
                0x0000000000000258       0x16 bl2/CMakeFiles/bl2.dir/src/flash_map.o
 *fill*         0x000000000000026e        0x2 
 .text.flash_area_open
                0x0000000000000270       0x38 bl2/CMakeFiles/bl2.dir/src/flash_map.o
                0x0000000000000270                flash_area_open
 .text.flash_area_close
                0x00000000000002a8        0x2 bl2/CMakeFiles/bl2.dir/src/flash_map.o
                0x00000000000002a8                flash_area_close
 *fill*         0x00000000000002aa        0x2 
 .text.flash_area_read
                0x00000000000002ac      0x100 bl2/CMakeFiles/bl2.dir/src/flash_map.o
                0x00000000000002ac                flash_area_read
 .text.flash_area_write
                0x00000000000003ac      0x1b0 bl2/CMakeFiles/bl2.dir/src/flash_map.o
                0x00000000000003ac                flash_area_write
 .text.flash_area_erase
                0x000000000000055c       0x42 bl2/CMakeFiles/bl2.dir/src/flash_map.o
                0x000000000000055c                flash_area_erase
 .text.flash_area_align
                0x000000000000059e        0xc bl2/CMakeFiles/bl2.dir/src/flash_map.o
                0x000000000000059e                flash_area_align
 *fill*         0x00000000000005aa        0x2 
 .text.boot_nv_security_counter_init
                0x00000000000005ac       0x1c bl2/CMakeFiles/bl2.dir/src/security_cnt.o
                0x00000000000005ac                boot_nv_security_counter_init
 .text.boot_nv_security_counter_get
                0x00000000000005c8       0x38 bl2/CMakeFiles/bl2.dir/src/security_cnt.o
                0x00000000000005c8                boot_nv_security_counter_get
 .text.boot_nv_security_counter_update
                0x0000000000000600       0x28 bl2/CMakeFiles/bl2.dir/src/security_cnt.o
                0x0000000000000600                boot_nv_security_counter_update
 .text.tfm_plat_provisioning_check_for_dummy_keys
                0x0000000000000628       0x5c bl2/CMakeFiles/bl2.dir/src/provisioning.o
                0x0000000000000628                tfm_plat_provisioning_check_for_dummy_keys
 .text.tfm_plat_provisioning_is_required
                0x0000000000000684       0x1e bl2/CMakeFiles/bl2.dir/src/provisioning.o
                0x0000000000000684                tfm_plat_provisioning_is_required
 *fill*         0x00000000000006a2        0x2 
 .text.provision_assembly_and_test
                0x00000000000006a4       0x30 bl2/CMakeFiles/bl2.dir/src/provisioning.o
                0x00000000000006a4                provision_assembly_and_test
 .text.tfm_plat_provisioning_perform
                0x00000000000006d4       0x60 bl2/CMakeFiles/bl2.dir/src/provisioning.o
                0x00000000000006d4                tfm_plat_provisioning_perform
 .text.psa_crypto_init
                0x0000000000000734        0x4 bl2/CMakeFiles/bl2.dir/src/thin_psa_crypto_core.o
                0x0000000000000734                psa_crypto_init
 .text.psa_hash_abort
                0x0000000000000738       0x1e bl2/CMakeFiles/bl2.dir/src/thin_psa_crypto_core.o
                0x0000000000000738                psa_hash_abort
 .text.psa_hash_setup
                0x0000000000000756       0x22 bl2/CMakeFiles/bl2.dir/src/thin_psa_crypto_core.o
                0x0000000000000756                psa_hash_setup
 .text.psa_hash_update
                0x0000000000000778       0x18 bl2/CMakeFiles/bl2.dir/src/thin_psa_crypto_core.o
                0x0000000000000778                psa_hash_update
 .text.psa_hash_finish
                0x0000000000000790       0x26 bl2/CMakeFiles/bl2.dir/src/thin_psa_crypto_core.o
                0x0000000000000790                psa_hash_finish
 *fill*         0x00000000000007b6        0x2 
 .text.psa_destroy_key
                0x00000000000007b8       0x40 bl2/CMakeFiles/bl2.dir/src/thin_psa_crypto_core.o
                0x00000000000007b8                psa_destroy_key
 .text.psa_verify_hash
                0x00000000000007f8       0x80 bl2/CMakeFiles/bl2.dir/src/thin_psa_crypto_core.o
                0x00000000000007f8                psa_verify_hash
 .text.mbedtls_to_psa_error
                0x0000000000000878        0xa bl2/CMakeFiles/bl2.dir/src/thin_psa_crypto_core.o
                0x0000000000000878                mbedtls_to_psa_error
 .text.psa_driver_wrapper_export_public_key
                0x0000000000000882       0x12 bl2/CMakeFiles/bl2.dir/src/thin_psa_crypto_core.o
                0x0000000000000882                psa_driver_wrapper_export_public_key
 .text._close   0x0000000000000894        0x2 bl2/CMakeFiles/bl2.dir/__/platform/ext/common/syscalls_stub.o
                0x0000000000000894                _close
 .text._fstat   0x0000000000000896        0x2 bl2/CMakeFiles/bl2.dir/__/platform/ext/common/syscalls_stub.o
                0x0000000000000896                _fstat
 .text._isatty  0x0000000000000898        0x2 bl2/CMakeFiles/bl2.dir/__/platform/ext/common/syscalls_stub.o
                0x0000000000000898                _isatty
 .text._lseek   0x000000000000089a        0x2 bl2/CMakeFiles/bl2.dir/__/platform/ext/common/syscalls_stub.o
                0x000000000000089a                _lseek
 .text._read    0x000000000000089c        0x2 bl2/CMakeFiles/bl2.dir/__/platform/ext/common/syscalls_stub.o
                0x000000000000089c                _read
 *fill*         0x000000000000089e        0x2 
 .text.startup.main
                0x00000000000008a0      0x190 bl2/CMakeFiles/bl2.dir/ext/mcuboot/bl2_main.o
                0x00000000000008a0                main
 .text.flash_device_base
                0x0000000000000a30       0x20 bl2/CMakeFiles/bl2.dir/ext/mcuboot/flash_map_extended.o
                0x0000000000000a30                flash_device_base
 .text.flash_area_id_from_multi_image_slot
                0x0000000000000a50       0x34 bl2/CMakeFiles/bl2.dir/ext/mcuboot/flash_map_extended.o
                0x0000000000000a50                flash_area_id_from_multi_image_slot
 .text.flash_area_erased_val
                0x0000000000000a84        0xc bl2/CMakeFiles/bl2.dir/ext/mcuboot/flash_map_extended.o
                0x0000000000000a84                flash_area_erased_val
 .text.flash_area_get_sectors
                0x0000000000000a90       0x8c bl2/CMakeFiles/bl2.dir/ext/mcuboot/flash_map_legacy.o
                0x0000000000000a90                flash_area_get_sectors
 .text.default_irq_handler
                0x0000000000000b1c        0x2 bl2/CMakeFiles/bl2.dir/__/platform/ext/target/nordic_nrf/common/core/startup.o
                0x0000000000000b1c                default_irq_handler
 *fill*         0x0000000000000b1e        0x2 
 .text.Reset_Handler
                0x0000000000000b20       0x78 bl2/CMakeFiles/bl2.dir/__/platform/ext/target/nordic_nrf/common/core/startup.o
                0x0000000000000b20                Reset_Handler
 .text.default_tfm_IRQHandler
                0x0000000000000b98        0x6 bl2/CMakeFiles/bl2.dir/__/platform/ext/target/nordic_nrf/common/core/startup_nrf5340.o
                0x0000000000000b98                TIMER2_IRQHandler
                0x0000000000000b98                DebugMon_Handler
                0x0000000000000b98                SPIM4_IRQHandler
                0x0000000000000b98                RTC0_IRQHandler
                0x0000000000000b98                SERIAL1_IRQHandler
                0x0000000000000b98                HardFault_Handler
                0x0000000000000b98                SysTick_Handler
                0x0000000000000b98                PWM1_IRQHandler
                0x0000000000000b98                SERIAL3_IRQHandler
                0x0000000000000b98                PendSV_Handler
                0x0000000000000b98                NMI_Handler
                0x0000000000000b98                WDT0_IRQHandler
                0x0000000000000b98                I2S0_IRQHandler
                0x0000000000000b98                default_tfm_IRQHandler
                0x0000000000000b98                IPC_IRQHandler
                0x0000000000000b98                SERIAL2_IRQHandler
                0x0000000000000b98                PWM3_IRQHandler
                0x0000000000000b98                QDEC1_IRQHandler
                0x0000000000000b98                FPU_IRQHandler
                0x0000000000000b98                USBD_IRQHandler
                0x0000000000000b98                UsageFault_Handler
                0x0000000000000b98                EGU3_IRQHandler
                0x0000000000000b98                KMU_IRQHandler
                0x0000000000000b98                CRYPTOCELL_IRQHandler
                0x0000000000000b98                EGU2_IRQHandler
                0x0000000000000b98                TIMER0_IRQHandler
                0x0000000000000b98                CACHE_IRQHandler
                0x0000000000000b98                EGU4_IRQHandler
                0x0000000000000b98                SPU_IRQHandler
                0x0000000000000b98                EGU0_IRQHandler
                0x0000000000000b98                GPIOTE1_IRQHandler
                0x0000000000000b98                TIMER1_IRQHandler
                0x0000000000000b98                PWM2_IRQHandler
                0x0000000000000b98                SecureFault_Handler
                0x0000000000000b98                EGU1_IRQHandler
                0x0000000000000b98                EGU5_IRQHandler
                0x0000000000000b98                SAADC_IRQHandler
                0x0000000000000b98                GPIOTE0_IRQHandler
                0x0000000000000b98                MemManage_Handler
                0x0000000000000b98                SVC_Handler
                0x0000000000000b98                QDEC0_IRQHandler
                0x0000000000000b98                PWM0_IRQHandler
                0x0000000000000b98                RTC1_IRQHandler
                0x0000000000000b98                SERIAL0_IRQHandler
                0x0000000000000b98                USBREGULATOR_IRQHandler
                0x0000000000000b98                NFCT_IRQHandler
                0x0000000000000b98                WDT1_IRQHandler
                0x0000000000000b98                BusFault_Handler
                0x0000000000000b98                QSPI_IRQHandler
                0x0000000000000b98                COMP_LPCOMP_IRQHandler
                0x0000000000000b98                CLOCK_POWER_IRQHandler
                0x0000000000000b98                PDM0_IRQHandler
 .text.boot_initialize_area
                0x0000000000000b9e       0x60 bl2/ext/mcuboot/bootutil/libbootutil.a(loader.o)
 .text.boot_read_sectors
                0x0000000000000bfe       0x5e bl2/ext/mcuboot/bootutil/libbootutil.a(loader.o)
 .text.boot_update_security_counter.constprop.0
                0x0000000000000c5c       0x40 bl2/ext/mcuboot/bootutil/libbootutil.a(loader.o)
 .text.boot_read_image_headers.constprop.0
                0x0000000000000c9c       0x38 bl2/ext/mcuboot/bootutil/libbootutil.a(loader.o)
 .text.boot_validate_slot.isra.0
                0x0000000000000cd4      0x128 bl2/ext/mcuboot/bootutil/libbootutil.a(loader.o)
 .text.boot_status_reset
                0x0000000000000dfc       0x12 bl2/ext/mcuboot/bootutil/libbootutil.a(loader.o)
                0x0000000000000dfc                boot_status_reset
 .text.boot_status_is_reset
                0x0000000000000e0e       0x1a bl2/ext/mcuboot/bootutil/libbootutil.a(loader.o)
                0x0000000000000e0e                boot_status_is_reset
 .text.boot_copy_region
                0x0000000000000e28       0x58 bl2/ext/mcuboot/bootutil/libbootutil.a(loader.o)
                0x0000000000000e28                boot_copy_region
 .text.context_boot_go
                0x0000000000000e80      0x590 bl2/ext/mcuboot/bootutil/libbootutil.a(loader.o)
                0x0000000000000e80                context_boot_go
 .text.boot_go_for_image_id
                0x0000000000001410       0x38 bl2/ext/mcuboot/bootutil/libbootutil.a(loader.o)
                0x0000000000001410                boot_go_for_image_id
 .text.boot_slots_compatible
                0x0000000000001448       0xa0 bl2/ext/mcuboot/bootutil/libbootutil.a(swap_scratch.o)
                0x0000000000001448                boot_slots_compatible
 .text.boot_read_image_header
                0x00000000000014e8       0x38 bl2/ext/mcuboot/bootutil/libbootutil.a(swap_scratch.o)
                0x00000000000014e8                boot_read_image_header
 .text.bootutil_tlv_iter_begin
                0x0000000000001520       0x98 bl2/ext/mcuboot/bootutil/libbootutil.a(tlv.o)
                0x0000000000001520                bootutil_tlv_iter_begin
 .text.bootutil_tlv_iter_next
                0x00000000000015b8       0x96 bl2/ext/mcuboot/bootutil/libbootutil.a(tlv.o)
                0x00000000000015b8                bootutil_tlv_iter_next
 .text.bootutil_tlv_iter_is_prot
                0x000000000000164e       0x1c bl2/ext/mcuboot/bootutil/libbootutil.a(tlv.o)
                0x000000000000164e                bootutil_tlv_iter_is_prot
 *fill*         0x000000000000166a        0x2 
 .text.boot_add_data_to_shared_area
                0x000000000000166c       0xdc bl2/ext/mcuboot/bootutil/libbootutil.a(boot_record.o)
                0x000000000000166c                boot_add_data_to_shared_area
 .text.boot_save_boot_status
                0x0000000000001748       0xa2 bl2/ext/mcuboot/bootutil/libbootutil.a(boot_record.o)
                0x0000000000001748                boot_save_boot_status
 .text.boot_fih_memequal
                0x00000000000017ea        0x4 bl2/ext/mcuboot/bootutil/libbootutil.a(bootutil_misc.o)
                0x00000000000017ea                boot_fih_memequal
 .text.bootutil_max_image_size
                0x00000000000017ee        0x4 bl2/ext/mcuboot/bootutil/libbootutil.a(bootutil_misc.o)
                0x00000000000017ee                bootutil_max_image_size
 .text.boot_swap_info_off
                0x00000000000017f2        0xc bl2/ext/mcuboot/bootutil/libbootutil.a(bootutil_public.o)
                0x00000000000017f2                boot_swap_info_off
 .text.boot_magic_compatible_check
                0x00000000000017fe       0x1c bl2/ext/mcuboot/bootutil/libbootutil.a(bootutil_public.o)
                0x00000000000017fe                boot_magic_compatible_check
 .text.bootutil_buffer_is_erased
                0x000000000000181a       0x26 bl2/ext/mcuboot/bootutil/libbootutil.a(bootutil_public.o)
                0x000000000000181a                bootutil_buffer_is_erased
 .text.boot_read_flag
                0x0000000000001840       0x38 bl2/ext/mcuboot/bootutil/libbootutil.a(bootutil_public.o)
 .text.boot_read_image_ok
                0x0000000000001878        0xc bl2/ext/mcuboot/bootutil/libbootutil.a(bootutil_public.o)
                0x0000000000001878                boot_read_image_ok
 .text.boot_read_swap_state
                0x0000000000001884       0xac bl2/ext/mcuboot/bootutil/libbootutil.a(bootutil_public.o)
                0x0000000000001884                boot_read_swap_state
 .text.boot_read_swap_state_by_id
                0x0000000000001930       0x28 bl2/ext/mcuboot/bootutil/libbootutil.a(bootutil_public.o)
                0x0000000000001930                boot_read_swap_state_by_id
 .text.boot_swap_type_multi
                0x0000000000001958      0x114 bl2/ext/mcuboot/bootutil/libbootutil.a(bootutil_public.o)
                0x0000000000001958                boot_swap_type_multi
 .text.bootutil_get_img_security_cnt
                0x0000000000001a6c       0x60 bl2/ext/mcuboot/bootutil/libbootutil.a(image_validate.o)
                0x0000000000001a6c                bootutil_get_img_security_cnt
 .text.bootutil_img_validate
                0x0000000000001acc      0x208 bl2/ext/mcuboot/bootutil/libbootutil.a(image_validate.o)
                0x0000000000001acc                bootutil_img_validate
 .text.bootutil_verify_sig
                0x0000000000001cd4       0xac bl2/ext/mcuboot/bootutil/libbootutil.a(image_ecdsa.o)
                0x0000000000001cd4                bootutil_verify_sig
 .text.ARM_Flash_GetCapabilities
                0x0000000000001d80        0x4 platform/libplatform_bl2.a(Driver_Flash.o)
 .text.ARM_Flash_Initialize
                0x0000000000001d84        0x4 platform/libplatform_bl2.a(Driver_Flash.o)
 .text.ARM_Flash_Unitialize
                0x0000000000001d88        0x4 platform/libplatform_bl2.a(Driver_Flash.o)
 .text.ARM_Flash_GetInfo
                0x0000000000001d8c        0x8 platform/libplatform_bl2.a(Driver_Flash.o)
 .text.ARM_Flash_EraseSector
                0x0000000000001d94       0x18 platform/libplatform_bl2.a(Driver_Flash.o)
 .text.ARM_Flash_ProgramData
                0x0000000000001dac       0x28 platform/libplatform_bl2.a(Driver_Flash.o)
 .text.ARM_Flash_ReadData
                0x0000000000001dd4       0x2c platform/libplatform_bl2.a(Driver_Flash.o)
 .text.nvmc_readonly_mode_set
                0x0000000000001e00       0x14 platform/libplatform_bl2.a(nrfx_nvmc.o)
 .text.nvmc_word_write
                0x0000000000001e14       0x18 platform/libplatform_bl2.a(nrfx_nvmc.o)
 .text.nrfx_nvmc_page_erase
                0x0000000000001e2c       0x3c platform/libplatform_bl2.a(nrfx_nvmc.o)
                0x0000000000001e2c                nrfx_nvmc_page_erase
 .text.nrfx_nvmc_words_write
                0x0000000000001e68       0x38 platform/libplatform_bl2.a(nrfx_nvmc.o)
                0x0000000000001e68                nrfx_nvmc_words_write
 .text.nrf53_errata_42
                0x0000000000001ea0       0x24 platform/libplatform_bl2.a(system_nrf5340_application.o)
 .text.SystemInit
                0x0000000000001ec4      0x1c4 platform/libplatform_bl2.a(system_nrf5340_application.o)
                0x0000000000001ec4                SystemInit
 .text.boot_clear_ram_area
                0x0000000000002088       0x1c platform/libplatform_bl2.a(boot_hal_bl2.o)
                0x0000000000002088                boot_clear_ram_area
 .text.boot_jump_to_next_image
                0x00000000000020a4       0x22 platform/libplatform_bl2.a(boot_hal_bl2.o)
                0x00000000000020a4                boot_jump_to_next_image
 *fill*         0x00000000000020c6        0x2 
 .text.boot_platform_init
                0x00000000000020c8       0x20 platform/libplatform_bl2.a(boot_hal_bl2.o)
                0x00000000000020c8                boot_platform_init
 .text.boot_platform_post_init
                0x00000000000020e8        0x4 platform/libplatform_bl2.a(boot_hal_bl2.o)
                0x00000000000020e8                boot_platform_post_init
 .text.boot_platform_quit
                0x00000000000020ec       0x34 platform/libplatform_bl2.a(boot_hal_bl2.o)
                0x00000000000020ec                boot_platform_quit
 .text.boot_platform_pre_load
                0x0000000000002120        0x4 platform/libplatform_bl2.a(boot_hal_bl2.o)
                0x0000000000002120                boot_platform_pre_load
 .text.boot_platform_post_load
                0x0000000000002124        0x4 platform/libplatform_bl2.a(boot_hal_bl2.o)
                0x0000000000002124                boot_platform_post_load
 .text.boot_platform_should_load_image
                0x0000000000002128        0x4 platform/libplatform_bl2.a(boot_hal_bl2.o)
                0x0000000000002128                boot_platform_should_load_image
 .text.boot_initiate_recovery_mode
                0x000000000000212c        0x4 platform/libplatform_bl2.a(boot_hal_bl2.o)
                0x000000000000212c                boot_initiate_recovery_mode
 .text.stdio_output_string
                0x0000000000002130       0x40 platform/libplatform_bl2.a(uart_stdout.o)
                0x0000000000002130                stdio_output_string
 .text._write   0x0000000000002170        0x8 platform/libplatform_bl2.a(uart_stdout.o)
                0x0000000000002170                _write
 .text.stdio_init
                0x0000000000002178       0x30 platform/libplatform_bl2.a(uart_stdout.o)
                0x0000000000002178                stdio_init
 .text.stdio_uninit
                0x00000000000021a8       0x20 platform/libplatform_bl2.a(uart_stdout.o)
                0x00000000000021a8                stdio_uninit
 .text.set_nv_counter_flash
                0x00000000000021c8       0x3e platform/libplatform_bl2.a(nv_counters.o)
 .text.set_nv_counter_otp
                0x0000000000002206       0x6c platform/libplatform_bl2.a(nv_counters.o)
 .text.read_nv_counter_otp.constprop.0
                0x0000000000002272       0x68 platform/libplatform_bl2.a(nv_counters.o)
 .text.tfm_plat_read_nv_counter.part.0
                0x00000000000022da       0x42 platform/libplatform_bl2.a(nv_counters.o)
 .text.tfm_plat_init_nv_counter
                0x000000000000231c        0x4 platform/libplatform_bl2.a(nv_counters.o)
                0x000000000000231c                tfm_plat_init_nv_counter
 .text.tfm_plat_read_nv_counter
                0x0000000000002320       0x10 platform/libplatform_bl2.a(nv_counters.o)
                0x0000000000002320                tfm_plat_read_nv_counter
 .text.tfm_plat_set_nv_counter
                0x0000000000002330       0x5a platform/libplatform_bl2.a(nv_counters.o)
                0x0000000000002330                tfm_plat_set_nv_counter
 *fill*         0x000000000000238a        0x2 
 .text.erase_flash_region
                0x000000000000238c       0x3c platform/libplatform_bl2.a(flash_otp_nv_counters_backend.o)
 .text.copy_flash_region
                0x00000000000023c8       0x78 platform/libplatform_bl2.a(flash_otp_nv_counters_backend.o)
 .text.make_backup
                0x0000000000002440       0x26 platform/libplatform_bl2.a(flash_otp_nv_counters_backend.o)
 *fill*         0x0000000000002466        0x2 
 .text.read_otp_nv_counters_flash
                0x0000000000002468       0x7c platform/libplatform_bl2.a(flash_otp_nv_counters_backend.o)
                0x0000000000002468                read_otp_nv_counters_flash
 .text.write_otp_nv_counters_flash
                0x00000000000024e4      0x1ac platform/libplatform_bl2.a(flash_otp_nv_counters_backend.o)
                0x00000000000024e4                write_otp_nv_counters_flash
 .text.init_otp_nv_counters_flash
                0x0000000000002690      0x154 platform/libplatform_bl2.a(flash_otp_nv_counters_backend.o)
                0x0000000000002690                init_otp_nv_counters_flash
 .text.tfm_plat_otp_init
                0x00000000000027e4        0x4 platform/libplatform_bl2.a(otp_flash.o)
                0x00000000000027e4                tfm_plat_otp_init
 .text.tfm_plat_otp_get_size
                0x00000000000027e8       0x9c platform/libplatform_bl2.a(otp_flash.o)
                0x00000000000027e8                tfm_plat_otp_get_size
 .text.write_to_output
                0x0000000000002884       0x28 platform/libplatform_bl2.a(otp_flash.o)
 .text.tfm_plat_otp_read
                0x00000000000028ac       0xee platform/libplatform_bl2.a(otp_flash.o)
                0x00000000000028ac                tfm_plat_otp_read
 .text.read_from_input
                0x000000000000299a       0x54 platform/libplatform_bl2.a(otp_flash.o)
 .text.tfm_plat_otp_write
                0x00000000000029ee       0xee platform/libplatform_bl2.a(otp_flash.o)
                0x00000000000029ee                tfm_plat_otp_write
 .text.tfm_plat_otp_secure_provisioning_start
                0x0000000000002adc        0x4 platform/libplatform_bl2.a(otp_flash.o)
                0x0000000000002adc                tfm_plat_otp_secure_provisioning_start
 .text.tfm_plat_otp_secure_provisioning_finish
                0x0000000000002ae0        0x4 platform/libplatform_bl2.a(otp_flash.o)
                0x0000000000002ae0                tfm_plat_otp_secure_provisioning_finish
 .text.ARM_USART_GetVersion
                0x0000000000002ae4       0x20 platform/libplatform_bl2.a(Driver_USART.o)
 .text.ARM_USART_GetCapabilities
                0x0000000000002b04        0x4 platform/libplatform_bl2.a(Driver_USART.o)
 .text.ARM_USART_Transfer
                0x0000000000002b08        0x6 platform/libplatform_bl2.a(Driver_USART.o)
 .text.ARM_USART_GetStatus
                0x0000000000002b0e        0xc platform/libplatform_bl2.a(Driver_USART.o)
 .text.ARM_USART_SetModemControl
                0x0000000000002b1a        0x6 platform/libplatform_bl2.a(Driver_USART.o)
 .text.ARM_USART_GetModemStatus
                0x0000000000002b20        0xc platform/libplatform_bl2.a(Driver_USART.o)
 .text.ARM_USART1_PowerControl
                0x0000000000002b2c        0xc platform/libplatform_bl2.a(Driver_USART.o)
 .text.ARM_USART1_GetTxCount
                0x0000000000002b38        0xc platform/libplatform_bl2.a(Driver_USART.o)
 .text.ARM_USART1_GetRxCount
                0x0000000000002b44        0xc platform/libplatform_bl2.a(Driver_USART.o)
 .text.ARM_USART1_Uninitialize
                0x0000000000002b50       0x18 platform/libplatform_bl2.a(Driver_USART.o)
 .text.ARM_USART1_Receive
                0x0000000000002b68       0x3c platform/libplatform_bl2.a(Driver_USART.o)
 .text.ARM_USARTx_Send.constprop.0
                0x0000000000002ba4       0x78 platform/libplatform_bl2.a(Driver_USART.o)
 .text.ARM_USART1_Send
                0x0000000000002c1c        0x4 platform/libplatform_bl2.a(Driver_USART.o)
 .text.ARM_USART1_Control
                0x0000000000002c20      0x190 platform/libplatform_bl2.a(Driver_USART.o)
 .text.uart_config_set_uart_pins
                0x0000000000002db0       0x3c platform/libplatform_bl2.a(Driver_USART.o)
                0x0000000000002db0                uart_config_set_uart_pins
 .text.ARM_USART1_Initialize
                0x0000000000002dec       0x70 platform/libplatform_bl2.a(Driver_USART.o)
 .text.nrf_gpio_pin_port_decode
                0x0000000000002e5c       0x24 platform/libplatform_bl2.a(nrfx_uarte.o)
 .text.is_tx_ready
                0x0000000000002e80       0x1a platform/libplatform_bl2.a(nrfx_uarte.o)
 .text.user_handler
                0x0000000000002e9a       0x22 platform/libplatform_bl2.a(nrfx_uarte.o)
 .text.user_handler_on_rx_done
                0x0000000000002ebc       0x28 platform/libplatform_bl2.a(nrfx_uarte.o)
 .text.disable_hw_from_rx
                0x0000000000002ee4       0x24 platform/libplatform_bl2.a(nrfx_uarte.o)
 .text.on_rx_disabled
                0x0000000000002f08       0x64 platform/libplatform_bl2.a(nrfx_uarte.o)
 .text.nrfx_coredep_delay_us.part.0
                0x0000000000002f6c       0x20 platform/libplatform_bl2.a(nrfx_uarte.o)
 .text.nrf_gpio_cfg_input.constprop.0
                0x0000000000002f8c       0x28 platform/libplatform_bl2.a(nrfx_uarte.o)
 .text.disable_hw_from_tx
                0x0000000000002fb4       0x16 platform/libplatform_bl2.a(nrfx_uarte.o)
 *fill*         0x0000000000002fca        0x2 
 .text.blocking_tx
                0x0000000000002fcc      0x1b8 platform/libplatform_bl2.a(nrfx_uarte.o)
 .text.nrf_gpio_cfg_output
                0x0000000000003184       0x2c platform/libplatform_bl2.a(nrfx_uarte.o)
 .text.nrf_gpio_cfg_default
                0x00000000000031b0       0x2c platform/libplatform_bl2.a(nrfx_uarte.o)
 .text.tx_prepare_start.isra.0
                0x00000000000031dc       0x7e platform/libplatform_bl2.a(nrfx_uarte.o)
 *fill*         0x000000000000325a        0x2 
 .text.uarte_configure
                0x000000000000325c      0x190 platform/libplatform_bl2.a(nrfx_uarte.o)
 .text.nrfx_uarte_init
                0x00000000000033ec      0x15c platform/libplatform_bl2.a(nrfx_uarte.o)
                0x00000000000033ec                nrfx_uarte_init
 .text.nrfx_uarte_tx
                0x0000000000003548       0xd8 platform/libplatform_bl2.a(nrfx_uarte.o)
                0x0000000000003548                nrfx_uarte_tx
 .text.nrfx_uarte_tx_abort
                0x0000000000003620       0xb8 platform/libplatform_bl2.a(nrfx_uarte.o)
                0x0000000000003620                nrfx_uarte_tx_abort
 .text.nrfx_uarte_rx_enable
                0x00000000000036d8      0x14c platform/libplatform_bl2.a(nrfx_uarte.o)
                0x00000000000036d8                nrfx_uarte_rx_enable
 .text.nrfx_uarte_rx_buffer_set
                0x0000000000003824      0x190 platform/libplatform_bl2.a(nrfx_uarte.o)
                0x0000000000003824                nrfx_uarte_rx_buffer_set
 .text.nrfx_uarte_rx_abort
                0x00000000000039b4      0x150 platform/libplatform_bl2.a(nrfx_uarte.o)
                0x00000000000039b4                nrfx_uarte_rx_abort
 .text.nrfx_uarte_uninit
                0x0000000000003b04       0xcc platform/libplatform_bl2.a(nrfx_uarte.o)
                0x0000000000003b04                nrfx_uarte_uninit
 .text.nrfx_uarte_rx_ready
                0x0000000000003bd0       0x54 platform/libplatform_bl2.a(nrfx_uarte.o)
                0x0000000000003bd0                nrfx_uarte_rx_ready
 .text.nrfx_uarte_rx
                0x0000000000003c24       0x84 platform/libplatform_bl2.a(nrfx_uarte.o)
                0x0000000000003c24                nrfx_uarte_rx
 .text.nrfx_critical_section_enter
                0x0000000000003ca8       0x10 platform/libplatform_bl2.a(nrfx_glue.o)
                0x0000000000003ca8                nrfx_critical_section_enter
 .text.nrfx_critical_section_exit
                0x0000000000003cb8       0x14 platform/libplatform_bl2.a(nrfx_glue.o)
                0x0000000000003cb8                nrfx_critical_section_exit
 .text.verify_header
                0x0000000000003ccc       0x40 bl2/mbedcrypto/library/libmbedcrypto.a(memory_buffer_alloc.o)
 .text.verify_chain
                0x0000000000003d0c       0x3c bl2/mbedcrypto/library/libmbedcrypto.a(memory_buffer_alloc.o)
 .text.buffer_alloc_calloc
                0x0000000000003d48      0x118 bl2/mbedcrypto/library/libmbedcrypto.a(memory_buffer_alloc.o)
 .text.buffer_alloc_free
                0x0000000000003e60      0x10c bl2/mbedcrypto/library/libmbedcrypto.a(memory_buffer_alloc.o)
 .text.mbedtls_memory_buffer_alloc_init
                0x0000000000003f6c       0x64 bl2/mbedcrypto/library/libmbedcrypto.a(memory_buffer_alloc.o)
                0x0000000000003f6c                mbedtls_memory_buffer_alloc_init
 .text.mbedtls_platform_set_calloc_free
                0x0000000000003fd0       0x14 bl2/mbedcrypto/library/libmbedcrypto.a(platform.o)
                0x0000000000003fd0                mbedtls_platform_set_calloc_free
 .text.mbedtls_platform_zeroize
                0x0000000000003fe4       0x18 bl2/mbedcrypto/library/libmbedcrypto.a(platform_util.o)
                0x0000000000003fe4                mbedtls_platform_zeroize
 .text.mbedtls_psa_hash_abort
                0x0000000000003ffc       0x24 bl2/mbedcrypto/library/libmbedcrypto.a(psa_crypto_hash.o)
                0x0000000000003ffc                mbedtls_psa_hash_abort
 .text.mbedtls_psa_hash_setup
                0x0000000000004020       0x58 bl2/mbedcrypto/library/libmbedcrypto.a(psa_crypto_hash.o)
                0x0000000000004020                mbedtls_psa_hash_setup
 .text.mbedtls_psa_hash_update
                0x0000000000004078       0x24 bl2/mbedcrypto/library/libmbedcrypto.a(psa_crypto_hash.o)
                0x0000000000004078                mbedtls_psa_hash_update
 .text.mbedtls_psa_hash_finish
                0x000000000000409c       0x88 bl2/mbedcrypto/library/libmbedcrypto.a(psa_crypto_hash.o)
                0x000000000000409c                mbedtls_psa_hash_finish
 .text.mbedtls_sha256_init
                0x0000000000004124        0x8 bl2/mbedcrypto/library/libmbedcrypto.a(sha256.o)
                0x0000000000004124                mbedtls_sha256_init
 .text.mbedtls_sha256_free
                0x000000000000412c        0xa bl2/mbedcrypto/library/libmbedcrypto.a(sha256.o)
                0x000000000000412c                mbedtls_sha256_free
 *fill*         0x0000000000004136        0x2 
 .text.mbedtls_sha256_starts
                0x0000000000004138       0x5c bl2/mbedcrypto/library/libmbedcrypto.a(sha256.o)
                0x0000000000004138                mbedtls_sha256_starts
 .text.mbedtls_internal_sha256_process
                0x0000000000004194      0x6bc bl2/mbedcrypto/library/libmbedcrypto.a(sha256.o)
                0x0000000000004194                mbedtls_internal_sha256_process
 .text.mbedtls_sha256_update
                0x0000000000004850       0x7e bl2/mbedcrypto/library/libmbedcrypto.a(sha256.o)
                0x0000000000004850                mbedtls_sha256_update
 .text.mbedtls_sha256_finish
                0x00000000000048ce      0x128 bl2/mbedcrypto/library/libmbedcrypto.a(sha256.o)
                0x00000000000048ce                mbedtls_sha256_finish
 *fill*         0x00000000000049f6        0x2 
 .text.p256_to_psa_error
                0x00000000000049f8       0x18 bl2/mbedcrypto/3rdparty/p256-m/libbl2_p256m.a(p256-m_driver_entrypoints.o)
 .text.p256_transparent_verify_hash
                0x0000000000004a10       0x52 bl2/mbedcrypto/3rdparty/p256-m/libbl2_p256m.a(p256-m_driver_entrypoints.o)
                0x0000000000004a10                p256_transparent_verify_hash
 .text.u256_set32
                0x0000000000004a62       0x12 bl2/mbedcrypto/3rdparty/p256-m/libbl2_p256m.a(p256-m.o)
 .text.u256_add
                0x0000000000004a74       0x2c bl2/mbedcrypto/3rdparty/p256-m/libbl2_p256m.a(p256-m.o)
 .text.u256_sub
                0x0000000000004aa0       0x2e bl2/mbedcrypto/3rdparty/p256-m/libbl2_p256m.a(p256-m.o)
 .text.u256_cmov
                0x0000000000004ace       0x22 bl2/mbedcrypto/3rdparty/p256-m/libbl2_p256m.a(p256-m.o)
 .text.u256_diff
                0x0000000000004af0       0x1e bl2/mbedcrypto/3rdparty/p256-m/libbl2_p256m.a(p256-m.o)
 .text.u256_diff0
                0x0000000000004b0e       0x16 bl2/mbedcrypto/3rdparty/p256-m/libbl2_p256m.a(p256-m.o)
 .text.u288_muladd
                0x0000000000004b24       0x62 bl2/mbedcrypto/3rdparty/p256-m/libbl2_p256m.a(p256-m.o)
 .text.u256_from_bytes
                0x0000000000004b86       0x2a bl2/mbedcrypto/3rdparty/p256-m/libbl2_p256m.a(p256-m.o)
 .text.m256_add
                0x0000000000004bb0       0x2a bl2/mbedcrypto/3rdparty/p256-m/libbl2_p256m.a(p256-m.o)
 .text.m256_mul
                0x0000000000004bda       0x84 bl2/mbedcrypto/3rdparty/p256-m/libbl2_p256m.a(p256-m.o)
 *fill*         0x0000000000004c5e        0x2 
 .text.m256_mul_p
                0x0000000000004c60        0xc bl2/mbedcrypto/3rdparty/p256-m/libbl2_p256m.a(p256-m.o)
 .text.m256_prep
                0x0000000000004c6c        0xc bl2/mbedcrypto/3rdparty/p256-m/libbl2_p256m.a(p256-m.o)
 .text.m256_done
                0x0000000000004c78       0x20 bl2/mbedcrypto/3rdparty/p256-m/libbl2_p256m.a(p256-m.o)
 .text.m256_set32
                0x0000000000004c98       0x16 bl2/mbedcrypto/3rdparty/p256-m/libbl2_p256m.a(p256-m.o)
 .text.m256_inv
                0x0000000000004cae       0x60 bl2/mbedcrypto/3rdparty/p256-m/libbl2_p256m.a(p256-m.o)
 *fill*         0x0000000000004d0e        0x2 
 .text.point_to_affine
                0x0000000000004d10       0x44 bl2/mbedcrypto/3rdparty/p256-m/libbl2_p256m.a(p256-m.o)
 .text.scalar_from_bytes
                0x0000000000004d54       0x40 bl2/mbedcrypto/3rdparty/p256-m/libbl2_p256m.a(p256-m.o)
 .text.ecdsa_m256_mod_n
                0x0000000000004d94       0x24 bl2/mbedcrypto/3rdparty/p256-m/libbl2_p256m.a(p256-m.o)
 .text.ecdsa_m256_from_hash
                0x0000000000004db8       0x54 bl2/mbedcrypto/3rdparty/p256-m/libbl2_p256m.a(p256-m.o)
 .text.m256_sub_p
                0x0000000000004e0c       0x28 bl2/mbedcrypto/3rdparty/p256-m/libbl2_p256m.a(p256-m.o)
 .text.point_add
                0x0000000000004e34       0xc2 bl2/mbedcrypto/3rdparty/p256-m/libbl2_p256m.a(p256-m.o)
 *fill*         0x0000000000004ef6        0x2 
 .text.point_from_bytes
                0x0000000000004ef8       0xa8 bl2/mbedcrypto/3rdparty/p256-m/libbl2_p256m.a(p256-m.o)
 .text.point_double
                0x0000000000004fa0       0xe8 bl2/mbedcrypto/3rdparty/p256-m/libbl2_p256m.a(p256-m.o)
 .text.scalar_mult
                0x0000000000005088       0xd8 bl2/mbedcrypto/3rdparty/p256-m/libbl2_p256m.a(p256-m.o)
 .text.p256_ecdsa_verify
                0x0000000000005160      0x16c bl2/mbedcrypto/3rdparty/p256-m/libbl2_p256m.a(p256-m.o)
                0x0000000000005160                p256_ecdsa_verify
 .text.calloc   0x00000000000052cc       0x10 /home/blanc/zephyr-sdk-0.17.0/arm-zephyr-eabi/bin/../lib/gcc/arm-zephyr-eabi/12.2.0/../../../../arm-zephyr-eabi/lib/thumb/v8-m.main/nofp/libc_nano.a(lib_a-calloc.o)
                0x00000000000052cc                calloc
 .text.exit     0x00000000000052dc       0x28 /home/blanc/zephyr-sdk-0.17.0/arm-zephyr-eabi/bin/../lib/gcc/arm-zephyr-eabi/12.2.0/../../../../arm-zephyr-eabi/lib/thumb/v8-m.main/nofp/libc_nano.a(lib_a-exit.o)
                0x00000000000052dc                exit
 .text.__libc_init_array
                0x0000000000005304       0x48 /home/blanc/zephyr-sdk-0.17.0/arm-zephyr-eabi/bin/../lib/gcc/arm-zephyr-eabi/12.2.0/../../../../arm-zephyr-eabi/lib/thumb/v8-m.main/nofp/libc_nano.a(lib_a-init.o)
                0x0000000000005304                __libc_init_array
 .text.free     0x000000000000534c       0x10 /home/blanc/zephyr-sdk-0.17.0/arm-zephyr-eabi/bin/../lib/gcc/arm-zephyr-eabi/12.2.0/../../../../arm-zephyr-eabi/lib/thumb/v8-m.main/nofp/libc_nano.a(lib_a-malloc.o)
                0x000000000000534c                free
 .text.memcmp   0x000000000000535c       0x20 /home/blanc/zephyr-sdk-0.17.0/arm-zephyr-eabi/bin/../lib/gcc/arm-zephyr-eabi/12.2.0/../../../../arm-zephyr-eabi/lib/thumb/v8-m.main/nofp/libc_nano.a(lib_a-memcmp.o)
                0x000000000000535c                memcmp
 .text.memcpy   0x000000000000537c       0x1a /home/blanc/zephyr-sdk-0.17.0/arm-zephyr-eabi/bin/../lib/gcc/arm-zephyr-eabi/12.2.0/../../../../arm-zephyr-eabi/lib/thumb/v8-m.main/nofp/libc_nano.a(lib_a-memcpy-stub.o)
                0x000000000000537c                memcpy
 .text.memmove  0x0000000000005396       0x34 /home/blanc/zephyr-sdk-0.17.0/arm-zephyr-eabi/bin/../lib/gcc/arm-zephyr-eabi/12.2.0/../../../../arm-zephyr-eabi/lib/thumb/v8-m.main/nofp/libc_nano.a(lib_a-memmove.o)
                0x0000000000005396                memmove
 .text.memset   0x00000000000053ca       0x10 /home/blanc/zephyr-sdk-0.17.0/arm-zephyr-eabi/bin/../lib/gcc/arm-zephyr-eabi/12.2.0/../../../../arm-zephyr-eabi/lib/thumb/v8-m.main/nofp/libc_nano.a(lib_a-memset.o)
                0x00000000000053ca                memset
 .text._calloc_r
                0x00000000000053da       0x1c /home/blanc/zephyr-sdk-0.17.0/arm-zephyr-eabi/bin/../lib/gcc/arm-zephyr-eabi/12.2.0/../../../../arm-zephyr-eabi/lib/thumb/v8-m.main/nofp/libc_nano.a(lib_a-nano-callocr.o)
                0x00000000000053da                _calloc_r
 *fill*         0x00000000000053f6        0x2 
 .text._free_r  0x00000000000053f8       0x94 /home/blanc/zephyr-sdk-0.17.0/arm-zephyr-eabi/bin/../lib/gcc/arm-zephyr-eabi/12.2.0/../../../../arm-zephyr-eabi/lib/thumb/v8-m.main/nofp/libc_nano.a(lib_a-nano-freer.o)
                0x00000000000053f8                _free_r
 .text._malloc_r
                0x000000000000548c       0xb4 /home/blanc/zephyr-sdk-0.17.0/arm-zephyr-eabi/bin/../lib/gcc/arm-zephyr-eabi/12.2.0/../../../../arm-zephyr-eabi/lib/thumb/v8-m.main/nofp/libc_nano.a(lib_a-nano-mallocr.o)
                0x000000000000548c                _malloc_r
 .text.printf   0x0000000000005540       0x30 /home/blanc/zephyr-sdk-0.17.0/arm-zephyr-eabi/bin/../lib/gcc/arm-zephyr-eabi/12.2.0/../../../../arm-zephyr-eabi/lib/thumb/v8-m.main/nofp/libc_nano.a(lib_a-printf.o)
                0x0000000000005540                printf
                0x0000000000005540                iprintf
 .text._sbrk_r  0x0000000000005570       0x20 /home/blanc/zephyr-sdk-0.17.0/arm-zephyr-eabi/bin/../lib/gcc/arm-zephyr-eabi/12.2.0/../../../../arm-zephyr-eabi/lib/thumb/v8-m.main/nofp/libc_nano.a(lib_a-sbrkr.o)
                0x0000000000005570                _sbrk_r
 .text.std      0x0000000000005590       0x48 /home/blanc/zephyr-sdk-0.17.0/arm-zephyr-eabi/bin/../lib/gcc/arm-zephyr-eabi/12.2.0/../../../../arm-zephyr-eabi/lib/thumb/v8-m.main/nofp/libc_nano.a(lib_a-findfp.o)
 .text._cleanup_r
                0x00000000000055d8        0xc /home/blanc/zephyr-sdk-0.17.0/arm-zephyr-eabi/bin/../lib/gcc/arm-zephyr-eabi/12.2.0/../../../../arm-zephyr-eabi/lib/thumb/v8-m.main/nofp/libc_nano.a(lib_a-findfp.o)
                0x00000000000055d8                _cleanup_r
 .text.__sfmoreglue
                0x00000000000055e4       0x2c /home/blanc/zephyr-sdk-0.17.0/arm-zephyr-eabi/bin/../lib/gcc/arm-zephyr-eabi/12.2.0/../../../../arm-zephyr-eabi/lib/thumb/v8-m.main/nofp/libc_nano.a(lib_a-findfp.o)
                0x00000000000055e4                __sfmoreglue
 .text.__sfp_lock_acquire
                0x0000000000005610        0xc /home/blanc/zephyr-sdk-0.17.0/arm-zephyr-eabi/bin/../lib/gcc/arm-zephyr-eabi/12.2.0/../../../../arm-zephyr-eabi/lib/thumb/v8-m.main/nofp/libc_nano.a(lib_a-findfp.o)
                0x0000000000005610                __sfp_lock_acquire
 .text.__sfp_lock_release
                0x000000000000561c        0xc /home/blanc/zephyr-sdk-0.17.0/arm-zephyr-eabi/bin/../lib/gcc/arm-zephyr-eabi/12.2.0/../../../../arm-zephyr-eabi/lib/thumb/v8-m.main/nofp/libc_nano.a(lib_a-findfp.o)
                0x000000000000561c                __sfp_lock_release
 .text.__sinit_lock_acquire
                0x0000000000005628        0xc /home/blanc/zephyr-sdk-0.17.0/arm-zephyr-eabi/bin/../lib/gcc/arm-zephyr-eabi/12.2.0/../../../../arm-zephyr-eabi/lib/thumb/v8-m.main/nofp/libc_nano.a(lib_a-findfp.o)
                0x0000000000005628                __sinit_lock_acquire
 .text.__sinit_lock_release
                0x0000000000005634        0xc /home/blanc/zephyr-sdk-0.17.0/arm-zephyr-eabi/bin/../lib/gcc/arm-zephyr-eabi/12.2.0/../../../../arm-zephyr-eabi/lib/thumb/v8-m.main/nofp/libc_nano.a(lib_a-findfp.o)
                0x0000000000005634                __sinit_lock_release
 .text.__sinit  0x0000000000005640       0x70 /home/blanc/zephyr-sdk-0.17.0/arm-zephyr-eabi/bin/../lib/gcc/arm-zephyr-eabi/12.2.0/../../../../arm-zephyr-eabi/lib/thumb/v8-m.main/nofp/libc_nano.a(lib_a-findfp.o)
                0x0000000000005640                __sinit
 .text.__sfp    0x00000000000056b0       0x8c /home/blanc/zephyr-sdk-0.17.0/arm-zephyr-eabi/bin/../lib/gcc/arm-zephyr-eabi/12.2.0/../../../../arm-zephyr-eabi/lib/thumb/v8-m.main/nofp/libc_nano.a(lib_a-findfp.o)
                0x00000000000056b0                __sfp
 .text._fwalk_reent
                0x000000000000573c       0x3e /home/blanc/zephyr-sdk-0.17.0/arm-zephyr-eabi/bin/../lib/gcc/arm-zephyr-eabi/12.2.0/../../../../arm-zephyr-eabi/lib/thumb/v8-m.main/nofp/libc_nano.a(lib_a-fwalk.o)
                0x000000000000573c                _fwalk_reent
 .text.__retarget_lock_init_recursive
                0x000000000000577a        0x2 /home/blanc/zephyr-sdk-0.17.0/arm-zephyr-eabi/bin/../lib/gcc/arm-zephyr-eabi/12.2.0/../../../../arm-zephyr-eabi/lib/thumb/v8-m.main/nofp/libc_nano.a(lib_a-lock.o)
                0x000000000000577a                __retarget_lock_init_recursive
 .text.__retarget_lock_acquire_recursive
                0x000000000000577c        0x2 /home/blanc/zephyr-sdk-0.17.0/arm-zephyr-eabi/bin/../lib/gcc/arm-zephyr-eabi/12.2.0/../../../../arm-zephyr-eabi/lib/thumb/v8-m.main/nofp/libc_nano.a(lib_a-lock.o)
                0x000000000000577c                __retarget_lock_acquire_recursive
 .text.__retarget_lock_release_recursive
                0x000000000000577e        0x2 /home/blanc/zephyr-sdk-0.17.0/arm-zephyr-eabi/bin/../lib/gcc/arm-zephyr-eabi/12.2.0/../../../../arm-zephyr-eabi/lib/thumb/v8-m.main/nofp/libc_nano.a(lib_a-lock.o)
                0x000000000000577e                __retarget_lock_release_recursive
 .text.__malloc_lock
                0x0000000000005780        0xc /home/blanc/zephyr-sdk-0.17.0/arm-zephyr-eabi/bin/../lib/gcc/arm-zephyr-eabi/12.2.0/../../../../arm-zephyr-eabi/lib/thumb/v8-m.main/nofp/libc_nano.a(lib_a-mlock.o)
                0x0000000000005780                __malloc_lock
 .text.__malloc_unlock
                0x000000000000578c        0xc /home/blanc/zephyr-sdk-0.17.0/arm-zephyr-eabi/bin/../lib/gcc/arm-zephyr-eabi/12.2.0/../../../../arm-zephyr-eabi/lib/thumb/v8-m.main/nofp/libc_nano.a(lib_a-mlock.o)
                0x000000000000578c                __malloc_unlock
 .text.__sfputc_r
                0x0000000000005798       0x2a /home/blanc/zephyr-sdk-0.17.0/arm-zephyr-eabi/bin/../lib/gcc/arm-zephyr-eabi/12.2.0/../../../../arm-zephyr-eabi/lib/thumb/v8-m.main/nofp/libc_nano.a(lib_a-nano-vfprintf.o)
 .text.__sfputs_r
                0x00000000000057c2       0x24 /home/blanc/zephyr-sdk-0.17.0/arm-zephyr-eabi/bin/../lib/gcc/arm-zephyr-eabi/12.2.0/../../../../arm-zephyr-eabi/lib/thumb/v8-m.main/nofp/libc_nano.a(lib_a-nano-vfprintf.o)
                0x00000000000057c2                __sfputs_r
 *fill*         0x00000000000057e6        0x2 
 .text._vfprintf_r
                0x00000000000057e8      0x258 /home/blanc/zephyr-sdk-0.17.0/arm-zephyr-eabi/bin/../lib/gcc/arm-zephyr-eabi/12.2.0/../../../../arm-zephyr-eabi/lib/thumb/v8-m.main/nofp/libc_nano.a(lib_a-nano-vfprintf.o)
                0x00000000000057e8                _vfiprintf_r
                0x00000000000057e8                _vfprintf_r
 .text._printf_common
                0x0000000000005a40       0xe4 /home/blanc/zephyr-sdk-0.17.0/arm-zephyr-eabi/bin/../lib/gcc/arm-zephyr-eabi/12.2.0/../../../../arm-zephyr-eabi/lib/thumb/v8-m.main/nofp/libc_nano.a(lib_a-nano-vfprintf_i.o)
                0x0000000000005a40                _printf_common
 .text._printf_i
                0x0000000000005b24      0x25c /home/blanc/zephyr-sdk-0.17.0/arm-zephyr-eabi/bin/../lib/gcc/arm-zephyr-eabi/12.2.0/../../../../arm-zephyr-eabi/lib/thumb/v8-m.main/nofp/libc_nano.a(lib_a-nano-vfprintf_i.o)
                0x0000000000005b24                _printf_i
 .text.__sread  0x0000000000005d80       0x22 /home/blanc/zephyr-sdk-0.17.0/arm-zephyr-eabi/bin/../lib/gcc/arm-zephyr-eabi/12.2.0/../../../../arm-zephyr-eabi/lib/thumb/v8-m.main/nofp/libc_nano.a(lib_a-stdio.o)
                0x0000000000005d80                __sread
 .text.__swrite
                0x0000000000005da2       0x38 /home/blanc/zephyr-sdk-0.17.0/arm-zephyr-eabi/bin/../lib/gcc/arm-zephyr-eabi/12.2.0/../../../../arm-zephyr-eabi/lib/thumb/v8-m.main/nofp/libc_nano.a(lib_a-stdio.o)
                0x0000000000005da2                __swrite
 .text.__sseek  0x0000000000005dda       0x24 /home/blanc/zephyr-sdk-0.17.0/arm-zephyr-eabi/bin/../lib/gcc/arm-zephyr-eabi/12.2.0/../../../../arm-zephyr-eabi/lib/thumb/v8-m.main/nofp/libc_nano.a(lib_a-stdio.o)
                0x0000000000005dda                __sseek
 .text.__sclose
                0x0000000000005dfe        0x8 /home/blanc/zephyr-sdk-0.17.0/arm-zephyr-eabi/bin/../lib/gcc/arm-zephyr-eabi/12.2.0/../../../../arm-zephyr-eabi/lib/thumb/v8-m.main/nofp/libc_nano.a(lib_a-stdio.o)
                0x0000000000005dfe                __sclose
 *fill*         0x0000000000005e06        0x2 
 .text.__swbuf_r
                0x0000000000005e08       0xa4 /home/blanc/zephyr-sdk-0.17.0/arm-zephyr-eabi/bin/../lib/gcc/arm-zephyr-eabi/12.2.0/../../../../arm-zephyr-eabi/lib/thumb/v8-m.main/nofp/libc_nano.a(lib_a-wbuf.o)
                0x0000000000005e08                __swbuf_r
 .text._write_r
                0x0000000000005eac       0x24 /home/blanc/zephyr-sdk-0.17.0/arm-zephyr-eabi/bin/../lib/gcc/arm-zephyr-eabi/12.2.0/../../../../arm-zephyr-eabi/lib/thumb/v8-m.main/nofp/libc_nano.a(lib_a-writer.o)
                0x0000000000005eac                _write_r
 .text.__swsetup_r
                0x0000000000005ed0       0xd8 /home/blanc/zephyr-sdk-0.17.0/arm-zephyr-eabi/bin/../lib/gcc/arm-zephyr-eabi/12.2.0/../../../../arm-zephyr-eabi/lib/thumb/v8-m.main/nofp/libc_nano.a(lib_a-wsetup.o)
                0x0000000000005ed0                __swsetup_r
 .text._close_r
                0x0000000000005fa8       0x20 /home/blanc/zephyr-sdk-0.17.0/arm-zephyr-eabi/bin/../lib/gcc/arm-zephyr-eabi/12.2.0/../../../../arm-zephyr-eabi/lib/thumb/v8-m.main/nofp/libc_nano.a(lib_a-closer.o)
                0x0000000000005fa8                _close_r
 .text.__sflush_r
                0x0000000000005fc8       0xfe /home/blanc/zephyr-sdk-0.17.0/arm-zephyr-eabi/bin/../lib/gcc/arm-zephyr-eabi/12.2.0/../../../../arm-zephyr-eabi/lib/thumb/v8-m.main/nofp/libc_nano.a(lib_a-fflush.o)
                0x0000000000005fc8                __sflush_r
 *fill*         0x00000000000060c6        0x2 
 .text._fflush_r
                0x00000000000060c8       0x78 /home/blanc/zephyr-sdk-0.17.0/arm-zephyr-eabi/bin/../lib/gcc/arm-zephyr-eabi/12.2.0/../../../../arm-zephyr-eabi/lib/thumb/v8-m.main/nofp/libc_nano.a(lib_a-fflush.o)
                0x00000000000060c8                _fflush_r
 .text._lseek_r
                0x0000000000006140       0x24 /home/blanc/zephyr-sdk-0.17.0/arm-zephyr-eabi/bin/../lib/gcc/arm-zephyr-eabi/12.2.0/../../../../arm-zephyr-eabi/lib/thumb/v8-m.main/nofp/libc_nano.a(lib_a-lseekr.o)
                0x0000000000006140                _lseek_r
 .text.__swhatbuf_r
                0x0000000000006164       0x4a /home/blanc/zephyr-sdk-0.17.0/arm-zephyr-eabi/bin/../lib/gcc/arm-zephyr-eabi/12.2.0/../../../../arm-zephyr-eabi/lib/thumb/v8-m.main/nofp/libc_nano.a(lib_a-makebuf.o)
                0x0000000000006164                __swhatbuf_r
 *fill*         0x00000000000061ae        0x2 
 .text.__smakebuf_r
                0x00000000000061b0       0x80 /home/blanc/zephyr-sdk-0.17.0/arm-zephyr-eabi/bin/../lib/gcc/arm-zephyr-eabi/12.2.0/../../../../arm-zephyr-eabi/lib/thumb/v8-m.main/nofp/libc_nano.a(lib_a-makebuf.o)
                0x00000000000061b0                __smakebuf_r
 .text.memchr   0x0000000000006230       0x1c /home/blanc/zephyr-sdk-0.17.0/arm-zephyr-eabi/bin/../lib/gcc/arm-zephyr-eabi/12.2.0/../../../../arm-zephyr-eabi/lib/thumb/v8-m.main/nofp/libc_nano.a(lib_a-memchr-stub.o)
                0x0000000000006230                memchr
 .text._read_r  0x000000000000624c       0x24 /home/blanc/zephyr-sdk-0.17.0/arm-zephyr-eabi/bin/../lib/gcc/arm-zephyr-eabi/12.2.0/../../../../arm-zephyr-eabi/lib/thumb/v8-m.main/nofp/libc_nano.a(lib_a-readr.o)
                0x000000000000624c                _read_r
 .text._fstat_r
                0x0000000000006270       0x24 /home/blanc/zephyr-sdk-0.17.0/arm-zephyr-eabi/bin/../lib/gcc/arm-zephyr-eabi/12.2.0/../../../../arm-zephyr-eabi/lib/thumb/v8-m.main/nofp/libc_nano.a(lib_a-fstatr.o)
                0x0000000000006270                _fstat_r
 .text._isatty_r
                0x0000000000006294       0x20 /home/blanc/zephyr-sdk-0.17.0/arm-zephyr-eabi/bin/../lib/gcc/arm-zephyr-eabi/12.2.0/../../../../arm-zephyr-eabi/lib/thumb/v8-m.main/nofp/libc_nano.a(lib_a-isattyr.o)
                0x0000000000006294                _isatty_r
 .text._sbrk    0x00000000000062b4       0x20 /home/blanc/zephyr-sdk-0.17.0/arm-zephyr-eabi/bin/../lib/gcc/arm-zephyr-eabi/12.2.0/../../../../arm-zephyr-eabi/lib/thumb/v8-m.main/nofp/libnosys.a(sbrk.o)
                0x00000000000062b4                _sbrk
 .text._exit    0x00000000000062d4        0x4 /home/blanc/zephyr-sdk-0.17.0/arm-zephyr-eabi/bin/../lib/gcc/arm-zephyr-eabi/12.2.0/../../../../arm-zephyr-eabi/lib/thumb/v8-m.main/nofp/libnosys.a(_exit.o)
                0x00000000000062d4                _exit
                0x00000000000062d8                . = ALIGN (0x4)
                0x00000000000062d8                PROVIDE (__preinit_array_start = .)
 *(.preinit_array)
                0x00000000000062d8                PROVIDE (__preinit_array_end = .)
                0x00000000000062d8                . = ALIGN (0x4)
                0x00000000000062d8                PROVIDE (__init_array_start = .)
 *(SORT_BY_NAME(.init_array.*))
 *(.init_array)
 .init_array    0x00000000000062d8        0x4 /home/blanc/zephyr-sdk-0.17.0/arm-zephyr-eabi/bin/../lib/gcc/arm-zephyr-eabi/12.2.0/thumb/v8-m.main/nofp/crtbegin.o
                0x00000000000062dc                PROVIDE (__init_array_end = .)
                0x00000000000062dc                . = ALIGN (0x4)
                [!provide]                        PROVIDE (__fini_array_start = .)
 *(SORT_BY_NAME(.fini_array.*))
 *(.fini_array)
 .fini_array    0x00000000000062dc        0x4 /home/blanc/zephyr-sdk-0.17.0/arm-zephyr-eabi/bin/../lib/gcc/arm-zephyr-eabi/12.2.0/thumb/v8-m.main/nofp/crtbegin.o
                [!provide]                        PROVIDE (__fini_array_end = .)
                0x00000000000062e0                . = ALIGN (0x4)
                0x00000000000062e0                __copy_table_start__ = .
                0x00000000000062e0        0x4 LONG 0x6eb0 LOADADDR (.data)
                0x00000000000062e4        0x4 LONG 0x20000400 ADDR (.data)
                0x00000000000062e8        0x4 LONG 0x34 (SIZEOF (.data) / 0x4)
                0x00000000000062ec                __copy_table_end__ = .
                0x00000000000062ec                . = ALIGN (0x4)
                0x00000000000062ec                __zero_table_start__ = .
                0x00000000000062ec        0x4 LONG 0x200004d0 ADDR (.bss)
                0x00000000000062f0        0x4 LONG 0xbcd (SIZEOF (.bss) / 0x4)
                0x00000000000062f4                __zero_table_end__ = .
 *(.init)
 .init          0x00000000000062f4        0x4 /home/blanc/zephyr-sdk-0.17.0/arm-zephyr-eabi/bin/../lib/gcc/arm-zephyr-eabi/12.2.0/thumb/v8-m.main/nofp/crti.o
                0x00000000000062f4                _init
 .init          0x00000000000062f8        0x8 /home/blanc/zephyr-sdk-0.17.0/arm-zephyr-eabi/bin/../lib/gcc/arm-zephyr-eabi/12.2.0/thumb/v8-m.main/nofp/crtn.o
 *(.fini)
 .fini          0x0000000000006300        0x4 /home/blanc/zephyr-sdk-0.17.0/arm-zephyr-eabi/bin/../lib/gcc/arm-zephyr-eabi/12.2.0/thumb/v8-m.main/nofp/crti.o
                0x0000000000006300                _fini
 .fini          0x0000000000006304        0x8 /home/blanc/zephyr-sdk-0.17.0/arm-zephyr-eabi/bin/../lib/gcc/arm-zephyr-eabi/12.2.0/thumb/v8-m.main/nofp/crtn.o
 *crtbegin.o(.ctors)
 *crtbegin?.o(.ctors)
 *(EXCLUDE_FILE(*crtend.o *crtend?.o) .ctors)
 *(SORT_BY_NAME(.ctors.*))
 *(.ctors)
 *crtbegin.o(.dtors)
 *crtbegin?.o(.dtors)
 *(EXCLUDE_FILE(*crtend.o *crtend?.o) .dtors)
 *(SORT_BY_NAME(.dtors.*))
 *(.dtors)
 *(.rodata*)
 .rodata.data_width_byte
                0x000000000000630c        0xc bl2/CMakeFiles/bl2.dir/src/flash_map.o
 .rodata.flash_map_entry_num
                0x0000000000006318        0x4 bl2/CMakeFiles/bl2.dir/src/default_flash_map.o
                0x0000000000006318                flash_map_entry_num
 .rodata.flash_map
                0x000000000000631c       0x40 bl2/CMakeFiles/bl2.dir/src/default_flash_map.o
                0x000000000000631c                flash_map
 .rodata.tfm_plat_provisioning_check_for_dummy_keys.str1.1
                0x000000000000635c       0x6c bl2/CMakeFiles/bl2.dir/src/provisioning.o
 .rodata.tfm_plat_provisioning_perform.str1.1
                0x00000000000063c8       0x5b bl2/CMakeFiles/bl2.dir/src/provisioning.o
 .rodata.bl2_assembly_and_test_prov_data
                0x0000000000006423       0x8c bl2/CMakeFiles/bl2.dir/src/provisioning.o
 .rodata.main.str1.1
                0x00000000000064af      0x210 bl2/CMakeFiles/bl2.dir/ext/mcuboot/bl2_main.o
 *fill*         0x00000000000066bf        0x1 
 .rodata.bootutil_key_cnt
                0x00000000000066c0        0x4 bl2/CMakeFiles/bl2.dir/ext/mcuboot/keys.o
                0x00000000000066c0                bootutil_key_cnt
 .rodata.flash_device_base.str1.1
                0x00000000000066c4       0x29 bl2/CMakeFiles/bl2.dir/ext/mcuboot/flash_map_extended.o
 .rodata.flash_area_get_sectors.str1.1
                0x00000000000066ed       0x68 bl2/CMakeFiles/bl2.dir/ext/mcuboot/flash_map_legacy.o
 .rodata.boot_validate_slot.isra.0.str1.1
                0x0000000000006755       0x3d bl2/ext/mcuboot/bootutil/libbootutil.a(loader.o)
 .rodata.context_boot_go.str1.1
                0x0000000000006792      0x224 bl2/ext/mcuboot/bootutil/libbootutil.a(loader.o)
 .rodata.boot_slots_compatible.str1.1
                0x00000000000069b6       0x9d bl2/ext/mcuboot/bootutil/libbootutil.a(swap_scratch.o)
 .rodata.boot_swap_type_multi.str1.1
                0x0000000000006a53       0xc1 bl2/ext/mcuboot/bootutil/libbootutil.a(bootutil_public.o)
 .rodata.boot_swap_tables
                0x0000000000006b14       0x12 bl2/ext/mcuboot/bootutil/libbootutil.a(bootutil_public.o)
 .rodata.boot_img_magic
                0x0000000000006b26       0x10 bl2/ext/mcuboot/bootutil/libbootutil.a(bootutil_public.o)
                0x0000000000006b26                boot_img_magic
 .rodata.allowed_unprot_tlvs
                0x0000000000006b36       0x1e bl2/ext/mcuboot/bootutil/libbootutil.a(image_validate.o)
 .rodata.Driver_FLASH0
                0x0000000000006b54       0x2c platform/libplatform_bl2.a(Driver_Flash.o)
                0x0000000000006b54                Driver_FLASH0
 .rodata.FlashInfo
                0x0000000000006b80       0x18 platform/libplatform_bl2.a(Driver_Flash.o)
 .rodata.CSWTCH.17
                0x0000000000006b98        0x4 platform/libplatform_bl2.a(system_nrf5340_application.o)
 .rodata.CSWTCH.5
                0x0000000000006b9c        0x4 platform/libplatform_bl2.a(system_nrf5340_application.o)
 .rodata.CSWTCH.3
                0x0000000000006ba0        0x4 platform/libplatform_bl2.a(system_nrf5340_application.o)
 .rodata.data_width_byte
                0x0000000000006ba4        0xc platform/libplatform_bl2.a(flash_otp_nv_counters_backend.o)
 .rodata.Driver_USART1
                0x0000000000006bb0       0x38 platform/libplatform_bl2.a(Driver_USART.o)
                0x0000000000006bb0                Driver_USART1
 .rodata.UART1_pins
                0x0000000000006be8       0x10 platform/libplatform_bl2.a(Driver_USART.o)
 .rodata.DriverVersion
                0x0000000000006bf8        0x4 platform/libplatform_bl2.a(Driver_USART.o)
 *fill*         0x0000000000006bfc        0x4 
 .rodata.delay_machine_code.0
                0x0000000000006c00        0x6 platform/libplatform_bl2.a(nrfx_uarte.o)
 .rodata.CSWTCH.19
                0x0000000000006c06       0x10 bl2/mbedcrypto/library/libmbedcrypto.a(psa_crypto_hash.o)
 *fill*         0x0000000000006c16        0x2 
 .rodata.K      0x0000000000006c18      0x100 bl2/mbedcrypto/library/libmbedcrypto.a(sha256.o)
 .rodata.CSWTCH.5
                0x0000000000006d18        0xa bl2/mbedcrypto/3rdparty/p256-m/libbl2_p256m.a(p256-m_driver_entrypoints.o)
 *fill*         0x0000000000006d22        0x2 
 .rodata.p256_gy
                0x0000000000006d24       0x20 bl2/mbedcrypto/3rdparty/p256-m/libbl2_p256m.a(p256-m.o)
 .rodata.p256_gx
                0x0000000000006d44       0x20 bl2/mbedcrypto/3rdparty/p256-m/libbl2_p256m.a(p256-m.o)
 .rodata.p256_b
                0x0000000000006d64       0x20 bl2/mbedcrypto/3rdparty/p256-m/libbl2_p256m.a(p256-m.o)
 .rodata.p256_n
                0x0000000000006d84       0x44 bl2/mbedcrypto/3rdparty/p256-m/libbl2_p256m.a(p256-m.o)
 .rodata.p256_p
                0x0000000000006dc8       0x44 bl2/mbedcrypto/3rdparty/p256-m/libbl2_p256m.a(p256-m.o)
 .rodata._global_impure_ptr
                0x0000000000006e0c        0x4 /home/blanc/zephyr-sdk-0.17.0/arm-zephyr-eabi/bin/../lib/gcc/arm-zephyr-eabi/12.2.0/../../../../arm-zephyr-eabi/lib/thumb/v8-m.main/nofp/libc_nano.a(lib_a-impure.o)
                0x0000000000006e0c                _global_impure_ptr
 .rodata.__sf_fake_stderr
                0x0000000000006e10       0x20 /home/blanc/zephyr-sdk-0.17.0/arm-zephyr-eabi/bin/../lib/gcc/arm-zephyr-eabi/12.2.0/../../../../arm-zephyr-eabi/lib/thumb/v8-m.main/nofp/libc_nano.a(lib_a-findfp.o)
                0x0000000000006e10                __sf_fake_stderr
 .rodata.__sf_fake_stdout
                0x0000000000006e30       0x20 /home/blanc/zephyr-sdk-0.17.0/arm-zephyr-eabi/bin/../lib/gcc/arm-zephyr-eabi/12.2.0/../../../../arm-zephyr-eabi/lib/thumb/v8-m.main/nofp/libc_nano.a(lib_a-findfp.o)
                0x0000000000006e30                __sf_fake_stdout
 .rodata.__sf_fake_stdin
                0x0000000000006e50       0x20 /home/blanc/zephyr-sdk-0.17.0/arm-zephyr-eabi/bin/../lib/gcc/arm-zephyr-eabi/12.2.0/../../../../arm-zephyr-eabi/lib/thumb/v8-m.main/nofp/libc_nano.a(lib_a-findfp.o)
                0x0000000000006e50                __sf_fake_stdin
 .rodata._vfprintf_r.str1.1
                0x0000000000006e70       0x11 /home/blanc/zephyr-sdk-0.17.0/arm-zephyr-eabi/bin/../lib/gcc/arm-zephyr-eabi/12.2.0/../../../../arm-zephyr-eabi/lib/thumb/v8-m.main/nofp/libc_nano.a(lib_a-nano-vfprintf.o)
 .rodata._printf_i.str1.1
                0x0000000000006e81       0x22 /home/blanc/zephyr-sdk-0.17.0/arm-zephyr-eabi/bin/../lib/gcc/arm-zephyr-eabi/12.2.0/../../../../arm-zephyr-eabi/lib/thumb/v8-m.main/nofp/libc_nano.a(lib_a-nano-vfprintf_i.o)
 *(.eh_frame*)
 *fill*         0x0000000000006ea3        0x1 
 .eh_frame      0x0000000000006ea4        0x0 /home/blanc/zephyr-sdk-0.17.0/arm-zephyr-eabi/bin/../lib/gcc/arm-zephyr-eabi/12.2.0/thumb/v8-m.main/nofp/crtbegin.o
 .eh_frame      0x0000000000006ea4        0x4 /home/blanc/zephyr-sdk-0.17.0/arm-zephyr-eabi/bin/../lib/gcc/arm-zephyr-eabi/12.2.0/thumb/v8-m.main/nofp/crtend.o

.glue_7         0x0000000000006ea8        0x0
 .glue_7        0x0000000000006ea8        0x0 linker stubs

.glue_7t        0x0000000000006ea8        0x0
 .glue_7t       0x0000000000006ea8        0x0 linker stubs

.vfp11_veneer   0x0000000000006ea8        0x0
 .vfp11_veneer  0x0000000000006ea8        0x0 linker stubs

.v4_bx          0x0000000000006ea8        0x0
 .v4_bx         0x0000000000006ea8        0x0 linker stubs

.iplt           0x0000000000006ea8        0x0
 .iplt          0x0000000000006ea8        0x0 /home/blanc/zephyr-sdk-0.17.0/arm-zephyr-eabi/bin/../lib/gcc/arm-zephyr-eabi/12.2.0/thumb/v8-m.main/nofp/crtbegin.o

.ARM.extab
 *(.ARM.extab* .gnu.linkonce.armextab.*)
                0x0000000000006ea8                __exidx_start = .

.ARM.exidx      0x0000000000006ea8        0x8
 *(.ARM.exidx* .gnu.linkonce.armexidx.*)
 .ARM.exidx     0x0000000000006ea8        0x8 /home/blanc/zephyr-sdk-0.17.0/arm-zephyr-eabi/bin/../lib/gcc/arm-zephyr-eabi/12.2.0/../../../../arm-zephyr-eabi/lib/thumb/v8-m.main/nofp/crt0.o
                                         0x10 (size before relaxing)
                0x0000000000006eb0                __exidx_end = .

.rel.dyn        0x0000000000006eb0        0x0
 .rel.iplt      0x0000000000006eb0        0x0 /home/blanc/zephyr-sdk-0.17.0/arm-zephyr-eabi/bin/../lib/gcc/arm-zephyr-eabi/12.2.0/thumb/v8-m.main/nofp/crtbegin.o

.tfm_bl2_shared_data
                0x0000000020000000      0x400
                0x0000000020000400                . = (. + 0x400)
 *fill*         0x0000000020000000      0x400 
                0x0000000020000000                Image$$SHARED_DATA$$RW$$Base = ADDR (.tfm_bl2_shared_data)
                0x0000000020000400                Image$$SHARED_DATA$$RW$$Limit = (ADDR (.tfm_bl2_shared_data) + SIZEOF (.tfm_bl2_shared_data))

.data           0x0000000020000400       0xd0 load address 0x0000000000006eb0
 *(vtable)
 *(.data*)
 .data.g_key_slot
                0x0000000020000400       0x28 bl2/CMakeFiles/bl2.dir/src/thin_psa_crypto_core.o
 .data.FIH_NO_BOOTABLE_IMAGE
                0x0000000020000428        0x4 bl2/ext/mcuboot/bootutil/libbootutil.a(fault_injection_hardening.o)
                0x0000000020000428                FIH_NO_BOOTABLE_IMAGE
 .data.FIH_FAILURE
                0x000000002000042c        0x4 bl2/ext/mcuboot/bootutil/libbootutil.a(fault_injection_hardening.o)
                0x000000002000042c                FIH_FAILURE
 .data.SystemCoreClock
                0x0000000020000430        0x4 platform/libplatform_bl2.a(system_nrf5340_application.o)
                0x0000000020000430                SystemCoreClock
 .data.UART1_Resources
                0x0000000020000434       0x28 platform/libplatform_bl2.a(Driver_USART.o)
 .data.mbedtls_exit
                0x000000002000045c        0x4 bl2/mbedcrypto/library/libmbedcrypto.a(platform.o)
                0x000000002000045c                mbedtls_exit
 .data.mbedtls_free_func
                0x0000000020000460        0x4 bl2/mbedcrypto/library/libmbedcrypto.a(platform.o)
                0x0000000020000460                mbedtls_free_func
 .data.mbedtls_calloc_func
                0x0000000020000464        0x4 bl2/mbedcrypto/library/libmbedcrypto.a(platform.o)
                0x0000000020000464                mbedtls_calloc_func
 .data.memset_func
                0x0000000020000468        0x4 bl2/mbedcrypto/library/libmbedcrypto.a(platform_util.o)
                0x0000000020000468                memset_func
 .data._impure_ptr
                0x000000002000046c        0x4 /home/blanc/zephyr-sdk-0.17.0/arm-zephyr-eabi/bin/../lib/gcc/arm-zephyr-eabi/12.2.0/../../../../arm-zephyr-eabi/lib/thumb/v8-m.main/nofp/libc_nano.a(lib_a-impure.o)
                0x000000002000046c                _impure_ptr
 .data.impure_data
                0x0000000020000470       0x60 /home/blanc/zephyr-sdk-0.17.0/arm-zephyr-eabi/bin/../lib/gcc/arm-zephyr-eabi/12.2.0/../../../../arm-zephyr-eabi/lib/thumb/v8-m.main/nofp/libc_nano.a(lib_a-impure.o)
 *(.jcr*)
                0x00000000200004d0                . = ALIGN (0x4)
                0x0000000020000400                Image$$ER_DATA$$Base = ADDR (.data)

.tm_clone_table
                0x00000000200004d0        0x0 load address 0x0000000000006f80
 .tm_clone_table
                0x00000000200004d0        0x0 /home/blanc/zephyr-sdk-0.17.0/arm-zephyr-eabi/bin/../lib/gcc/arm-zephyr-eabi/12.2.0/thumb/v8-m.main/nofp/crtbegin.o
 .tm_clone_table
                0x00000000200004d0        0x0 /home/blanc/zephyr-sdk-0.17.0/arm-zephyr-eabi/bin/../lib/gcc/arm-zephyr-eabi/12.2.0/thumb/v8-m.main/nofp/crtend.o

.igot.plt       0x00000000200004d0        0x0 load address 0x0000000000006f80
 .igot.plt      0x00000000200004d0        0x0 /home/blanc/zephyr-sdk-0.17.0/arm-zephyr-eabi/bin/../lib/gcc/arm-zephyr-eabi/12.2.0/thumb/v8-m.main/nofp/crtbegin.o

.bss            0x00000000200004d0     0x2f34 load address 0x0000000000006f80
                0x00000000200004d0                . = ALIGN (0x4)
                0x00000000200004d0                __bss_start__ = .
 *(.bss*)
 .bss           0x00000000200004d0       0x1c /home/blanc/zephyr-sdk-0.17.0/arm-zephyr-eabi/bin/../lib/gcc/arm-zephyr-eabi/12.2.0/thumb/v8-m.main/nofp/crtbegin.o
 .bss.g_pubkey_data
                0x00000000200004ec       0x44 bl2/CMakeFiles/bl2.dir/src/thin_psa_crypto_core.o
 .bss.rsp       0x0000000020000530        0xc bl2/CMakeFiles/bl2.dir/ext/mcuboot/bl2_main.o
                0x0000000020000530                rsp
 .bss.mbedtls_mem_buf
                0x000000002000053c     0x2000 bl2/CMakeFiles/bl2.dir/ext/mcuboot/bl2_main.o
 .bss.FIH_SUCCESS
                0x000000002000253c        0x4 bl2/ext/mcuboot/bootutil/libbootutil.a(fault_injection_hardening.o)
                0x000000002000253c                FIH_SUCCESS
 .bss.tmpbuf.1  0x0000000020002540      0x100 bl2/ext/mcuboot/bootutil/libbootutil.a(loader.o)
 .bss.buf.2     0x0000000020002640      0x400 bl2/ext/mcuboot/bootutil/libbootutil.a(loader.o)
 .bss.sector_buffers
                0x0000000020002a40      0x800 bl2/ext/mcuboot/bootutil/libbootutil.a(loader.o)
 .bss.boot_data
                0x0000000020003240       0xbc bl2/ext/mcuboot/bootutil/libbootutil.a(loader.o)
 .bss.shared_memory_init_done
                0x00000000200032fc        0x1 bl2/ext/mcuboot/bootutil/libbootutil.a(boot_record.o)
 *fill*         0x00000000200032fd        0x3 
 .bss.vt_cpy.0  0x0000000020003300        0x4 platform/libplatform_bl2.a(boot_hal_bl2.o)
 .bss.stdio_is_initialized
                0x0000000020003304        0x4 platform/libplatform_bl2.a(uart_stdout.o)
                0x0000000020003304                stdio_is_initialized
 .bss.block     0x0000000020003308       0x80 platform/libplatform_bl2.a(flash_otp_nv_counters_backend.o)
 .bss.m_cb      0x0000000020003388       0x50 platform/libplatform_bl2.a(nrfx_uarte.o)
 .bss.in_critical_section
                0x00000000200033d8        0x4 platform/libplatform_bl2.a(nrfx_glue.o)
 .bss.heap      0x00000000200033dc       0x14 bl2/mbedcrypto/library/libmbedcrypto.a(memory_buffer_alloc.o)
 .bss.__malloc_sbrk_start
                0x00000000200033f0        0x4 /home/blanc/zephyr-sdk-0.17.0/arm-zephyr-eabi/bin/../lib/gcc/arm-zephyr-eabi/12.2.0/../../../../arm-zephyr-eabi/lib/thumb/v8-m.main/nofp/libc_nano.a(lib_a-nano-mallocr.o)
                0x00000000200033f0                __malloc_sbrk_start
 .bss.__malloc_free_list
                0x00000000200033f4        0x4 /home/blanc/zephyr-sdk-0.17.0/arm-zephyr-eabi/bin/../lib/gcc/arm-zephyr-eabi/12.2.0/../../../../arm-zephyr-eabi/lib/thumb/v8-m.main/nofp/libc_nano.a(lib_a-nano-mallocr.o)
                0x00000000200033f4                __malloc_free_list
 .bss.__lock___malloc_recursive_mutex
                0x00000000200033f8        0x1 /home/blanc/zephyr-sdk-0.17.0/arm-zephyr-eabi/bin/../lib/gcc/arm-zephyr-eabi/12.2.0/../../../../arm-zephyr-eabi/lib/thumb/v8-m.main/nofp/libc_nano.a(lib_a-lock.o)
                0x00000000200033f8                __lock___malloc_recursive_mutex
 .bss.__lock___sfp_recursive_mutex
                0x00000000200033f9        0x1 /home/blanc/zephyr-sdk-0.17.0/arm-zephyr-eabi/bin/../lib/gcc/arm-zephyr-eabi/12.2.0/../../../../arm-zephyr-eabi/lib/thumb/v8-m.main/nofp/libc_nano.a(lib_a-lock.o)
                0x00000000200033f9                __lock___sfp_recursive_mutex
 .bss.__lock___sinit_recursive_mutex
                0x00000000200033fa        0x1 /home/blanc/zephyr-sdk-0.17.0/arm-zephyr-eabi/bin/../lib/gcc/arm-zephyr-eabi/12.2.0/../../../../arm-zephyr-eabi/lib/thumb/v8-m.main/nofp/libc_nano.a(lib_a-lock.o)
                0x00000000200033fa                __lock___sinit_recursive_mutex
 *fill*         0x00000000200033fb        0x1 
 .bss.errno     0x00000000200033fc        0x4 /home/blanc/zephyr-sdk-0.17.0/arm-zephyr-eabi/bin/../lib/gcc/arm-zephyr-eabi/12.2.0/../../../../arm-zephyr-eabi/lib/thumb/v8-m.main/nofp/libc_nano.a(lib_a-reent.o)
                0x00000000200033fc                errno
 .bss.heap_end.0
                0x0000000020003400        0x4 /home/blanc/zephyr-sdk-0.17.0/arm-zephyr-eabi/bin/../lib/gcc/arm-zephyr-eabi/12.2.0/../../../../arm-zephyr-eabi/lib/thumb/v8-m.main/nofp/libnosys.a(sbrk.o)
 *(COMMON)
                0x0000000020003404                . = ALIGN (0x4)
                0x0000000020003404                __bss_end__ = .

.msp_stack      0x0000000020003420     0x1800 load address 0x0000000000006f80
                0x0000000020004c20                . = (. + __msp_stack_size__)
 *fill*         0x0000000020003420     0x1800 
                0x0000000020003420                Image$$ARM_LIB_STACK$$ZI$$Base = ADDR (.msp_stack)
                0x0000000020004c20                Image$$ARM_LIB_STACK$$ZI$$Limit = (ADDR (.msp_stack) + SIZEOF (.msp_stack))

.heap           0x0000000020004c20     0x1000 load address 0x0000000000006f80
                0x0000000020004c20                . = ALIGN (0x8)
                0x0000000020004c20                __end__ = .
                0x0000000020004c20                PROVIDE (end = .)
                0x0000000020004c20                __HeapBase = .
                0x0000000020005c20                . = (. + __heap_size__)
 *fill*         0x0000000020004c20     0x1000 
                0x0000000020005c20                __HeapLimit = .
                0x0000000020005c20                __heap_limit = .
                0x0000000020005c20                Image$$ARM_LIB_HEAP$$ZI$$Limit = (ADDR (.heap) + SIZEOF (.heap))
                0x0000000020004c20                PROVIDE (__stack = Image$$ARM_LIB_STACK$$ZI$$Limit)
OUTPUT(bin/bl2.axf elf32-littlearm)
LOAD linker stubs

.ARM.attributes
                0x0000000000000000       0x30
 .ARM.attributes
                0x0000000000000000       0x22 /home/blanc/zephyr-sdk-0.17.0/arm-zephyr-eabi/bin/../lib/gcc/arm-zephyr-eabi/12.2.0/thumb/v8-m.main/nofp/crti.o
 .ARM.attributes
                0x0000000000000022       0x32 /home/blanc/zephyr-sdk-0.17.0/arm-zephyr-eabi/bin/../lib/gcc/arm-zephyr-eabi/12.2.0/thumb/v8-m.main/nofp/crtbegin.o
 .ARM.attributes
                0x0000000000000054       0x20 /home/blanc/zephyr-sdk-0.17.0/arm-zephyr-eabi/bin/../lib/gcc/arm-zephyr-eabi/12.2.0/../../../../arm-zephyr-eabi/lib/thumb/v8-m.main/nofp/crt0.o
 .ARM.attributes
                0x0000000000000074       0x34 bl2/CMakeFiles/bl2.dir/src/flash_map.o
 .ARM.attributes
                0x00000000000000a8       0x34 bl2/CMakeFiles/bl2.dir/src/security_cnt.o
 .ARM.attributes
                0x00000000000000dc       0x34 bl2/CMakeFiles/bl2.dir/src/default_flash_map.o
 .ARM.attributes
                0x0000000000000110       0x34 bl2/CMakeFiles/bl2.dir/src/provisioning.o
 .ARM.attributes
                0x0000000000000144       0x34 bl2/CMakeFiles/bl2.dir/src/thin_psa_crypto_core.o
 .ARM.attributes
                0x0000000000000178       0x34 bl2/CMakeFiles/bl2.dir/__/platform/ext/common/syscalls_stub.o
 .ARM.attributes
                0x00000000000001ac       0x34 bl2/CMakeFiles/bl2.dir/ext/mcuboot/bl2_main.o
 .ARM.attributes
                0x00000000000001e0       0x34 bl2/CMakeFiles/bl2.dir/ext/mcuboot/keys.o
 .ARM.attributes
                0x0000000000000214       0x34 bl2/CMakeFiles/bl2.dir/ext/mcuboot/flash_map_extended.o
 .ARM.attributes
                0x0000000000000248       0x34 bl2/CMakeFiles/bl2.dir/ext/mcuboot/flash_map_legacy.o
 .ARM.attributes
                0x000000000000027c       0x34 bl2/CMakeFiles/bl2.dir/__/platform/ext/target/nordic_nrf/common/core/startup.o
 .ARM.attributes
                0x00000000000002b0       0x34 bl2/CMakeFiles/bl2.dir/__/platform/ext/target/nordic_nrf/common/core/startup_nrf5340.o
 .ARM.attributes
                0x00000000000002e4       0x34 bl2/ext/mcuboot/bootutil/libbootutil.a(fault_injection_hardening.o)
 .ARM.attributes
                0x0000000000000318       0x34 bl2/ext/mcuboot/bootutil/libbootutil.a(loader.o)
 .ARM.attributes
                0x000000000000034c       0x34 bl2/ext/mcuboot/bootutil/libbootutil.a(swap_scratch.o)
 .ARM.attributes
                0x0000000000000380       0x34 bl2/ext/mcuboot/bootutil/libbootutil.a(tlv.o)
 .ARM.attributes
                0x00000000000003b4       0x34 bl2/ext/mcuboot/bootutil/libbootutil.a(boot_record.o)
 .ARM.attributes
                0x00000000000003e8       0x34 bl2/ext/mcuboot/bootutil/libbootutil.a(bootutil_misc.o)
 .ARM.attributes
                0x000000000000041c       0x34 bl2/ext/mcuboot/bootutil/libbootutil.a(bootutil_public.o)
 .ARM.attributes
                0x0000000000000450       0x34 bl2/ext/mcuboot/bootutil/libbootutil.a(image_validate.o)
 .ARM.attributes
                0x0000000000000484       0x34 bl2/ext/mcuboot/bootutil/libbootutil.a(image_ecdsa.o)
 .ARM.attributes
                0x00000000000004b8       0x34 platform/libplatform_bl2.a(Driver_Flash.o)
 .ARM.attributes
                0x00000000000004ec       0x34 platform/libplatform_bl2.a(nrfx_nvmc.o)
 .ARM.attributes
                0x0000000000000520       0x34 platform/libplatform_bl2.a(system_nrf5340_application.o)
 .ARM.attributes
                0x0000000000000554       0x34 platform/libplatform_bl2.a(boot_hal_bl2.o)
 .ARM.attributes
                0x0000000000000588       0x34 platform/libplatform_bl2.a(uart_stdout.o)
 .ARM.attributes
                0x00000000000005bc       0x34 platform/libplatform_bl2.a(nv_counters.o)
 .ARM.attributes
                0x00000000000005f0       0x34 platform/libplatform_bl2.a(flash_otp_nv_counters_backend.o)
 .ARM.attributes
                0x0000000000000624       0x34 platform/libplatform_bl2.a(otp_flash.o)
 .ARM.attributes
                0x0000000000000658       0x34 platform/libplatform_bl2.a(Driver_USART.o)
 .ARM.attributes
                0x000000000000068c       0x34 platform/libplatform_bl2.a(nrfx_uarte.o)
 .ARM.attributes
                0x00000000000006c0       0x34 platform/libplatform_bl2.a(nrfx_glue.o)
 .ARM.attributes
                0x00000000000006f4       0x34 bl2/mbedcrypto/library/libmbedcrypto.a(memory_buffer_alloc.o)
 .ARM.attributes
                0x0000000000000728       0x34 bl2/mbedcrypto/library/libmbedcrypto.a(platform.o)
 .ARM.attributes
                0x000000000000075c       0x34 bl2/mbedcrypto/library/libmbedcrypto.a(platform_util.o)
 .ARM.attributes
                0x0000000000000790       0x34 bl2/mbedcrypto/library/libmbedcrypto.a(psa_crypto_hash.o)
 .ARM.attributes
                0x00000000000007c4       0x34 bl2/mbedcrypto/library/libmbedcrypto.a(sha256.o)
 .ARM.attributes
                0x00000000000007f8       0x34 bl2/mbedcrypto/3rdparty/p256-m/libbl2_p256m.a(p256-m_driver_entrypoints.o)
 .ARM.attributes
                0x000000000000082c       0x34 bl2/mbedcrypto/3rdparty/p256-m/libbl2_p256m.a(p256-m.o)
 .ARM.attributes
                0x0000000000000860       0x32 /home/blanc/zephyr-sdk-0.17.0/arm-zephyr-eabi/bin/../lib/gcc/arm-zephyr-eabi/12.2.0/../../../../arm-zephyr-eabi/lib/thumb/v8-m.main/nofp/libc_nano.a(lib_a-calloc.o)
 .ARM.attributes
                0x0000000000000892       0x32 /home/blanc/zephyr-sdk-0.17.0/arm-zephyr-eabi/bin/../lib/gcc/arm-zephyr-eabi/12.2.0/../../../../arm-zephyr-eabi/lib/thumb/v8-m.main/nofp/libc_nano.a(lib_a-exit.o)
 .ARM.attributes
                0x00000000000008c4       0x32 /home/blanc/zephyr-sdk-0.17.0/arm-zephyr-eabi/bin/../lib/gcc/arm-zephyr-eabi/12.2.0/../../../../arm-zephyr-eabi/lib/thumb/v8-m.main/nofp/libc_nano.a(lib_a-impure.o)
 .ARM.attributes
                0x00000000000008f6       0x32 /home/blanc/zephyr-sdk-0.17.0/arm-zephyr-eabi/bin/../lib/gcc/arm-zephyr-eabi/12.2.0/../../../../arm-zephyr-eabi/lib/thumb/v8-m.main/nofp/libc_nano.a(lib_a-init.o)
 .ARM.attributes
                0x0000000000000928       0x32 /home/blanc/zephyr-sdk-0.17.0/arm-zephyr-eabi/bin/../lib/gcc/arm-zephyr-eabi/12.2.0/../../../../arm-zephyr-eabi/lib/thumb/v8-m.main/nofp/libc_nano.a(lib_a-malloc.o)
 .ARM.attributes
                0x000000000000095a       0x32 /home/blanc/zephyr-sdk-0.17.0/arm-zephyr-eabi/bin/../lib/gcc/arm-zephyr-eabi/12.2.0/../../../../arm-zephyr-eabi/lib/thumb/v8-m.main/nofp/libc_nano.a(lib_a-memcmp.o)
 .ARM.attributes
                0x000000000000098c       0x32 /home/blanc/zephyr-sdk-0.17.0/arm-zephyr-eabi/bin/../lib/gcc/arm-zephyr-eabi/12.2.0/../../../../arm-zephyr-eabi/lib/thumb/v8-m.main/nofp/libc_nano.a(lib_a-memcpy-stub.o)
 .ARM.attributes
                0x00000000000009be       0x32 /home/blanc/zephyr-sdk-0.17.0/arm-zephyr-eabi/bin/../lib/gcc/arm-zephyr-eabi/12.2.0/../../../../arm-zephyr-eabi/lib/thumb/v8-m.main/nofp/libc_nano.a(lib_a-memmove.o)
 .ARM.attributes
                0x00000000000009f0       0x32 /home/blanc/zephyr-sdk-0.17.0/arm-zephyr-eabi/bin/../lib/gcc/arm-zephyr-eabi/12.2.0/../../../../arm-zephyr-eabi/lib/thumb/v8-m.main/nofp/libc_nano.a(lib_a-memset.o)
 .ARM.attributes
                0x0000000000000a22       0x32 /home/blanc/zephyr-sdk-0.17.0/arm-zephyr-eabi/bin/../lib/gcc/arm-zephyr-eabi/12.2.0/../../../../arm-zephyr-eabi/lib/thumb/v8-m.main/nofp/libc_nano.a(lib_a-nano-callocr.o)
 .ARM.attributes
                0x0000000000000a54       0x32 /home/blanc/zephyr-sdk-0.17.0/arm-zephyr-eabi/bin/../lib/gcc/arm-zephyr-eabi/12.2.0/../../../../arm-zephyr-eabi/lib/thumb/v8-m.main/nofp/libc_nano.a(lib_a-nano-freer.o)
 .ARM.attributes
                0x0000000000000a86       0x32 /home/blanc/zephyr-sdk-0.17.0/arm-zephyr-eabi/bin/../lib/gcc/arm-zephyr-eabi/12.2.0/../../../../arm-zephyr-eabi/lib/thumb/v8-m.main/nofp/libc_nano.a(lib_a-nano-mallocr.o)
 .ARM.attributes
                0x0000000000000ab8       0x32 /home/blanc/zephyr-sdk-0.17.0/arm-zephyr-eabi/bin/../lib/gcc/arm-zephyr-eabi/12.2.0/../../../../arm-zephyr-eabi/lib/thumb/v8-m.main/nofp/libc_nano.a(lib_a-printf.o)
 .ARM.attributes
                0x0000000000000aea       0x32 /home/blanc/zephyr-sdk-0.17.0/arm-zephyr-eabi/bin/../lib/gcc/arm-zephyr-eabi/12.2.0/../../../../arm-zephyr-eabi/lib/thumb/v8-m.main/nofp/libc_nano.a(lib_a-sbrkr.o)
 .ARM.attributes
                0x0000000000000b1c       0x32 /home/blanc/zephyr-sdk-0.17.0/arm-zephyr-eabi/bin/../lib/gcc/arm-zephyr-eabi/12.2.0/../../../../arm-zephyr-eabi/lib/thumb/v8-m.main/nofp/libc_nano.a(lib_a-findfp.o)
 .ARM.attributes
                0x0000000000000b4e       0x32 /home/blanc/zephyr-sdk-0.17.0/arm-zephyr-eabi/bin/../lib/gcc/arm-zephyr-eabi/12.2.0/../../../../arm-zephyr-eabi/lib/thumb/v8-m.main/nofp/libc_nano.a(lib_a-fwalk.o)
 .ARM.attributes
                0x0000000000000b80       0x32 /home/blanc/zephyr-sdk-0.17.0/arm-zephyr-eabi/bin/../lib/gcc/arm-zephyr-eabi/12.2.0/../../../../arm-zephyr-eabi/lib/thumb/v8-m.main/nofp/libc_nano.a(lib_a-lock.o)
 .ARM.attributes
                0x0000000000000bb2       0x32 /home/blanc/zephyr-sdk-0.17.0/arm-zephyr-eabi/bin/../lib/gcc/arm-zephyr-eabi/12.2.0/../../../../arm-zephyr-eabi/lib/thumb/v8-m.main/nofp/libc_nano.a(lib_a-mlock.o)
 .ARM.attributes
                0x0000000000000be4       0x32 /home/blanc/zephyr-sdk-0.17.0/arm-zephyr-eabi/bin/../lib/gcc/arm-zephyr-eabi/12.2.0/../../../../arm-zephyr-eabi/lib/thumb/v8-m.main/nofp/libc_nano.a(lib_a-nano-vfprintf.o)
 .ARM.attributes
                0x0000000000000c16       0x32 /home/blanc/zephyr-sdk-0.17.0/arm-zephyr-eabi/bin/../lib/gcc/arm-zephyr-eabi/12.2.0/../../../../arm-zephyr-eabi/lib/thumb/v8-m.main/nofp/libc_nano.a(lib_a-nano-vfprintf_i.o)
 .ARM.attributes
                0x0000000000000c48       0x32 /home/blanc/zephyr-sdk-0.17.0/arm-zephyr-eabi/bin/../lib/gcc/arm-zephyr-eabi/12.2.0/../../../../arm-zephyr-eabi/lib/thumb/v8-m.main/nofp/libc_nano.a(lib_a-reent.o)
 .ARM.attributes
                0x0000000000000c7a       0x32 /home/blanc/zephyr-sdk-0.17.0/arm-zephyr-eabi/bin/../lib/gcc/arm-zephyr-eabi/12.2.0/../../../../arm-zephyr-eabi/lib/thumb/v8-m.main/nofp/libc_nano.a(lib_a-stdio.o)
 .ARM.attributes
                0x0000000000000cac       0x32 /home/blanc/zephyr-sdk-0.17.0/arm-zephyr-eabi/bin/../lib/gcc/arm-zephyr-eabi/12.2.0/../../../../arm-zephyr-eabi/lib/thumb/v8-m.main/nofp/libc_nano.a(lib_a-wbuf.o)
 .ARM.attributes
                0x0000000000000cde       0x32 /home/blanc/zephyr-sdk-0.17.0/arm-zephyr-eabi/bin/../lib/gcc/arm-zephyr-eabi/12.2.0/../../../../arm-zephyr-eabi/lib/thumb/v8-m.main/nofp/libc_nano.a(lib_a-writer.o)
 .ARM.attributes
                0x0000000000000d10       0x32 /home/blanc/zephyr-sdk-0.17.0/arm-zephyr-eabi/bin/../lib/gcc/arm-zephyr-eabi/12.2.0/../../../../arm-zephyr-eabi/lib/thumb/v8-m.main/nofp/libc_nano.a(lib_a-wsetup.o)
 .ARM.attributes
                0x0000000000000d42       0x32 /home/blanc/zephyr-sdk-0.17.0/arm-zephyr-eabi/bin/../lib/gcc/arm-zephyr-eabi/12.2.0/../../../../arm-zephyr-eabi/lib/thumb/v8-m.main/nofp/libc_nano.a(lib_a-closer.o)
 .ARM.attributes
                0x0000000000000d74       0x32 /home/blanc/zephyr-sdk-0.17.0/arm-zephyr-eabi/bin/../lib/gcc/arm-zephyr-eabi/12.2.0/../../../../arm-zephyr-eabi/lib/thumb/v8-m.main/nofp/libc_nano.a(lib_a-fflush.o)
 .ARM.attributes
                0x0000000000000da6       0x32 /home/blanc/zephyr-sdk-0.17.0/arm-zephyr-eabi/bin/../lib/gcc/arm-zephyr-eabi/12.2.0/../../../../arm-zephyr-eabi/lib/thumb/v8-m.main/nofp/libc_nano.a(lib_a-lseekr.o)
 .ARM.attributes
                0x0000000000000dd8       0x32 /home/blanc/zephyr-sdk-0.17.0/arm-zephyr-eabi/bin/../lib/gcc/arm-zephyr-eabi/12.2.0/../../../../arm-zephyr-eabi/lib/thumb/v8-m.main/nofp/libc_nano.a(lib_a-makebuf.o)
 .ARM.attributes
                0x0000000000000e0a       0x32 /home/blanc/zephyr-sdk-0.17.0/arm-zephyr-eabi/bin/../lib/gcc/arm-zephyr-eabi/12.2.0/../../../../arm-zephyr-eabi/lib/thumb/v8-m.main/nofp/libc_nano.a(lib_a-memchr-stub.o)
 .ARM.attributes
                0x0000000000000e3c       0x32 /home/blanc/zephyr-sdk-0.17.0/arm-zephyr-eabi/bin/../lib/gcc/arm-zephyr-eabi/12.2.0/../../../../arm-zephyr-eabi/lib/thumb/v8-m.main/nofp/libc_nano.a(lib_a-readr.o)
 .ARM.attributes
                0x0000000000000e6e       0x32 /home/blanc/zephyr-sdk-0.17.0/arm-zephyr-eabi/bin/../lib/gcc/arm-zephyr-eabi/12.2.0/../../../../arm-zephyr-eabi/lib/thumb/v8-m.main/nofp/libc_nano.a(lib_a-fstatr.o)
 .ARM.attributes
                0x0000000000000ea0       0x32 /home/blanc/zephyr-sdk-0.17.0/arm-zephyr-eabi/bin/../lib/gcc/arm-zephyr-eabi/12.2.0/../../../../arm-zephyr-eabi/lib/thumb/v8-m.main/nofp/libc_nano.a(lib_a-isattyr.o)
 .ARM.attributes
                0x0000000000000ed2       0x32 /home/blanc/zephyr-sdk-0.17.0/arm-zephyr-eabi/bin/../lib/gcc/arm-zephyr-eabi/12.2.0/../../../../arm-zephyr-eabi/lib/thumb/v8-m.main/nofp/libnosys.a(sbrk.o)
 .ARM.attributes
                0x0000000000000f04       0x32 /home/blanc/zephyr-sdk-0.17.0/arm-zephyr-eabi/bin/../lib/gcc/arm-zephyr-eabi/12.2.0/../../../../arm-zephyr-eabi/lib/thumb/v8-m.main/nofp/libnosys.a(_exit.o)
 .ARM.attributes
                0x0000000000000f36       0x32 /home/blanc/zephyr-sdk-0.17.0/arm-zephyr-eabi/bin/../lib/gcc/arm-zephyr-eabi/12.2.0/thumb/v8-m.main/nofp/crtend.o
 .ARM.attributes
                0x0000000000000f68       0x22 /home/blanc/zephyr-sdk-0.17.0/arm-zephyr-eabi/bin/../lib/gcc/arm-zephyr-eabi/12.2.0/thumb/v8-m.main/nofp/crtn.o

.comment        0x0000000000000000       0x20
 .comment       0x0000000000000000       0x20 bl2/CMakeFiles/bl2.dir/src/flash_map.o
                                         0x21 (size before relaxing)
 .comment       0x0000000000000020       0x21 bl2/CMakeFiles/bl2.dir/src/security_cnt.o
 .comment       0x0000000000000020       0x21 bl2/CMakeFiles/bl2.dir/src/default_flash_map.o
 .comment       0x0000000000000020       0x21 bl2/CMakeFiles/bl2.dir/src/provisioning.o
 .comment       0x0000000000000020       0x21 bl2/CMakeFiles/bl2.dir/src/thin_psa_crypto_core.o
 .comment       0x0000000000000020       0x21 bl2/CMakeFiles/bl2.dir/__/platform/ext/common/syscalls_stub.o
 .comment       0x0000000000000020       0x21 bl2/CMakeFiles/bl2.dir/ext/mcuboot/bl2_main.o
 .comment       0x0000000000000020       0x21 bl2/CMakeFiles/bl2.dir/ext/mcuboot/keys.o
 .comment       0x0000000000000020       0x21 bl2/CMakeFiles/bl2.dir/ext/mcuboot/flash_map_extended.o
 .comment       0x0000000000000020       0x21 bl2/CMakeFiles/bl2.dir/ext/mcuboot/flash_map_legacy.o
 .comment       0x0000000000000020       0x21 bl2/CMakeFiles/bl2.dir/__/platform/ext/target/nordic_nrf/common/core/startup.o
 .comment       0x0000000000000020       0x21 bl2/CMakeFiles/bl2.dir/__/platform/ext/target/nordic_nrf/common/core/startup_nrf5340.o
 .comment       0x0000000000000020       0x21 bl2/ext/mcuboot/bootutil/libbootutil.a(fault_injection_hardening.o)
 .comment       0x0000000000000020       0x21 bl2/ext/mcuboot/bootutil/libbootutil.a(loader.o)
 .comment       0x0000000000000020       0x21 bl2/ext/mcuboot/bootutil/libbootutil.a(swap_scratch.o)
 .comment       0x0000000000000020       0x21 bl2/ext/mcuboot/bootutil/libbootutil.a(tlv.o)
 .comment       0x0000000000000020       0x21 bl2/ext/mcuboot/bootutil/libbootutil.a(boot_record.o)
 .comment       0x0000000000000020       0x21 bl2/ext/mcuboot/bootutil/libbootutil.a(bootutil_misc.o)
 .comment       0x0000000000000020       0x21 bl2/ext/mcuboot/bootutil/libbootutil.a(bootutil_public.o)
 .comment       0x0000000000000020       0x21 bl2/ext/mcuboot/bootutil/libbootutil.a(image_validate.o)
 .comment       0x0000000000000020       0x21 bl2/ext/mcuboot/bootutil/libbootutil.a(image_ecdsa.o)
 .comment       0x0000000000000020       0x21 platform/libplatform_bl2.a(Driver_Flash.o)
 .comment       0x0000000000000020       0x21 platform/libplatform_bl2.a(nrfx_nvmc.o)
 .comment       0x0000000000000020       0x21 platform/libplatform_bl2.a(system_nrf5340_application.o)
 .comment       0x0000000000000020       0x21 platform/libplatform_bl2.a(boot_hal_bl2.o)
 .comment       0x0000000000000020       0x21 platform/libplatform_bl2.a(uart_stdout.o)
 .comment       0x0000000000000020       0x21 platform/libplatform_bl2.a(nv_counters.o)
 .comment       0x0000000000000020       0x21 platform/libplatform_bl2.a(flash_otp_nv_counters_backend.o)
 .comment       0x0000000000000020       0x21 platform/libplatform_bl2.a(otp_flash.o)
 .comment       0x0000000000000020       0x21 platform/libplatform_bl2.a(Driver_USART.o)
 .comment       0x0000000000000020       0x21 platform/libplatform_bl2.a(nrfx_uarte.o)
 .comment       0x0000000000000020       0x21 platform/libplatform_bl2.a(nrfx_glue.o)
 .comment       0x0000000000000020       0x21 bl2/mbedcrypto/library/libmbedcrypto.a(memory_buffer_alloc.o)
 .comment       0x0000000000000020       0x21 bl2/mbedcrypto/library/libmbedcrypto.a(platform.o)
 .comment       0x0000000000000020       0x21 bl2/mbedcrypto/library/libmbedcrypto.a(platform_util.o)
 .comment       0x0000000000000020       0x21 bl2/mbedcrypto/library/libmbedcrypto.a(psa_crypto_hash.o)
 .comment       0x0000000000000020       0x21 bl2/mbedcrypto/library/libmbedcrypto.a(sha256.o)
 .comment       0x0000000000000020       0x21 bl2/mbedcrypto/3rdparty/p256-m/libbl2_p256m.a(p256-m_driver_entrypoints.o)
 .comment       0x0000000000000020       0x21 bl2/mbedcrypto/3rdparty/p256-m/libbl2_p256m.a(p256-m.o)

.debug_info     0x0000000000000000    0x2711e
 .debug_info    0x0000000000000000      0xb71 bl2/CMakeFiles/bl2.dir/src/flash_map.o
 .debug_info    0x0000000000000b71      0x45a bl2/CMakeFiles/bl2.dir/src/security_cnt.o
 .debug_info    0x0000000000000fcb      0x4f1 bl2/CMakeFiles/bl2.dir/src/default_flash_map.o
 .debug_info    0x00000000000014bc      0x58c bl2/CMakeFiles/bl2.dir/src/provisioning.o
 .debug_info    0x0000000000001a48     0x134a bl2/CMakeFiles/bl2.dir/src/thin_psa_crypto_core.o
 .debug_info    0x0000000000002d92       0xbc bl2/CMakeFiles/bl2.dir/__/platform/ext/common/syscalls_stub.o
 .debug_info    0x0000000000002e4e      0x8a2 bl2/CMakeFiles/bl2.dir/ext/mcuboot/bl2_main.o
 .debug_info    0x00000000000036f0       0x8b bl2/CMakeFiles/bl2.dir/ext/mcuboot/keys.o