Archive member included to satisfy reference by file (symbol)

platform/libplatform_s.a(system_nrf5340_application.o)
                              secure_fw/CMakeFiles/tfm_s.dir/__/platform/ext/target/nordic_nrf/common/core/startup.o (SystemInit)
platform/libplatform_s.a(exception_info.o)
                              secure_fw/CMakeFiles/tfm_s.dir/__/platform/ext/target/nordic_nrf/common/core/startup_nrf5340.o (store_and_dump_context)
platform/libplatform_s.a(tfm_hal_spm_logdev_peripheral.o)
                              platform/libplatform_s.a(exception_info.o) (tfm_hal_output_spm_log)
platform/libplatform_s.a(uart_stdout.o)
                              platform/libplatform_s.a(tfm_hal_spm_logdev_peripheral.o) (stdio_output_string)
platform/libplatform_s.a(Driver_USART.o)
                              platform/libplatform_s.a(uart_stdout.o) (Driver_USART1)
platform/libplatform_s.a(nrfx_uarte.o)
                              platform/libplatform_s.a(Driver_USART.o) (nrfx_uarte_init)
platform/libplatform_s.a(nrfx_glue.o)
                              platform/libplatform_s.a(nrfx_uarte.o) (nrfx_critical_section_enter)
secure_fw/partitions/lib/runtime/libtfm_sprt.a(crt_memmove.o)
                              platform/libplatform_s.a(nrfx_uarte.o) (memmove)
secure_fw/partitions/lib/runtime/libtfm_sprt.a(crt_memcpy.o)
                              platform/libplatform_s.a(exception_info.o) (memcpy)
secure_fw/partitions/lib/runtime/libtfm_sprt.a(crt_memset.o)
                              /home/blanc/zephyr-sdk-0.17.0/arm-zephyr-eabi/bin/../lib/gcc/arm-zephyr-eabi/12.2.0/../../../../arm-zephyr-eabi/lib/thumb/v8-m.main/nofp/crt0.o (memset)
secure_fw/partitions/lib/runtime/libtfm_sprt.a(psa_api_ipc.o)
                              secure_fw/CMakeFiles/tfm_s.dir/partitions/ns_agent_tz/psa_api_veneers_v80m.o (psa_framework_version)
secure_fw/partitions/lib/runtime/libtfm_sprt.a(sprt_partition_metadata_indicator.o)
                              secure_fw/partitions/lib/runtime/libtfm_sprt.a(psa_api_ipc.o) (p_partition_metadata)
secure_fw/spm/libtfm_spm.a(utilities.o)
                              secure_fw/CMakeFiles/tfm_s.dir/__/platform/ext/common/faults.o (tfm_core_panic)
secure_fw/spm/libtfm_spm.a(spm_log.o)
                              platform/libplatform_s.a(exception_info.o) (spm_log_msgval)
secure_fw/spm/libtfm_spm.a(main.o)
                              /home/blanc/zephyr-sdk-0.17.0/arm-zephyr-eabi/bin/../lib/gcc/arm-zephyr-eabi/12.2.0/../../../../arm-zephyr-eabi/lib/thumb/v8-m.main/nofp/crt0.o (main)
secure_fw/spm/libtfm_spm.a(tfm_arch_v8m_main.o)
                              secure_fw/spm/libtfm_spm.a(main.o) (tfm_arch_set_secure_exception_priorities)
secure_fw/spm/libtfm_spm.a(ns_agent_tz_v80m.o)
                              secure_fw/CMakeFiles/tfm_s.dir/partitions/ns_agent_tz/load_info_ns_agent_tz.o (ns_agent_tz_main)
secure_fw/spm/libtfm_spm.a(tfm_hal_isolation.o)
                              secure_fw/spm/libtfm_spm.a(main.o) (tfm_hal_set_up_static_boundaries)
secure_fw/spm/libtfm_spm.a(target_cfg.o)
                              secure_fw/spm/libtfm_spm.a(tfm_hal_isolation.o) (sau_and_idau_cfg)
secure_fw/spm/libtfm_spm.a(tfm_hal_platform.o)
                              secure_fw/spm/libtfm_spm.a(main.o) (tfm_hal_platform_init)
secure_fw/spm/libtfm_spm.a(tfm_boot_data.o)
                              secure_fw/spm/libtfm_spm.a(main.o) (tfm_core_validate_boot_data)
secure_fw/spm/libtfm_spm.a(spm_ipc.o)
                              secure_fw/spm/libtfm_spm.a(tfm_boot_data.o) (tfm_spm_partition_get_running_partition_id)
secure_fw/spm/libtfm_spm.a(rom_loader.o)
                              secure_fw/spm/libtfm_spm.a(spm_ipc.o) (load_a_partition_assuredly)
secure_fw/spm/libtfm_spm.a(backend_ipc.o)
                              secure_fw/spm/libtfm_spm.a(spm_ipc.o) (backend_init_comp_assuredly)
secure_fw/spm/libtfm_spm.a(tfm_svcalls.o)
                              secure_fw/spm/libtfm_spm.a(tfm_arch_v8m_main.o) (spm_svc_handler)
secure_fw/spm/libtfm_spm.a(thread.o)
                              secure_fw/spm/libtfm_spm.a(backend_ipc.o) (thrd_set_query_callback)
secure_fw/spm/libtfm_spm.a(tfm_spm_ns_ctx.o)
                              secure_fw/spm/libtfm_spm.a(backend_ipc.o) (tz_ns_agent_register_client_id_range)
secure_fw/spm/libtfm_spm.a(spm_connection_pool.o)
                              secure_fw/spm/libtfm_spm.a(spm_ipc.o) (connection_to_handle)
secure_fw/spm/libtfm_spm.a(tfm_hal_platform_common.o)
                              secure_fw/spm/libtfm_spm.a(tfm_hal_platform.o) (tfm_hal_platform_common_init)
secure_fw/spm/libtfm_spm.a(tfm_arch.o)
                              secure_fw/spm/libtfm_spm.a(tfm_svcalls.o) (tfm_arch_free_msp_and_exc_ret)
secure_fw/spm/libtfm_spm.a(psa_api.o)
                              secure_fw/spm/libtfm_spm.a(backend_ipc.o) (spm_handle_programmer_errors)
secure_fw/spm/libtfm_spm.a(tfm_pools.o)
[...]
Memory Configuration

Name             Origin             Length             Attributes
FLASH            0x0000000000010400 0x000000000003f800 xr
RAM              0x0000000020000000 0x0000000000040000 rw
*default*        0x0000000000000000 0xffffffffffffffff

Linker script and memory map

LOAD /home/blanc/zephyr-sdk-0.17.0/arm-zephyr-eabi/bin/../lib/gcc/arm-zephyr-eabi/12.2.0/thumb/v8-m.main/nofp/crti.o
LOAD /home/blanc/zephyr-sdk-0.17.0/arm-zephyr-eabi/bin/../lib/gcc/arm-zephyr-eabi/12.2.0/thumb/v8-m.main/nofp/crtbegin.o
LOAD /home/blanc/zephyr-sdk-0.17.0/arm-zephyr-eabi/bin/../lib/gcc/arm-zephyr-eabi/12.2.0/../../../../arm-zephyr-eabi/lib/thumb/v8-m.main/nofp/crt0.o
LOAD secure_fw/CMakeFiles/tfm_s.dir/partitions/ns_agent_tz/psa_api_veneers_v80m.o
LOAD secure_fw/CMakeFiles/tfm_s.dir/__/platform/ext/target/nordic_nrf/common/core/startup.o
LOAD secure_fw/CMakeFiles/tfm_s.dir/__/platform/ext/target/nordic_nrf/common/core/startup_nrf5340.o
LOAD secure_fw/CMakeFiles/tfm_s.dir/__/platform/ext/common/faults.o
LOAD secure_fw/CMakeFiles/tfm_s.dir/__/generated/secure_fw/partitions/crypto/auto_generated/load_info_tfm_crypto.o
LOAD secure_fw/CMakeFiles/tfm_s.dir/__/generated/secure_fw/partitions/initial_attestation/auto_generated/load_info_tfm_initial_attestation.o
LOAD secure_fw/CMakeFiles/tfm_s.dir/__/generated/secure_fw/partitions/protected_storage/auto_generated/load_info_tfm_protected_storage.o
LOAD secure_fw/CMakeFiles/tfm_s.dir/__/generated/secure_fw/partitions/internal_trusted_storage/auto_generated/load_info_tfm_internal_trusted_storage.o
LOAD secure_fw/CMakeFiles/tfm_s.dir/__/generated/secure_fw/partitions/platform/auto_generated/load_info_tfm_platform.o
LOAD secure_fw/CMakeFiles/tfm_s.dir/partitions/ns_agent_tz/load_info_ns_agent_tz.o
LOAD secure_fw/CMakeFiles/tfm_s.dir/__/platform/ext/common/syscalls_stub.o
LOAD platform/libplatform_s.a
LOAD secure_fw/partitions/lib/runtime/libtfm_sprt.a
LOAD secure_fw/spm/libtfm_spm.a
LOAD platform/libplatform_crypto_keys.a
LOAD secure_fw/partitions/crypto/mbedcrypto/library/libmbedcrypto.a
LOAD secure_fw/partitions/crypto/libtfm_psa_rot_partition_crypto.a
LOAD secure_fw/partitions/initial_attestation/libtfm_psa_rot_partition_attestation.a
LOAD secure_fw/partitions/protected_storage/libtfm_app_rot_partition_ps.a
LOAD secure_fw/partitions/internal_trusted_storage/libtfm_psa_rot_partition_its.a
LOAD secure_fw/partitions/platform/libtfm_psa_rot_partition_platform.a
LOAD secure_fw/partitions/lib/runtime/libtfm_sp_log.a
LOAD lib/ext/t_cose/libtfm_t_cose_s.a
LOAD platform/libplatform_s.a
LOAD secure_fw/partitions/lib/runtime/libtfm_sprt.a
LOAD secure_fw/spm/libtfm_spm.a
LOAD platform/libplatform_crypto_keys.a
LOAD secure_fw/partitions/crypto/mbedcrypto/library/libmbedcrypto.a
LOAD secure_fw/partitions/crypto/libtfm_psa_rot_partition_crypto.a
LOAD secure_fw/partitions/initial_attestation/libtfm_psa_rot_partition_attestation.a
LOAD secure_fw/partitions/protected_storage/libtfm_app_rot_partition_ps.a
LOAD secure_fw/partitions/internal_trusted_storage/libtfm_psa_rot_partition_its.a
LOAD secure_fw/partitions/platform/libtfm_psa_rot_partition_platform.a
LOAD secure_fw/partitions/lib/runtime/libtfm_sp_log.a
LOAD lib/ext/t_cose/libtfm_t_cose_s.a
LOAD platform/libplatform_s.a
LOAD secure_fw/partitions/lib/runtime/libtfm_sprt.a
LOAD secure_fw/spm/libtfm_spm.a
LOAD platform/libplatform_crypto_keys.a
LOAD secure_fw/partitions/crypto/mbedcrypto/library/libmbedcrypto.a
LOAD secure_fw/partitions/crypto/libtfm_psa_rot_partition_crypto.a
LOAD secure_fw/partitions/initial_attestation/libtfm_psa_rot_partition_attestation.a
LOAD secure_fw/partitions/protected_storage/libtfm_app_rot_partition_ps.a
LOAD secure_fw/partitions/internal_trusted_storage/libtfm_psa_rot_partition_its.a
LOAD secure_fw/partitions/platform/libtfm_psa_rot_partition_platform.a
LOAD secure_fw/partitions/lib/runtime/libtfm_sp_log.a
LOAD lib/ext/t_cose/libtfm_t_cose_s.a
LOAD secure_fw/partitions/crypto/mbedcrypto/3rdparty/everest/libcrypto_service_everest.a
LOAD secure_fw/partitions/crypto/mbedcrypto/3rdparty/p256-m/libcrypto_service_p256m.a
LOAD lib/ext/qcbor/QCBOR/libqcbor.a
START GROUP
LOAD /home/blanc/zephyr-sdk-0.17.0/arm-zephyr-eabi/bin/../lib/gcc/arm-zephyr-eabi/12.2.0/thumb/v8-m.main/nofp/libgcc.a
LOAD /home/blanc/zephyr-sdk-0.17.0/arm-zephyr-eabi/bin/../lib/gcc/arm-zephyr-eabi/12.2.0/../../../../arm-zephyr-eabi/lib/thumb/v8-m.main/nofp/libc_nano.a
END GROUP
START GROUP
LOAD /home/blanc/zephyr-sdk-0.17.0/arm-zephyr-eabi/bin/../lib/gcc/arm-zephyr-eabi/12.2.0/thumb/v8-m.main/nofp/libgcc.a
LOAD /home/blanc/zephyr-sdk-0.17.0/arm-zephyr-eabi/bin/../lib/gcc/arm-zephyr-eabi/12.2.0/../../../../arm-zephyr-eabi/lib/thumb/v8-m.main/nofp/libc_nano.a
LOAD /home/blanc/zephyr-sdk-0.17.0/arm-zephyr-eabi/bin/../lib/gcc/arm-zephyr-eabi/12.2.0/../../../../arm-zephyr-eabi/lib/thumb/v8-m.main/nofp/libnosys.a
END GROUP
START GROUP
LOAD /home/blanc/zephyr-sdk-0.17.0/arm-zephyr-eabi/bin/../lib/gcc/arm-zephyr-eabi/12.2.0/thumb/v8-m.main/nofp/libgcc.a
LOAD /home/blanc/zephyr-sdk-0.17.0/arm-zephyr-eabi/bin/../lib/gcc/arm-zephyr-eabi/12.2.0/../../../../arm-zephyr-eabi/lib/thumb/v8-m.main/nofp/libc_nano.a
LOAD /home/blanc/zephyr-sdk-0.17.0/arm-zephyr-eabi/bin/../lib/gcc/arm-zephyr-eabi/12.2.0/../../../../arm-zephyr-eabi/lib/thumb/v8-m.main/nofp/libnosys.a
END GROUP
LOAD /home/blanc/zephyr-sdk-0.17.0/arm-zephyr-eabi/bin/../lib/gcc/arm-zephyr-eabi/12.2.0/thumb/v8-m.main/nofp/crtend.o
LOAD /home/blanc/zephyr-sdk-0.17.0/arm-zephyr-eabi/bin/../lib/gcc/arm-zephyr-eabi/12.2.0/thumb/v8-m.main/nofp/crtn.o
                0x0000000000000800                __msp_stack_size__ = 0x800
                0x0000000000010400                Image$$PT_RO_START$$Base = ADDR (.TFM_VECTORS)

.TFM_VECTORS    0x0000000000010400      0x154
                0x0000000000010400                __vectors_start__ = .
 *(.vectors)
 .vectors       0x0000000000010400      0x154 secure_fw/CMakeFiles/tfm_s.dir/__/platform/ext/target/nordic_nrf/common/core/startup_nrf5340.o
                0x0000000000010400                __Vectors
                0x0000000000010554                . = ALIGN (0x4)
                0x0000000000010554                __vectors_end__ = .
                0x0000000000000001                ASSERT ((__vectors_start__ != __vectors_end__), .vectors should not be empty)
                0x0000000000000001                ASSERT ((. <= (ADDR (.TFM_VECTORS) + 0x154)), .TFM_VECTORS section size overflow.)
                0x0000000000010554                . = (ADDR (.TFM_VECTORS) + 0x154)

.TFM_SP_LOAD_LIST
                0x0000000000010554      0x1dc
 *(.part_load_priority_00)
 .part_load_priority_00
                0x0000000000010554       0x38 secure_fw/CMakeFiles/tfm_s.dir/partitions/ns_agent_tz/load_info_ns_agent_tz.o
                0x0000000000010554                tfm_sp_ns_agent_tz_load
 *(.part_load_priority_01)
 *(.part_load_priority_02)
 .part_load_priority_02
                0x000000000001058c       0x54 secure_fw/CMakeFiles/tfm_s.dir/__/generated/secure_fw/partitions/crypto/auto_generated/load_info_tfm_crypto.o
                0x000000000001058c                tfm_sp_crypto_load
 .part_load_priority_02
                0x00000000000105e0       0x54 secure_fw/CMakeFiles/tfm_s.dir/__/generated/secure_fw/partitions/initial_attestation/auto_generated/load_info_tfm_initial_attestation.o
                0x00000000000105e0                tfm_sp_initial_attestation_load
 .part_load_priority_02
                0x0000000000010634       0x5c secure_fw/CMakeFiles/tfm_s.dir/__/generated/secure_fw/partitions/protected_storage/auto_generated/load_info_tfm_protected_storage.o
                0x0000000000010634                tfm_sp_ps_load
 .part_load_priority_02
                0x0000000000010690       0x50 secure_fw/CMakeFiles/tfm_s.dir/__/generated/secure_fw/partitions/internal_trusted_storage/auto_generated/load_info_tfm_internal_trusted_storage.o
                0x0000000000010690                tfm_sp_its_load
 .part_load_priority_02
                0x00000000000106e0       0x50 secure_fw/CMakeFiles/tfm_s.dir/__/generated/secure_fw/partitions/platform/auto_generated/load_info_tfm_platform.o
                0x00000000000106e0                tfm_sp_platform_load
 *(.part_load_priority_03)
                0x0000000000010554                Image$$TFM_SP_LOAD_LIST$$RO$$Base = ADDR (.TFM_SP_LOAD_LIST)
                0x0000000000010730                Image$$TFM_SP_LOAD_LIST$$RO$$Limit = (ADDR (.TFM_SP_LOAD_LIST) + SIZEOF (.TFM_SP_LOAD_LIST))
                0x0000000000010740                . = ALIGN (0x20)
                0x0000000000010740                Image$$TFM_PSA_CODE_START$$Base = .

.TFM_PSA_ROT_LINKER
                0x0000000000010740     0x3560
 *tfm_psa_rot_partition*:(SORT_BY_ALIGNMENT(.text*))
 .text.attest_token_encode_start
                0x0000000000010740       0x80 secure_fw/partitions/initial_attestation/libtfm_psa_rot_partition_attestation.a(attest_token_encode.o)
                0x0000000000010740                attest_token_encode_start
 .text.tfm_crypto_clear_scratch
                0x00000000000107c0       0x24 secure_fw/partitions/crypto/libtfm_psa_rot_partition_crypto.a(crypto_init.o)
 .text.tfm_crypto_get_caller_id
                0x00000000000107e4       0x10 secure_fw/partitions/crypto/libtfm_psa_rot_partition_crypto.a(crypto_init.o)
                0x00000000000107e4                tfm_crypto_get_caller_id
 .text.tfm_crypto_init
                0x00000000000107f4       0x3c secure_fw/partitions/crypto/libtfm_psa_rot_partition_crypto.a(crypto_init.o)
                0x00000000000107f4                tfm_crypto_init
 .text.tfm_crypto_api_dispatcher
                0x0000000000010830       0xb0 secure_fw/partitions/crypto/libtfm_psa_rot_partition_crypto.a(crypto_init.o)
                0x0000000000010830                tfm_crypto_api_dispatcher
 .text.tfm_crypto_sfn
                0x00000000000108e0      0x188 secure_fw/partitions/crypto/libtfm_psa_rot_partition_crypto.a(crypto_init.o)
                0x00000000000108e0                tfm_crypto_sfn
 .text.tfm_crypto_init_alloc
                0x0000000000010a68       0x18 secure_fw/partitions/crypto/libtfm_psa_rot_partition_crypto.a(crypto_alloc.o)
                0x0000000000010a68                tfm_crypto_init_alloc
 .text.tfm_crypto_operation_alloc
                0x0000000000010a80       0x68 secure_fw/partitions/crypto/libtfm_psa_rot_partition_crypto.a(crypto_alloc.o)
                0x0000000000010a80                tfm_crypto_operation_alloc
 .text.tfm_crypto_operation_release
                0x0000000000010ae8       0x5c secure_fw/partitions/crypto/libtfm_psa_rot_partition_crypto.a(crypto_alloc.o)
                0x0000000000010ae8                tfm_crypto_operation_release
 .text.tfm_crypto_operation_lookup
                0x0000000000010b44       0x58 secure_fw/partitions/crypto/libtfm_psa_rot_partition_crypto.a(crypto_alloc.o)
                0x0000000000010b44                tfm_crypto_operation_lookup
 .text.tfm_crypto_library_get_info
                0x0000000000010b9c       0x1c secure_fw/partitions/crypto/libtfm_psa_rot_partition_crypto.a(crypto_library.o)
                0x0000000000010b9c                tfm_crypto_library_get_info
 .text.tfm_crypto_core_library_init
                0x0000000000010bb8       0x20 secure_fw/partitions/crypto/libtfm_psa_rot_partition_crypto.a(crypto_library.o)
                0x0000000000010bb8                tfm_crypto_core_library_init
 .text.tfm_attestation_service_sfn
                0x0000000000010bd8       0xc0 secure_fw/partitions/initial_attestation/libtfm_psa_rot_partition_attestation.a(tfm_attest_req_mngr.o)
                0x0000000000010bd8                tfm_attestation_service_sfn
 .text.attest_add_cert_ref_claim
                0x0000000000010c98       0x3c secure_fw/partitions/initial_attestation/libtfm_psa_rot_partition_attestation.a(attest_core.o)
 .text.attest_add_verification_service
                0x0000000000010cd4       0x38 secure_fw/partitions/initial_attestation/libtfm_psa_rot_partition_attestation.a(attest_core.o)
 .text.attest_add_profile_definition
                0x0000000000010d0c       0x38 secure_fw/partitions/initial_attestation/libtfm_psa_rot_partition_attestation.a(attest_core.o)
 .text.attest_add_all_sw_components
                0x0000000000010d44       0x38 secure_fw/partitions/initial_attestation/libtfm_psa_rot_partition_attestation.a(attest_core.o)
 .text.attest_add_security_lifecycle_claim
                0x0000000000010d7c       0x20 secure_fw/partitions/initial_attestation/libtfm_psa_rot_partition_attestation.a(attest_core.o)
 .text.attest_add_caller_id_claim
                0x0000000000010d9c       0x24 secure_fw/partitions/initial_attestation/libtfm_psa_rot_partition_attestation.a(attest_core.o)
 .text.attest_add_implementation_id_claim
                0x0000000000010dc0       0x38 secure_fw/partitions/initial_attestation/libtfm_psa_rot_partition_attestation.a(attest_core.o)
 .text.attest_add_instance_id_claim
                0x0000000000010df8       0x24 secure_fw/partitions/initial_attestation/libtfm_psa_rot_partition_attestation.a(attest_core.o)
 .text.attest_add_boot_seed_claim
                0x0000000000010e1c       0x38 secure_fw/partitions/initial_attestation/libtfm_psa_rot_partition_attestation.a(attest_core.o)
 .text.attest_create_token
                0x0000000000010e54       0xd0 secure_fw/partitions/initial_attestation/libtfm_psa_rot_partition_attestation.a(attest_core.o)
 .text.attest_init
                0x0000000000010f24       0x1c secure_fw/partitions/initial_attestation/libtfm_psa_rot_partition_attestation.a(attest_core.o)
                0x0000000000010f24                attest_init
 .text.initial_attest_get_token
                0x0000000000010f40       0x48 secure_fw/partitions/initial_attestation/libtfm_psa_rot_partition_attestation.a(attest_core.o)
                0x0000000000010f40                initial_attest_get_token
 .text.initial_attest_get_token_size
                0x0000000000010f88       0x4c secure_fw/partitions/initial_attestation/libtfm_psa_rot_partition_attestation.a(attest_core.o)
                0x0000000000010f88                initial_attest_get_token_size
 .text.attest_encode_sw_components_array
                0x0000000000010fd4       0xc8 secure_fw/partitions/initial_attestation/libtfm_psa_rot_partition_attestation.a(attest_boot_data.o)
                0x0000000000010fd4                attest_encode_sw_components_array
 .text.attest_boot_data_init
                0x000000000001109c       0x10 secure_fw/partitions/initial_attestation/libtfm_psa_rot_partition_attestation.a(attest_boot_data.o)
                0x000000000001109c                attest_boot_data_init
 .text.attest_get_instance_id
                0x00000000000110ac       0x9c secure_fw/partitions/initial_attestation/libtfm_psa_rot_partition_attestation.a(attest_asymmetric_key.o)
                0x00000000000110ac                attest_get_instance_id
 .text.create_tbs_hash
                0x0000000000011148       0xf8 secure_fw/partitions/initial_attestation/libtfm_psa_rot_partition_attestation.a(t_cose_util.o)
                0x0000000000011148                create_tbs_hash
 .text.t_cose_crypto_pub_key_sign
                0x0000000000011240       0x48 secure_fw/partitions/initial_attestation/libtfm_psa_rot_partition_attestation.a(t_cose_psa_crypto.o)
                0x0000000000011240                t_cose_crypto_pub_key_sign
 .text.t_cose_crypto_sig_size
                0x0000000000011288       0x58 secure_fw/partitions/initial_attestation/libtfm_psa_rot_partition_attestation.a(t_cose_psa_crypto.o)
                0x0000000000011288                t_cose_crypto_sig_size
 .text.t_cose_crypto_hash_start
                0x00000000000112e0       0x3c secure_fw/partitions/initial_attestation/libtfm_psa_rot_partition_attestation.a(t_cose_psa_crypto.o)
                0x00000000000112e0                t_cose_crypto_hash_start
 .text.attest_get_caller_client_id
                0x000000000001131c       0x10 secure_fw/partitions/initial_attestation/libtfm_psa_rot_partition_attestation.a(tfm_attest.o)
                0x000000000001131c                attest_get_caller_client_id
 .text.tfm_internal_trusted_storage_service_sfn
                0x000000000001132c      0x118 secure_fw/partitions/internal_trusted_storage/libtfm_psa_rot_partition_its.a(tfm_its_req_mngr.o)
                0x000000000001132c                tfm_internal_trusted_storage_service_sfn
 .text.its_req_mngr_read
                0x0000000000011444       0x14 secure_fw/partitions/internal_trusted_storage/libtfm_psa_rot_partition_its.a(tfm_its_req_mngr.o)
                0x0000000000011444                its_req_mngr_read
 .text.its_req_mngr_write
                0x0000000000011458       0x14 secure_fw/partitions/internal_trusted_storage/libtfm_psa_rot_partition_its.a(tfm_its_req_mngr.o)
                0x0000000000011458                its_req_mngr_write
 .text.get_file_info
                0x000000000001146c       0x60 secure_fw/partitions/internal_trusted_storage/libtfm_psa_rot_partition_its.a(tfm_internal_trusted_storage.o)
 .text.tfm_its_init
                0x00000000000114cc      0x104 secure_fw/partitions/internal_trusted_storage/libtfm_psa_rot_partition_its.a(tfm_internal_trusted_storage.o)
                0x00000000000114cc                tfm_its_init
 .text.tfm_its_set
                0x00000000000115d0       0xb8 secure_fw/partitions/internal_trusted_storage/libtfm_psa_rot_partition_its.a(tfm_internal_trusted_storage.o)
                0x00000000000115d0                tfm_its_set
 .text.tfm_its_get
                0x0000000000011688       0xa4 secure_fw/partitions/internal_trusted_storage/libtfm_psa_rot_partition_its.a(tfm_internal_trusted_storage.o)
                0x0000000000011688                tfm_its_get
 .text.tfm_its_get_info
                0x000000000001172c       0x24 secure_fw/partitions/internal_trusted_storage/libtfm_psa_rot_partition_its.a(tfm_internal_trusted_storage.o)
                0x000000000001172c                tfm_its_get_info
 .text.tfm_its_remove
                0x0000000000011750       0x44 secure_fw/partitions/internal_trusted_storage/libtfm_psa_rot_partition_its.a(tfm_internal_trusted_storage.o)
                0x0000000000011750                tfm_its_remove
 .text.its_flash_nor_write
                0x0000000000011794       0x44 secure_fw/partitions/internal_trusted_storage/libtfm_psa_rot_partition_its.a(its_flash_nor.o)
 .text.its_flash_nor_read
                0x00000000000117d8       0xc8 secure_fw/partitions/internal_trusted_storage/libtfm_psa_rot_partition_its.a(its_flash_nor.o)
 .text.derive_subkey_into_buffer
                0x00000000000118a0      0x110 secure_fw/partitions/crypto/libtfm_psa_rot_partition_crypto.a(tfm_builtin_key_loader.o)
 .text.tfm_builtin_key_loader_init
                0x00000000000119b0       0xe0 secure_fw/partitions/crypto/libtfm_psa_rot_partition_crypto.a(tfm_builtin_key_loader.o)
                0x00000000000119b0                tfm_builtin_key_loader_init
 .text.tfm_builtin_key_loader_get_key_buffer_size
                0x0000000000011a90       0x5c secure_fw/partitions/crypto/libtfm_psa_rot_partition_crypto.a(tfm_builtin_key_loader.o)
                0x0000000000011a90                tfm_builtin_key_loader_get_key_buffer_size
 .text.tfm_builtin_key_loader_get_builtin_key
                0x0000000000011aec      0x11c secure_fw/partitions/crypto/libtfm_psa_rot_partition_crypto.a(tfm_builtin_key_loader.o)
                0x0000000000011aec                tfm_builtin_key_loader_get_builtin_key
 .text.tfm_crypto_cipher_interface
                0x0000000000011c08      0x1a8 secure_fw/partitions/crypto/libtfm_psa_rot_partition_crypto.a(crypto_cipher.o)
                0x0000000000011c08                tfm_crypto_cipher_interface
 .text.tfm_crypto_hash_interface
                0x0000000000011db0      0x182 secure_fw/partitions/crypto/libtfm_psa_rot_partition_crypto.a(crypto_hash.o)
                0x0000000000011db0                tfm_crypto_hash_interface
 .text.tfm_crypto_mac_interface
                0x0000000000011f32      0x178 secure_fw/partitions/crypto/libtfm_psa_rot_partition_crypto.a(crypto_mac.o)
                0x0000000000011f32                tfm_crypto_mac_interface
 .text.tfm_crypto_aead_interface
                0x00000000000120aa      0x210 secure_fw/partitions/crypto/libtfm_psa_rot_partition_crypto.a(crypto_aead.o)
                0x00000000000120aa                tfm_crypto_aead_interface
 .text.tfm_crypto_asymmetric_sign_interface
                0x00000000000122ba       0xaa secure_fw/partitions/crypto/libtfm_psa_rot_partition_crypto.a(crypto_asymmetric.o)
                0x00000000000122ba                tfm_crypto_asymmetric_sign_interface
 .text.tfm_crypto_asymmetric_encrypt_interface
                0x0000000000012364       0x84 secure_fw/partitions/crypto/libtfm_psa_rot_partition_crypto.a(crypto_asymmetric.o)
                0x0000000000012364                tfm_crypto_asymmetric_encrypt_interface
 .text.tfm_crypto_key_derivation_interface
                0x00000000000123e8      0x188 secure_fw/partitions/crypto/libtfm_psa_rot_partition_crypto.a(crypto_key_derivation.o)
                0x00000000000123e8                tfm_crypto_key_derivation_interface
 .text.tfm_crypto_key_management_interface
                0x0000000000012570      0x176 secure_fw/partitions/crypto/libtfm_psa_rot_partition_crypto.a(crypto_key_management.o)
                0x0000000000012570                tfm_crypto_key_management_interface
 .text.tfm_crypto_random_interface
                0x00000000000126e6        0x8 secure_fw/partitions/crypto/libtfm_psa_rot_partition_crypto.a(crypto_rng.o)
                0x00000000000126e6                tfm_crypto_random_interface
 .text.tfm_crypto_library_key_id_init
                0x00000000000126ee        0x6 secure_fw/partitions/crypto/libtfm_psa_rot_partition_crypto.a(crypto_library.o)
                0x00000000000126ee                tfm_crypto_library_key_id_init
 .text.tfm_crypto_library_get_library_key_id_set_owner
                0x00000000000126f4        0x4 secure_fw/partitions/crypto/libtfm_psa_rot_partition_crypto.a(crypto_library.o)
                0x00000000000126f4                tfm_crypto_library_get_library_key_id_set_owner
 .text.mbedtls_psa_platform_get_builtin_key
                0x00000000000126f8       0x4a secure_fw/partitions/crypto/libtfm_psa_rot_partition_crypto.a(crypto_library.o)
                0x00000000000126f8                mbedtls_psa_platform_get_builtin_key
 .text.attest_partition_init
                0x0000000000012742        0x4 secure_fw/partitions/initial_attestation/libtfm_psa_rot_partition_attestation.a(tfm_attest_req_mngr.o)
                0x0000000000012742                attest_partition_init
 .text.attest_token_encode_finish
                0x0000000000012746       0x50 secure_fw/partitions/initial_attestation/libtfm_psa_rot_partition_attestation.a(attest_token_encode.o)
                0x0000000000012746                attest_token_encode_finish
 .text.attest_token_encode_borrow_cbor_cntxt
                0x0000000000012796        0x2 secure_fw/partitions/initial_attestation/libtfm_psa_rot_partition_attestation.a(attest_token_encode.o)
                0x0000000000012796                attest_token_encode_borrow_cbor_cntxt
 .text.attest_token_encode_add_integer
                0x0000000000012798       0x1e secure_fw/partitions/initial_attestation/libtfm_psa_rot_partition_attestation.a(attest_token_encode.o)
                0x0000000000012798                attest_token_encode_add_integer
 .text.attest_token_encode_add_bstr
                0x00000000000127b6       0x28 secure_fw/partitions/initial_attestation/libtfm_psa_rot_partition_attestation.a(attest_token_encode.o)
                0x00000000000127b6                attest_token_encode_add_bstr
 .text.attest_token_encode_add_tstr
                0x00000000000127de       0x28 secure_fw/partitions/initial_attestation/libtfm_psa_rot_partition_attestation.a(attest_token_encode.o)
                0x00000000000127de                attest_token_encode_add_tstr
 .text.t_cose_sign1_encode_parameters
                0x0000000000012806       0xee secure_fw/partitions/initial_attestation/libtfm_psa_rot_partition_attestation.a(t_cose_sign1_sign.o)
                0x0000000000012806                t_cose_sign1_encode_parameters
 .text.t_cose_sign1_encode_signature
                0x00000000000128f4       0xe6 secure_fw/partitions/initial_attestation/libtfm_psa_rot_partition_attestation.a(t_cose_sign1_sign.o)
                0x00000000000128f4                t_cose_sign1_encode_signature
 .text.hash_alg_id_from_sig_alg_id
                0x00000000000129da        0xc secure_fw/partitions/initial_attestation/libtfm_psa_rot_partition_attestation.a(t_cose_util.o)
                0x00000000000129da                hash_alg_id_from_sig_alg_id
 .text.psa_status_to_t_cose_error_signing
                0x00000000000129e6       0x3a secure_fw/partitions/initial_attestation/libtfm_psa_rot_partition_attestation.a(t_cose_psa_crypto.o)
 .text.t_cose_crypto_hash_update
                0x0000000000012a20       0x1a secure_fw/partitions/initial_attestation/libtfm_psa_rot_partition_attestation.a(t_cose_psa_crypto.o)
                0x0000000000012a20                t_cose_crypto_hash_update
 .text.t_cose_crypto_hash_finish
                0x0000000000012a3a       0x38 secure_fw/partitions/initial_attestation/libtfm_psa_rot_partition_attestation.a(t_cose_psa_crypto.o)
                0x0000000000012a3a                t_cose_crypto_hash_finish
 .text.attest_get_boot_data
                0x0000000000012a72        0xe secure_fw/partitions/initial_attestation/libtfm_psa_rot_partition_attestation.a(tfm_attest.o)
                0x0000000000012a72                attest_get_boot_data
 .text.tfm_its_entry
                0x0000000000012a80        0x4 secure_fw/partitions/internal_trusted_storage/libtfm_psa_rot_partition_its.a(tfm_its_req_mngr.o)
                0x0000000000012a80                tfm_its_entry
 .text.its_flash_nor_init
                0x0000000000012a84       0x14 secure_fw/partitions/internal_trusted_storage/libtfm_psa_rot_partition_its.a(its_flash_nor.o)
 .text.its_flash_nor_flush
                0x0000000000012a98        0x4 secure_fw/partitions/internal_trusted_storage/libtfm_psa_rot_partition_its.a(its_flash_nor.o)
 .text.its_flash_nor_erase
                0x0000000000012a9c       0x2e secure_fw/partitions/internal_trusted_storage/libtfm_psa_rot_partition_its.a(its_flash_nor.o)
 .text.its_flash_fs_delete_idx
                0x0000000000012aca       0xe6 secure_fw/partitions/internal_trusted_storage/libtfm_psa_rot_partition_its.a(its_flash_fs.o)
 .text.its_flash_fs_init_ctx
                0x0000000000012bb0       0x62 secure_fw/partitions/internal_trusted_storage/libtfm_psa_rot_partition_its.a(its_flash_fs.o)
                0x0000000000012bb0                its_flash_fs_init_ctx
 .text.its_flash_fs_prepare
                0x0000000000012c12       0x34 secure_fw/partitions/internal_trusted_storage/libtfm_psa_rot_partition_its.a(its_flash_fs.o)
                0x0000000000012c12                its_flash_fs_prepare
 .text.its_flash_fs_wipe_all
                0x0000000000012c46        0x4 secure_fw/partitions/internal_trusted_storage/libtfm_psa_rot_partition_its.a(its_flash_fs.o)
                0x0000000000012c46                its_flash_fs_wipe_all
 .text.its_flash_fs_file_get_info
                0x0000000000012c4a       0x28 secure_fw/partitions/internal_trusted_storage/libtfm_psa_rot_partition_its.a(its_flash_fs.o)
                0x0000000000012c4a                its_flash_fs_file_get_info
 .text.its_flash_fs_file_write
                0x0000000000012c72      0x1f2 secure_fw/partitions/internal_trusted_storage/libtfm_psa_rot_partition_its.a(its_flash_fs.o)
                0x0000000000012c72                its_flash_fs_file_write
 .text.its_flash_fs_file_delete
                0x0000000000012e64       0x20 secure_fw/partitions/internal_trusted_storage/libtfm_psa_rot_partition_its.a(its_flash_fs.o)
                0x0000000000012e64                its_flash_fs_file_delete
 .text.its_flash_fs_file_read
                0x0000000000012e84       0x42 secure_fw/partitions/internal_trusted_storage/libtfm_psa_rot_partition_its.a(its_flash_fs.o)
                0x0000000000012e84                its_flash_fs_file_read
 .text.its_flash_fs_dblock_compact_block
                0x0000000000012ec6       0xaa secure_fw/partitions/internal_trusted_storage/libtfm_psa_rot_partition_its.a(its_flash_fs_dblock.o)
                0x0000000000012ec6                its_flash_fs_dblock_compact_block
 .text.its_flash_fs_dblock_read_file
                0x0000000000012f70       0x42 secure_fw/partitions/internal_trusted_storage/libtfm_psa_rot_partition_its.a(its_flash_fs_dblock.o)
                0x0000000000012f70                its_flash_fs_dblock_read_file
 .text.its_flash_fs_dblock_write_file
                0x0000000000012fb2       0x82 secure_fw/partitions/internal_trusted_storage/libtfm_psa_rot_partition_its.a(its_flash_fs_dblock.o)
                0x0000000000012fb2                its_flash_fs_dblock_write_file
 .text.its_mblock_update_scratch_block_meta
                0x0000000000013034       0x1a secure_fw/partitions/internal_trusted_storage/libtfm_psa_rot_partition_its.a(its_flash_fs_mblock.o)
 .text.its_mblock_erase_scratch_blocks
                0x000000000001304e       0x28 secure_fw/partitions/internal_trusted_storage/libtfm_psa_rot_partition_its.a(its_flash_fs_mblock.o)
 .text.its_num_dedicated_dblocks.isra.0
                0x0000000000013076        0xc secure_fw/partitions/internal_trusted_storage/libtfm_psa_rot_partition_its.a(its_flash_fs_mblock.o)
 .text.its_mblock_file_meta_offset.isra.0
                0x0000000000013082       0x14 secure_fw/partitions/internal_trusted_storage/libtfm_psa_rot_partition_its.a(its_flash_fs_mblock.o)
 .text.its_mblock_calculate_metadata_xor.part.0
                0x0000000000013096       0xa6 secure_fw/partitions/internal_trusted_storage/libtfm_psa_rot_partition_its.a(its_flash_fs_mblock.o)
 .text.its_mblock_write_scratch_meta_header
                0x000000000001313c       0x44 secure_fw/partitions/internal_trusted_storage/libtfm_psa_rot_partition_its.a(its_flash_fs_mblock.o)
 .text.its_mblock_validate_header_meta
                0x0000000000013180       0x5c secure_fw/partitions/internal_trusted_storage/libtfm_psa_rot_partition_its.a(its_flash_fs_mblock.o)
 .text.its_init_get_active_metablock
                0x00000000000131dc       0xbe secure_fw/partitions/internal_trusted_storage/libtfm_psa_rot_partition_its.a(its_flash_fs_mblock.o)
 .text.its_flash_fs_mblock_cur_data_scratch_id
                0x000000000001329a        0xa secure_fw/partitions/internal_trusted_storage/libtfm_psa_rot_partition_its.a(its_flash_fs_mblock.o)
                0x000000000001329a                its_flash_fs_mblock_cur_data_scratch_id
 .text.its_flash_fs_mblock_meta_update_finalize
                0x00000000000132a4       0x2a secure_fw/partitions/internal_trusted_storage/libtfm_psa_rot_partition_its.a(its_flash_fs_mblock.o)
                0x00000000000132a4                its_flash_fs_mblock_meta_update_finalize
 .text.its_flash_fs_mblock_read_file_meta
                0x00000000000132ce       0x76 secure_fw/partitions/internal_trusted_storage/libtfm_psa_rot_partition_its.a(its_flash_fs_mblock.o)
                0x00000000000132ce                its_flash_fs_mblock_read_file_meta
 .text.its_flash_fs_mblock_get_file_idx_meta
                0x0000000000013344       0x5e secure_fw/partitions/internal_trusted_storage/libtfm_psa_rot_partition_its.a(its_flash_fs_mblock.o)
                0x0000000000013344                its_flash_fs_mblock_get_file_idx_meta
 .text.its_flash_fs_mblock_get_file_idx_flag
                0x00000000000133a2       0x3c secure_fw/partitions/internal_trusted_storage/libtfm_psa_rot_partition_its.a(its_flash_fs_mblock.o)
                0x00000000000133a2                its_flash_fs_mblock_get_file_idx_flag
 .text.its_flash_fs_mblock_read_block_metadata
                0x00000000000133de       0x58 secure_fw/partitions/internal_trusted_storage/libtfm_psa_rot_partition_its.a(its_flash_fs_mblock.o)
                0x00000000000133de                its_flash_fs_mblock_read_block_metadata
 .text.its_flash_fs_mblock_read_block_metadata_comp
                0x0000000000013436       0x64 secure_fw/partitions/internal_trusted_storage/libtfm_psa_rot_partition_its.a(its_flash_fs_mblock.o)
                0x0000000000013436                its_flash_fs_mblock_read_block_metadata_comp
 .text.its_flash_fs_mblock_reserve_file
                0x000000000001349a       0xbc secure_fw/partitions/internal_trusted_storage/libtfm_psa_rot_partition_its.a(its_flash_fs_mblock.o)
                0x000000000001349a                its_flash_fs_mblock_reserve_file
 .text.its_flash_fs_mblock_set_data_scratch
                0x0000000000013556        0x6 secure_fw/partitions/internal_trusted_storage/libtfm_psa_rot_partition_its.a(its_flash_fs_mblock.o)
                0x0000000000013556                its_flash_fs_mblock_set_data_scratch
 .text.its_flash_fs_mblock_update_scratch_file_meta
                0x000000000001355c       0x20 secure_fw/partitions/internal_trusted_storage/libtfm_psa_rot_partition_its.a(its_flash_fs_mblock.o)
                0x000000000001355c                its_flash_fs_mblock_update_scratch_file_meta
 .text.its_flash_fs_mblock_reset_metablock
                0x000000000001357c      0x130 secure_fw/partitions/internal_trusted_storage/libtfm_psa_rot_partition_its.a(its_flash_fs_mblock.o)
                0x000000000001357c                its_flash_fs_mblock_reset_metablock
 .text.its_flash_fs_block_to_block_move
                0x00000000000136ac       0x5c secure_fw/partitions/internal_trusted_storage/libtfm_psa_rot_partition_its.a(its_flash_fs_mblock.o)
                0x00000000000136ac                its_flash_fs_block_to_block_move
 .text.its_flash_fs_mblock_cp_file_meta
                0x0000000000013708       0x2c secure_fw/partitions/internal_trusted_storage/libtfm_psa_rot_partition_its.a(its_flash_fs_mblock.o)
                0x0000000000013708                its_flash_fs_mblock_cp_file_meta
 .text.its_flash_fs_mblock_init
                0x0000000000013734       0xb8 secure_fw/partitions/internal_trusted_storage/libtfm_psa_rot_partition_its.a(its_flash_fs_mblock.o)
                0x0000000000013734                its_flash_fs_mblock_init
 .text.its_flash_fs_mblock_migrate_lb0_data_to_scratch
                0x00000000000137ec       0x2e secure_fw/partitions/internal_trusted_storage/libtfm_psa_rot_partition_its.a(its_flash_fs_mblock.o)
                0x00000000000137ec                its_flash_fs_mblock_migrate_lb0_data_to_scratch
 .text.its_flash_fs_mblock_update_scratch_block_meta
                0x000000000001381a       0x84 secure_fw/partitions/internal_trusted_storage/libtfm_psa_rot_partition_its.a(its_flash_fs_mblock.o)
                0x000000000001381a                its_flash_fs_mblock_update_scratch_block_meta
 .text.its_utils_check_contained_in
                0x000000000001389e       0x18 secure_fw/partitions/internal_trusted_storage/libtfm_psa_rot_partition_its.a(its_utils.o)
                0x000000000001389e                its_utils_check_contained_in
 .text.its_utils_validate_fid
                0x00000000000138b6       0x1a secure_fw/partitions/internal_trusted_storage/libtfm_psa_rot_partition_its.a(its_utils.o)
                0x00000000000138b6                its_utils_validate_fid
 .text.tfm_platform_service_sfn
                0x00000000000138d0      0x24e secure_fw/partitions/platform/libtfm_psa_rot_partition_platform.a(platform_sp.o)
                0x00000000000138d0                tfm_platform_service_sfn
 .text.platform_sp_init
                0x0000000000013b1e       0x12 secure_fw/partitions/platform/libtfm_psa_rot_partition_platform.a(platform_sp.o)
                0x0000000000013b1e                platform_sp_init
 .text.psa_set_key_usage_flags
                0x0000000000013b30       0x14 secure_fw/partitions/crypto/libtfm_psa_rot_partition_crypto.a(tfm_builtin_key_loader.o)
 *tfm_psa_rot_partition*:(SORT_BY_ALIGNMENT(.rodata*))
 .rodata.claim_query_funcs
                0x0000000000013b44       0x24 secure_fw/partitions/initial_attestation/libtfm_psa_rot_partition_attestation.a(attest_core.o)
 .rodata.ecdsa_list.0
                0x0000000000013b68        0x8 secure_fw/partitions/initial_attestation/libtfm_psa_rot_partition_attestation.a(t_cose_psa_crypto.o)
 .rodata.its_flash_fs_ops_nor
                0x0000000000013b70       0x14 secure_fw/partitions/internal_trusted_storage/libtfm_psa_rot_partition_its.a(its_flash_nor.o)
                0x0000000000013b70                its_flash_fs_ops_nor
 .rodata.data_width_byte
                0x0000000000013b84        0xc secure_fw/partitions/internal_trusted_storage/libtfm_psa_rot_partition_its.a(its_flash_nor.o)
 .rodata.CSWTCH.11
                0x0000000000013b90        0xa secure_fw/partitions/initial_attestation/libtfm_psa_rot_partition_attestation.a(attest_core.o)
 .rodata.tfm_crypto_init.str1.1
                0x0000000000013b9a       0x69 secure_fw/partitions/crypto/libtfm_psa_rot_partition_crypto.a(crypto_init.o)
 .rodata.tfm_crypto_api_dispatcher.str1.1
                0x0000000000013c03       0x25 secure_fw/partitions/crypto/libtfm_psa_rot_partition_crypto.a(crypto_init.o)
 .rodata.tfm_crypto_library_get_info.str1.1
                0x0000000000013c28        0xf secure_fw/partitions/crypto/libtfm_psa_rot_partition_crypto.a(crypto_library.o)
 .rodata.create_tbs_hash.str1.1
                0x0000000000013c37        0xb secure_fw/partitions/initial_attestation/libtfm_psa_rot_partition_attestation.a(t_cose_util.o)
 .rodata.tfm_its_init.str1.1
                0x0000000000013c42       0x4b secure_fw/partitions/internal_trusted_storage/libtfm_psa_rot_partition_its.a(tfm_internal_trusted_storage.o)
 *(TFM_*_PSA-ROT_ATTR_FN)
                0x0000000000013ca0                . = ALIGN (0x20)
 *fill*         0x0000000000013c8d       0x13 
                0x0000000000010740                Image$$TFM_PSA_ROT_LINKER$$RO$$Base = ADDR (.TFM_PSA_ROT_LINKER)
                0x0000000000013ca0                Image$$TFM_PSA_ROT_LINKER$$RO$$Limit = (ADDR (.TFM_PSA_ROT_LINKER) + SIZEOF (.TFM_PSA_ROT_LINKER))
                0x0000000000010740                Image$$TFM_PSA_ROT_LINKER$$Base = ADDR (.TFM_PSA_ROT_LINKER)
                0x0000000000013ca0                Image$$TFM_PSA_ROT_LINKER$$Limit = (ADDR (.TFM_PSA_ROT_LINKER) + SIZEOF (.TFM_PSA_ROT_LINKER))
                0x0000000000013ca0                Image$$TFM_PSA_CODE_END$$Base = .
                0x0000000000013ca0                Image$$TFM_APP_CODE_START$$Base = .

.TFM_APP_ROT_LINKER
                0x0000000000013ca0      0xd40
 *tfm_app_rot_partition*:(SORT_BY_ALIGNMENT(.text*))
 .text.tfm_protected_storage_service_sfn
                0x0000000000013ca0      0x128 secure_fw/partitions/protected_storage/libtfm_app_rot_partition_ps.a(tfm_ps_req_mngr.o)
                0x0000000000013ca0                tfm_protected_storage_service_sfn
 .text.ps_req_mngr_read_asset_data
                0x0000000000013dc8       0x24 secure_fw/partitions/protected_storage/libtfm_app_rot_partition_ps.a(tfm_ps_req_mngr.o)
                0x0000000000013dc8                ps_req_mngr_read_asset_data
 .text.ps_req_mngr_write_asset_data
                0x0000000000013dec       0x18 secure_fw/partitions/protected_storage/libtfm_app_rot_partition_ps.a(tfm_ps_req_mngr.o)
                0x0000000000013dec                ps_req_mngr_write_asset_data
 .text.tfm_ps_init
                0x0000000000013e04       0x28 secure_fw/partitions/protected_storage/libtfm_app_rot_partition_ps.a(tfm_protected_storage.o)
                0x0000000000013e04                tfm_ps_init
 .text.ps_system_prepare
                0x0000000000013e2c       0x1c secure_fw/partitions/protected_storage/libtfm_app_rot_partition_ps.a(ps_object_system.o)
                0x0000000000013e2c                ps_system_prepare
 .text.ps_object_read
                0x0000000000013e48       0x70 secure_fw/partitions/protected_storage/libtfm_app_rot_partition_ps.a(ps_object_system.o)
                0x0000000000013e48                ps_object_read
 .text.ps_object_create
                0x0000000000013eb8       0xfc secure_fw/partitions/protected_storage/libtfm_app_rot_partition_ps.a(ps_object_system.o)
                0x0000000000013eb8                ps_object_create
 .text.ps_object_get_info
                0x0000000000013fb4       0x54 secure_fw/partitions/protected_storage/libtfm_app_rot_partition_ps.a(ps_object_system.o)
                0x0000000000013fb4                ps_object_get_info
 .text.ps_object_delete
                0x0000000000014008       0x70 secure_fw/partitions/protected_storage/libtfm_app_rot_partition_ps.a(ps_object_system.o)
                0x0000000000014008                ps_object_delete
 .text.ps_get_object_entry_idx
                0x0000000000014078       0x34 secure_fw/partitions/protected_storage/libtfm_app_rot_partition_ps.a(ps_object_table.o)
 .text.ps_object_table_save_table.constprop.0
                0x00000000000140ac       0xa0 secure_fw/partitions/protected_storage/libtfm_app_rot_partition_ps.a(ps_object_table.o)
 .text.ps_object_table_create
                0x000000000001414c       0x28 secure_fw/partitions/protected_storage/libtfm_app_rot_partition_ps.a(ps_object_table.o)
                0x000000000001414c                ps_object_table_create
 .text.ps_object_table_init
                0x0000000000014174      0x150 secure_fw/partitions/protected_storage/libtfm_app_rot_partition_ps.a(ps_object_table.o)
                0x0000000000014174                ps_object_table_init
 .text.ps_object_table_get_free_fid
                0x00000000000142c4       0x64 secure_fw/partitions/protected_storage/libtfm_app_rot_partition_ps.a(ps_object_table.o)
                0x00000000000142c4                ps_object_table_get_free_fid
 .text.ps_object_table_set_obj_tbl_info
                0x0000000000014328       0xac secure_fw/partitions/protected_storage/libtfm_app_rot_partition_ps.a(ps_object_table.o)
                0x0000000000014328                ps_object_table_set_obj_tbl_info
 .text.ps_object_table_get_obj_tbl_info
                0x00000000000143d4       0x2c secure_fw/partitions/protected_storage/libtfm_app_rot_partition_ps.a(ps_object_table.o)
                0x00000000000143d4                ps_object_table_get_obj_tbl_info
 .text.ps_object_table_delete_object
                0x0000000000014400       0x4c secure_fw/partitions/protected_storage/libtfm_app_rot_partition_ps.a(ps_object_table.o)
                0x0000000000014400                ps_object_table_delete_object
 .text.ps_object_table_delete_old_table
                0x000000000001444c       0x14 secure_fw/partitions/protected_storage/libtfm_app_rot_partition_ps.a(ps_object_table.o)
                0x000000000001444c                ps_object_table_delete_old_table
 .text.ps_crypto_setkey
                0x0000000000014460       0x94 secure_fw/partitions/protected_storage/libtfm_app_rot_partition_ps.a(ps_crypto_interface.o)
                0x0000000000014460                ps_crypto_setkey
 .text.ps_crypto_destroykey
                0x00000000000144f4       0x18 secure_fw/partitions/protected_storage/libtfm_app_rot_partition_ps.a(ps_crypto_interface.o)
                0x00000000000144f4                ps_crypto_destroykey
 .text.ps_crypto_set_iv
                0x000000000001450c       0x10 secure_fw/partitions/protected_storage/libtfm_app_rot_partition_ps.a(ps_crypto_interface.o)
                0x000000000001450c                ps_crypto_set_iv
 .text.ps_crypto_get_iv
                0x000000000001451c       0x70 secure_fw/partitions/protected_storage/libtfm_app_rot_partition_ps.a(ps_crypto_interface.o)
                0x000000000001451c                ps_crypto_get_iv
 .text.ps_crypto_encrypt_and_tag
                0x000000000001458c       0x54 secure_fw/partitions/protected_storage/libtfm_app_rot_partition_ps.a(ps_crypto_interface.o)
                0x000000000001458c                ps_crypto_encrypt_and_tag
 .text.ps_crypto_auth_and_decrypt
                0x00000000000145e0       0x58 secure_fw/partitions/protected_storage/libtfm_app_rot_partition_ps.a(ps_crypto_interface.o)
                0x00000000000145e0                ps_crypto_auth_and_decrypt
 .text.ps_crypto_generate_auth_tag
                0x0000000000014638       0x48 secure_fw/partitions/protected_storage/libtfm_app_rot_partition_ps.a(ps_crypto_interface.o)
                0x0000000000014638                ps_crypto_generate_auth_tag
 .text.ps_crypto_authenticate
                0x0000000000014680       0x44 secure_fw/partitions/protected_storage/libtfm_app_rot_partition_ps.a(ps_crypto_interface.o)
                0x0000000000014680                ps_crypto_authenticate
 .text.tfm_ps_entry
                0x00000000000146c4        0x4 secure_fw/partitions/protected_storage/libtfm_app_rot_partition_ps.a(tfm_ps_req_mngr.o)
                0x00000000000146c4                tfm_ps_entry
 .text.tfm_ps_set
                0x00000000000146c8       0x2c secure_fw/partitions/protected_storage/libtfm_app_rot_partition_ps.a(tfm_protected_storage.o)
                0x00000000000146c8                tfm_ps_set
 .text.tfm_ps_get
                0x00000000000146f4       0x28 secure_fw/partitions/protected_storage/libtfm_app_rot_partition_ps.a(tfm_protected_storage.o)
                0x00000000000146f4                tfm_ps_get
 .text.tfm_ps_get_info
                0x000000000001471c       0x20 secure_fw/partitions/protected_storage/libtfm_app_rot_partition_ps.a(tfm_protected_storage.o)
                0x000000000001471c                tfm_ps_get_info
 .text.tfm_ps_remove
                0x000000000001473c       0x26 secure_fw/partitions/protected_storage/libtfm_app_rot_partition_ps.a(tfm_protected_storage.o)
                0x000000000001473c                tfm_ps_remove
 .text.tfm_ps_get_support
                0x0000000000014762        0x4 secure_fw/partitions/protected_storage/libtfm_app_rot_partition_ps.a(tfm_protected_storage.o)
                0x0000000000014762                tfm_ps_get_support
 .text.ps_remove_old_data
                0x0000000000014766       0x18 secure_fw/partitions/protected_storage/libtfm_app_rot_partition_ps.a(ps_object_system.o)
 .text.ps_system_wipe_all
                0x000000000001477e        0x4 secure_fw/partitions/protected_storage/libtfm_app_rot_partition_ps.a(ps_object_system.o)
                0x000000000001477e                ps_system_wipe_all
 .text.ps_object_table_align_nv_counters
                0x0000000000014782       0x5c secure_fw/partitions/protected_storage/libtfm_app_rot_partition_ps.a(ps_object_table.o)
 .text.ps_object_table_authenticate
                0x00000000000147de       0x56 secure_fw/partitions/protected_storage/libtfm_app_rot_partition_ps.a(ps_object_table.o)
 .text.ps_crypto_init
                0x0000000000014834        0x4 secure_fw/partitions/protected_storage/libtfm_app_rot_partition_ps.a(ps_crypto_interface.o)
                0x0000000000014834                ps_crypto_init
 .text.ps_encrypted_object_read
                0x0000000000014838       0x86 secure_fw/partitions/protected_storage/libtfm_app_rot_partition_ps.a(ps_encrypted_object.o)
                0x0000000000014838                ps_encrypted_object_read
 .text.ps_encrypted_object_write
                0x00000000000148be       0x9c secure_fw/partitions/protected_storage/libtfm_app_rot_partition_ps.a(ps_encrypted_object.o)
                0x00000000000148be                ps_encrypted_object_write
 .text.ps_read_nv_counter
                0x000000000001495a       0x16 secure_fw/partitions/protected_storage/libtfm_app_rot_partition_ps.a(ps_nv_counters.o)
                0x000000000001495a                ps_read_nv_counter
 .text.ps_increment_nv_counter
                0x0000000000014970       0x12 secure_fw/partitions/protected_storage/libtfm_app_rot_partition_ps.a(ps_nv_counters.o)
                0x0000000000014970                ps_increment_nv_counter
 *tfm_app_rot_partition*:(SORT_BY_ALIGNMENT(.rodata*))
 *fill*         0x0000000000014982        0x6 
 .rodata        0x0000000000014988       0x20 secure_fw/partitions/protected_storage/libtfm_app_rot_partition_ps.a(ps_object_table.o)
 .rodata.tfm_ps_init.str1.1
                0x00000000000149a8       0x21 secure_fw/partitions/protected_storage/libtfm_app_rot_partition_ps.a(tfm_protected_storage.o)
 *(TFM_*_APP-ROT_ATTR_FN)
                0x00000000000149e0                . = ALIGN (0x20)
 *fill*         0x00000000000149c9       0x17 
                0x0000000000013ca0                Image$$TFM_APP_ROT_LINKER$$RO$$Base = ADDR (.TFM_APP_ROT_LINKER)
                0x00000000000149e0                Image$$TFM_APP_ROT_LINKER$$RO$$Limit = (ADDR (.TFM_APP_ROT_LINKER) + SIZEOF (.TFM_APP_ROT_LINKER))
                0x0000000000013ca0                Image$$TFM_APP_ROT_LINKER$$Base = ADDR (.TFM_APP_ROT_LINKER)
                0x00000000000149e0                Image$$TFM_APP_ROT_LINKER$$Limit = (ADDR (.TFM_APP_ROT_LINKER) + SIZEOF (.TFM_APP_ROT_LINKER))
                0x00000000000149e0                Image$$TFM_APP_CODE_END$$Base = .

.ARM.extab
 *(.ARM.extab* .gnu.linkonce.armextab.*)
                0x00000000000149e0                __exidx_start = .

.ARM.exidx      0x00000000000149e0        0x8
 *(.ARM.exidx* .gnu.linkonce.armexidx.*)
 .ARM.exidx     0x00000000000149e0        0x8 /home/blanc/zephyr-sdk-0.17.0/arm-zephyr-eabi/bin/../lib/gcc/arm-zephyr-eabi/12.2.0/../../../../arm-zephyr-eabi/lib/thumb/v8-m.main/nofp/crt0.o
                                         0x10 (size before relaxing)
 .ARM.exidx     0x00000000000149e8        0x0 /home/blanc/zephyr-sdk-0.17.0/arm-zephyr-eabi/bin/../lib/gcc/arm-zephyr-eabi/12.2.0/thumb/v8-m.main/nofp/libgcc.a(_udivmoddi4.o)
                                          0x8 (size before relaxing)
                0x00000000000149e8                __exidx_end = .

.ER_TFM_CODE    0x00000000000149e8     0x4513
                0x00000000000149e8                . = ALIGN (0x4)
                0x00000000000149e8                PROVIDE (__preinit_array_start = .)
 *(.preinit_array)
                0x00000000000149e8                PROVIDE (__preinit_array_end = .)
                0x00000000000149e8                . = ALIGN (0x4)
                0x00000000000149e8                PROVIDE (__init_array_start = .)
 *(SORT_BY_NAME(.init_array.*))
 *(.init_array)
 .init_array    0x00000000000149e8        0x4 /home/blanc/zephyr-sdk-0.17.0/arm-zephyr-eabi/bin/../lib/gcc/arm-zephyr-eabi/12.2.0/thumb/v8-m.main/nofp/crtbegin.o
                0x00000000000149ec                PROVIDE (__init_array_end = .)
                0x00000000000149ec                . = ALIGN (0x4)
                [!provide]                        PROVIDE (__fini_array_start = .)
 *(SORT_BY_NAME(.fini_array.*))
 *(.fini_array)
 .fini_array    0x00000000000149ec        0x4 /home/blanc/zephyr-sdk-0.17.0/arm-zephyr-eabi/bin/../lib/gcc/arm-zephyr-eabi/12.2.0/thumb/v8-m.main/nofp/crtbegin.o
                [!provide]                        PROVIDE (__fini_array_end = .)
                0x00000000000149f0                . = ALIGN (0x4)
                0x00000000000149f0                __copy_table_start__ = .
                0x00000000000149f0        0x4 LONG 0x2fc88 LOADADDR (.TFM_DATA)
                0x00000000000149f4        0x4 LONG 0x2000a600 ADDR (.TFM_DATA)
                0x00000000000149f8        0x4 LONG 0x32 (SIZEOF (.TFM_DATA) / 0x4)
                0x00000000000149fc        0x4 LONG 0x2fc50 LOADADDR (.TFM_PSA_ROT_LINKER_DATA)
                0x0000000000014a00        0x4 LONG 0x20001d40 ADDR (.TFM_PSA_ROT_LINKER_DATA)
                0x0000000000014a04        0x4 LONG 0xe (SIZEOF (.TFM_PSA_ROT_LINKER_DATA) / 0x4)
                0x0000000000014a08        0x4 LONG 0x2fc40 LOADADDR (.TFM_APP_ROT_LINKER_DATA)
                0x0000000000014a0c        0x4 LONG 0x20000c20 ADDR (.TFM_APP_ROT_LINKER_DATA)
                0x0000000000014a10        0x4 LONG 0x4 (SIZEOF (.TFM_APP_ROT_LINKER_DATA) / 0x4)
                0x0000000000014a14                __copy_table_end__ = .
                0x0000000000014a14                . = ALIGN (0x4)
                0x0000000000014a14                __zero_table_start__ = .
                0x0000000000014a14        0x4 LONG 0x2000a6c8 ADDR (.TFM_BSS)
                0x0000000000014a18        0x4 LONG 0xd9c (SIZEOF (.TFM_BSS) / 0x4)
                0x0000000000014a1c        0x4 LONG 0x20001d78 ADDR (.TFM_PSA_ROT_LINKER_BSS)
                0x0000000000014a20        0x4 LONG 0x2222 (SIZEOF (.TFM_PSA_ROT_LINKER_BSS) / 0x4)
                0x0000000000014a24        0x4 LONG 0x20000c30 ADDR (.TFM_APP_ROT_LINKER_BSS)
                0x0000000000014a28        0x4 LONG 0x444 (SIZEOF (.TFM_APP_ROT_LINKER_BSS) / 0x4)
                0x0000000000014a2c        0x4 LONG 0x20000c00 ADDR (.TFM_SP_META_PTR)
                0x0000000000014a30        0x4 LONG 0x8 (SIZEOF (.TFM_SP_META_PTR) / 0x4)
                0x0000000000014a34                __zero_table_end__ = .
 *startup*(.text*)
 .text.default_irq_handler
                0x0000000000014a34        0x2 secure_fw/CMakeFiles/tfm_s.dir/__/platform/ext/target/nordic_nrf/common/core/startup.o
                0x0000000000014a34                default_irq_handler
 *fill*         0x0000000000014a36        0x2 
 .text.Reset_Handler
                0x0000000000014a38       0xa4 secure_fw/CMakeFiles/tfm_s.dir/__/platform/ext/target/nordic_nrf/common/core/startup.o
                0x0000000000014a38                Reset_Handler
 .text.default_tfm_IRQHandler
                0x0000000000014adc       0x1c secure_fw/CMakeFiles/tfm_s.dir/__/platform/ext/target/nordic_nrf/common/core/startup_nrf5340.o
                0x0000000000014adc                TIMER2_IRQHandler
                0x0000000000014adc                DebugMon_Handler
                0x0000000000014adc                SPIM4_IRQHandler
                0x0000000000014adc                RTC0_IRQHandler
                0x0000000000014adc                SERIAL1_IRQHandler
                0x0000000000014adc                SysTick_Handler
                0x0000000000014adc                PWM1_IRQHandler
                0x0000000000014adc                SERIAL3_IRQHandler
                0x0000000000014adc                NMI_Handler
                0x0000000000014adc                WDT0_IRQHandler
                0x0000000000014adc                I2S0_IRQHandler
                0x0000000000014adc                default_tfm_IRQHandler
                0x0000000000014adc                IPC_IRQHandler
                0x0000000000014adc                SERIAL2_IRQHandler
                0x0000000000014adc                PWM3_IRQHandler
                0x0000000000014adc                QDEC1_IRQHandler
                0x0000000000014adc                FPU_IRQHandler
                0x0000000000014adc                USBD_IRQHandler
                0x0000000000014adc                EGU3_IRQHandler
                0x0000000000014adc                KMU_IRQHandler
                0x0000000000014adc                CRYPTOCELL_IRQHandler
                0x0000000000014adc                EGU2_IRQHandler
                0x0000000000014adc                TIMER0_IRQHandler
                0x0000000000014adc                CACHE_IRQHandler
                0x0000000000014adc                EGU4_IRQHandler
                0x0000000000014adc                SPU_IRQHandler
                0x0000000000014adc                EGU0_IRQHandler
                0x0000000000014adc                GPIOTE1_IRQHandler
                0x0000000000014adc                TIMER1_IRQHandler
                0x0000000000014adc                PWM2_IRQHandler
                0x0000000000014adc                EGU1_IRQHandler
                0x0000000000014adc                EGU5_IRQHandler
                0x0000000000014adc                SAADC_IRQHandler
                0x0000000000014adc                GPIOTE0_IRQHandler
                0x0000000000014adc                QDEC0_IRQHandler
                0x0000000000014adc                PWM0_IRQHandler
                0x0000000000014adc                RTC1_IRQHandler
                0x0000000000014adc                SERIAL0_IRQHandler
                0x0000000000014adc                USBREGULATOR_IRQHandler
                0x0000000000014adc                NFCT_IRQHandler
                0x0000000000014adc                WDT1_IRQHandler
                0x0000000000014adc                QSPI_IRQHandler
                0x0000000000014adc                COMP_LPCOMP_IRQHandler
                0x0000000000014adc                CLOCK_POWER_IRQHandler
                0x0000000000014adc                PDM0_IRQHandler
 *libplatform_s*:(SORT_BY_ALIGNMENT(.text*))
 .text.nrf53_errata_42
                0x0000000000014af8       0x24 platform/libplatform_s.a(system_nrf5340_application.o)
 .text.SystemInit
                0x0000000000014b1c      0x1d0 platform/libplatform_s.a(system_nrf5340_application.o)
                0x0000000000014b1c                SystemInit
 .text.store_and_dump_context
                0x0000000000014cec      0x118 platform/libplatform_s.a(exception_info.o)
                0x0000000000014cec                store_and_dump_context
 .text.stdio_output_string
                0x0000000000014e04       0x40 platform/libplatform_s.a(uart_stdout.o)
                0x0000000000014e04                stdio_output_string
 .text.stdio_init
                0x0000000000014e44       0x30 platform/libplatform_s.a(uart_stdout.o)
                0x0000000000014e44                stdio_init
 .text.ARM_USART_GetVersion
                0x0000000000014e74       0x20 platform/libplatform_s.a(Driver_USART.o)
 .text.ARM_USART1_GetTxCount
                0x0000000000014e94        0xc platform/libplatform_s.a(Driver_USART.o)
 .text.ARM_USART1_GetRxCount
                0x0000000000014ea0        0xc platform/libplatform_s.a(Driver_USART.o)
 .text.ARM_USART1_Uninitialize
                0x0000000000014eac       0x18 platform/libplatform_s.a(Driver_USART.o)
 .text.ARM_USART1_Receive
                0x0000000000014ec4       0x3c platform/libplatform_s.a(Driver_USART.o)
 .text.ARM_USARTx_Send.constprop.0
                0x0000000000014f00       0x78 platform/libplatform_s.a(Driver_USART.o)
 .text.ARM_USART1_Control
                0x0000000000014f78      0x190 platform/libplatform_s.a(Driver_USART.o)
 .text.ARM_USART1_Initialize
                0x0000000000015108       0x70 platform/libplatform_s.a(Driver_USART.o)
 .text.nrf_gpio_pin_port_decode
                0x0000000000015178       0x24 platform/libplatform_s.a(nrfx_uarte.o)
 .text.on_rx_disabled
                0x000000000001519c       0x64 platform/libplatform_s.a(nrfx_uarte.o)
 .text.nrfx_coredep_delay_us.part.0
                0x0000000000015200       0x20 platform/libplatform_s.a(nrfx_uarte.o)
 .text.nrf_gpio_cfg_input.constprop.0
                0x0000000000015220       0x28 platform/libplatform_s.a(nrfx_uarte.o)
 .text.blocking_tx
                0x0000000000015248      0x1b8 platform/libplatform_s.a(nrfx_uarte.o)
 .text.nrf_gpio_cfg_output
                0x0000000000015400       0x2c platform/libplatform_s.a(nrfx_uarte.o)
 .text.nrf_gpio_cfg_default
                0x000000000001542c       0x2c platform/libplatform_s.a(nrfx_uarte.o)
 .text.uarte_configure
                0x0000000000015458      0x190 platform/libplatform_s.a(nrfx_uarte.o)
 .text.nrfx_uarte_init
                0x00000000000155e8      0x15c platform/libplatform_s.a(nrfx_uarte.o)
                0x00000000000155e8                nrfx_uarte_init
 .text.nrfx_uarte_tx
                0x0000000000015744       0xd8 platform/libplatform_s.a(nrfx_uarte.o)
                0x0000000000015744                nrfx_uarte_tx
 .text.nrfx_uarte_tx_abort
                0x000000000001581c       0xb8 platform/libplatform_s.a(nrfx_uarte.o)
                0x000000000001581c                nrfx_uarte_tx_abort
 .text.nrfx_uarte_rx_enable
                0x00000000000158d4      0x14c platform/libplatform_s.a(nrfx_uarte.o)
                0x00000000000158d4                nrfx_uarte_rx_enable
 .text.nrfx_uarte_rx_buffer_set
                0x0000000000015a20      0x190 platform/libplatform_s.a(nrfx_uarte.o)
                0x0000000000015a20                nrfx_uarte_rx_buffer_set
 .text.nrfx_uarte_rx_abort
                0x0000000000015bb0      0x150 platform/libplatform_s.a(nrfx_uarte.o)
                0x0000000000015bb0                nrfx_uarte_rx_abort
 .text.nrfx_uarte_uninit
                0x0000000000015d00       0xcc platform/libplatform_s.a(nrfx_uarte.o)
                0x0000000000015d00                nrfx_uarte_uninit
 .text.nrfx_uarte_rx_ready
                0x0000000000015dcc       0x54 platform/libplatform_s.a(nrfx_uarte.o)
                0x0000000000015dcc                nrfx_uarte_rx_ready
 .text.nrfx_uarte_rx
                0x0000000000015e20       0x84 platform/libplatform_s.a(nrfx_uarte.o)
                0x0000000000015e20                nrfx_uarte_rx
 .text.nrfx_critical_section_enter
                0x0000000000015ea4       0x10 platform/libplatform_s.a(nrfx_glue.o)
                0x0000000000015ea4                nrfx_critical_section_enter
 .text.nrfx_critical_section_exit
                0x0000000000015eb4       0x14 platform/libplatform_s.a(nrfx_glue.o)
                0x0000000000015eb4                nrfx_critical_section_exit
 .text.ARM_Flash_GetInfo
                0x0000000000015ec8        0x8 platform/libplatform_s.a(Driver_Flash.o)
 .text.ARM_Flash_EraseSector
                0x0000000000015ed0       0x18 platform/libplatform_s.a(Driver_Flash.o)
 .text.nvmc_readonly_mode_set
                0x0000000000015ee8       0x14 platform/libplatform_s.a(nrfx_nvmc.o)
 .text.nvmc_word_write
                0x0000000000015efc       0x18 platform/libplatform_s.a(nrfx_nvmc.o)
 .text.nrfx_nvmc_page_erase
                0x0000000000015f14       0x3c platform/libplatform_s.a(nrfx_nvmc.o)
                0x0000000000015f14                nrfx_nvmc_page_erase
 .text.nrfx_nvmc_words_write
                0x0000000000015f50       0x38 platform/libplatform_s.a(nrfx_nvmc.o)
                0x0000000000015f50                nrfx_nvmc_words_write
 .text.mpu_armv8m_enable
                0x0000000000015f88       0x34 platform/libplatform_s.a(mpu_armv8m_drv.o)
                0x0000000000015f88                mpu_armv8m_enable
 .text.spu_enable_interrupts
                0x0000000000015fbc       0x10 platform/libplatform_s.a(spu.o)
                0x0000000000015fbc                spu_enable_interrupts
 .text.spu_regions_reset_unlocked_secure
                0x0000000000015fcc       0x30 platform/libplatform_s.a(spu.o)
                0x0000000000015fcc                spu_regions_reset_unlocked_secure
 .text.spu_regions_flash_config
                0x0000000000015ffc       0x2c platform/libplatform_s.a(spu.o)
                0x0000000000015ffc                spu_regions_flash_config
 .text.spu_regions_sram_config
                0x0000000000016028       0x34 platform/libplatform_s.a(spu.o)
                0x0000000000016028                spu_regions_sram_config
 .text.spu_regions_flash_config_non_secure_callable
                0x000000000001605c       0x30 platform/libplatform_s.a(spu.o)
                0x000000000001605c                spu_regions_flash_config_non_secure_callable
 .text.spu_regions_sram_get_last_address_in_region
                0x000000000001608c        0xc platform/libplatform_s.a(spu.o)
                0x000000000001608c                spu_regions_sram_get_last_address_in_region
 .text.spu_peripheral_config_secure
                0x0000000000016098       0x18 platform/libplatform_s.a(spu.o)
                0x0000000000016098                spu_peripheral_config_secure
 .text.spu_peripheral_config_non_secure
                0x00000000000160b0       0x14 platform/libplatform_s.a(spu.o)
                0x00000000000160b0                spu_peripheral_config_non_secure
 .text.tfm_platform_hal_system_reset
                0x00000000000160c4       0x24 platform/libplatform_s.a(tfm_platform_system.o)
                0x00000000000160c4                tfm_platform_hal_system_reset
 .text.tfm_hal_system_reset
                0x00000000000160e8       0x24 platform/libplatform_s.a(tfm_hal_reset_halt.o)
                0x00000000000160e8                tfm_hal_system_reset
 .text.tfm_attest_hal_get_security_lifecycle
                0x000000000001610c       0x28 platform/libplatform_s.a(attest_hal.o)
                0x000000000001610c                tfm_attest_hal_get_security_lifecycle
 .text.erase_flash_region
                0x0000000000016134       0x3c platform/libplatform_s.a(flash_otp_nv_counters_backend.o)
 .text.copy_flash_region
                0x0000000000016170       0x78 platform/libplatform_s.a(flash_otp_nv_counters_backend.o)
 .text.read_otp_nv_counters_flash
                0x00000000000161e8       0x7c platform/libplatform_s.a(flash_otp_nv_counters_backend.o)
                0x00000000000161e8                read_otp_nv_counters_flash
 .text.write_otp_nv_counters_flash
                0x0000000000016264      0x1ac platform/libplatform_s.a(flash_otp_nv_counters_backend.o)
                0x0000000000016264                write_otp_nv_counters_flash
 .text.init_otp_nv_counters_flash
                0x0000000000016410      0x154 platform/libplatform_s.a(flash_otp_nv_counters_backend.o)
                0x0000000000016410                init_otp_nv_counters_flash
 .text.tfm_plat_otp_get_size
                0x0000000000016564       0x9c platform/libplatform_s.a(otp_flash.o)
                0x0000000000016564                tfm_plat_otp_get_size
 .text.tfm_plat_provisioning_check_for_dummy_keys
                0x0000000000016600       0x64 platform/libplatform_s.a(provisioning.o)
                0x0000000000016600                tfm_plat_provisioning_check_for_dummy_keys
 .text.provision_assembly_and_test
                0x0000000000016664       0x28 platform/libplatform_s.a(provisioning.o)
                0x0000000000016664                provision_assembly_and_test
 .text.provision_psa_rot
                0x000000000001668c       0xb0 platform/libplatform_s.a(provisioning.o)
                0x000000000001668c                provision_psa_rot
 .text.tfm_plat_provisioning_perform
                0x000000000001673c       0x98 platform/libplatform_s.a(provisioning.o)
                0x000000000001673c                tfm_plat_provisioning_perform
 .text.tfm_platform_hal_read_service
                0x00000000000167d4       0x60 platform/libplatform_s.a(tfm_platform_hal_ioctl.o)
                0x00000000000167d4                tfm_platform_hal_read_service
 .text.tfm_platform_hal_gpio_service
                0x0000000000016834       0x88 platform/libplatform_s.a(tfm_platform_hal_ioctl.o)
                0x0000000000016834                tfm_platform_hal_gpio_service
 .text.tfm_hal_output_spm_log
                0x00000000000168bc        0x4 platform/libplatform_s.a(tfm_hal_spm_logdev_peripheral.o)
                0x00000000000168bc                tfm_hal_output_spm_log
 .text.ARM_USART_GetCapabilities
                0x00000000000168c0        0x4 platform/libplatform_s.a(Driver_USART.o)
 .text.ARM_USART_Transfer
                0x00000000000168c4        0x6 platform/libplatform_s.a(Driver_USART.o)
 .text.ARM_USART_GetStatus
                0x00000000000168ca        0xc platform/libplatform_s.a(Driver_USART.o)
 .text.ARM_USART_SetModemControl
                0x00000000000168d6        0x6 platform/libplatform_s.a(Driver_USART.o)
 .text.ARM_USART_GetModemStatus
                0x00000000000168dc        0xc platform/libplatform_s.a(Driver_USART.o)
 .text.ARM_USART1_PowerControl
                0x00000000000168e8        0xc platform/libplatform_s.a(Driver_USART.o)
 .text.ARM_USART1_Send
                0x00000000000168f4        0x4 platform/libplatform_s.a(Driver_USART.o)
 .text.uart_config_set_uart_pins
                0x00000000000168f8       0x3c platform/libplatform_s.a(Driver_USART.o)
                0x00000000000168f8                uart_config_set_uart_pins
 .text.is_tx_ready
                0x0000000000016934       0x1a platform/libplatform_s.a(nrfx_uarte.o)
 .text.user_handler
                0x000000000001694e       0x22 platform/libplatform_s.a(nrfx_uarte.o)
 .text.user_handler_on_rx_done
                0x0000000000016970       0x28 platform/libplatform_s.a(nrfx_uarte.o)
 .text.disable_hw_from_rx
                0x0000000000016998       0x24 platform/libplatform_s.a(nrfx_uarte.o)
 .text.disable_hw_from_tx
                0x00000000000169bc       0x16 platform/libplatform_s.a(nrfx_uarte.o)
 .text.tx_prepare_start.isra.0
                0x00000000000169d2       0x7e platform/libplatform_s.a(nrfx_uarte.o)
 .text.ARM_Flash_GetCapabilities
                0x0000000000016a50        0x4 platform/libplatform_s.a(Driver_Flash.o)
 .text.ARM_Flash_Initialize
                0x0000000000016a54        0x4 platform/libplatform_s.a(Driver_Flash.o)
 .text.ARM_Flash_Unitialize
                0x0000000000016a58        0x4 platform/libplatform_s.a(Driver_Flash.o)
 .text.ARM_Flash_ProgramData
                0x0000000000016a5c       0x28 platform/libplatform_s.a(Driver_Flash.o)
 .text.ARM_Flash_ReadData
                0x0000000000016a84       0x2c platform/libplatform_s.a(Driver_Flash.o)
 .text.mpu_armv8m_region_enable
                0x0000000000016ab0       0x6a platform/libplatform_s.a(mpu_armv8m_drv.o)
                0x0000000000016ab0                mpu_armv8m_region_enable
 .text.mpu_armv8m_region_disable
                0x0000000000016b1a       0x14 platform/libplatform_s.a(mpu_armv8m_drv.o)
                0x0000000000016b1a                mpu_armv8m_region_disable
 .text.mpu_armv8m_clean
                0x0000000000016b2e       0x22 platform/libplatform_s.a(mpu_armv8m_drv.o)
                0x0000000000016b2e                mpu_armv8m_clean
 .text.spu_regions_flash_get_base_address_in_region
                0x0000000000016b50        0x4 platform/libplatform_s.a(spu.o)
                0x0000000000016b50                spu_regions_flash_get_base_address_in_region
 .text.spu_regions_flash_get_last_address_in_region
                0x0000000000016b54        0xa platform/libplatform_s.a(spu.o)
                0x0000000000016b54                spu_regions_flash_get_last_address_in_region
 .text.spu_regions_flash_get_start_id
                0x0000000000016b5e        0x4 platform/libplatform_s.a(spu.o)
                0x0000000000016b5e                spu_regions_flash_get_start_id
 .text.spu_regions_flash_get_last_id
                0x0000000000016b62        0x4 platform/libplatform_s.a(spu.o)
                0x0000000000016b62                spu_regions_flash_get_last_id
 .text.spu_regions_flash_get_region_size
                0x0000000000016b66        0x6 platform/libplatform_s.a(spu.o)
                0x0000000000016b66                spu_regions_flash_get_region_size
 .text.spu_regions_sram_get_base_address_in_region
                0x0000000000016b6c        0xa platform/libplatform_s.a(spu.o)
                0x0000000000016b6c                spu_regions_sram_get_base_address_in_region
 .text.spu_regions_sram_get_start_id
                0x0000000000016b76        0x4 platform/libplatform_s.a(spu.o)
                0x0000000000016b76                spu_regions_sram_get_start_id
 .text.spu_regions_sram_get_last_id
                0x0000000000016b7a        0x4 platform/libplatform_s.a(spu.o)
                0x0000000000016b7a                spu_regions_sram_get_last_id
 .text.spu_regions_sram_get_region_size
                0x0000000000016b7e        0x6 platform/libplatform_s.a(spu.o)
                0x0000000000016b7e                spu_regions_sram_get_region_size
 .text.tfm_platform_hal_ioctl
                0x0000000000016b84       0x18 platform/libplatform_s.a(tfm_platform_system.o)
                0x0000000000016b84                tfm_platform_hal_ioctl
 .text.tfm_hal_ps_fs_info
                0x0000000000016b9c       0x1c platform/libplatform_s.a(tfm_hal_ps.o)
                0x0000000000016b9c                tfm_hal_ps_fs_info
 .text.tfm_hal_its_fs_info
                0x0000000000016bb8       0x1c platform/libplatform_s.a(tfm_hal_its.o)
                0x0000000000016bb8                tfm_hal_its_fs_info
 .text.tfm_attest_hal_get_verification_service
                0x0000000000016bd4       0x38 platform/libplatform_s.a(attest_hal.o)
                0x0000000000016bd4                tfm_attest_hal_get_verification_service
 .text.tfm_attest_hal_get_profile_definition
                0x0000000000016c0c       0x38 platform/libplatform_s.a(attest_hal.o)
                0x0000000000016c0c                tfm_attest_hal_get_profile_definition
 .text.tfm_plat_get_boot_seed
                0x0000000000016c44        0xa platform/libplatform_s.a(attest_hal.o)
                0x0000000000016c44                tfm_plat_get_boot_seed
 .text.tfm_plat_get_implementation_id
                0x0000000000016c4e       0x2a platform/libplatform_s.a(attest_hal.o)
                0x0000000000016c4e                tfm_plat_get_implementation_id
 .text.tfm_plat_get_cert_ref
                0x0000000000016c78       0x38 platform/libplatform_s.a(attest_hal.o)
                0x0000000000016c78                tfm_plat_get_cert_ref
 .text.set_nv_counter_flash
                0x0000000000016cb0       0x3e platform/libplatform_s.a(nv_counters.o)
 .text.set_nv_counter_otp
                0x0000000000016cee       0x6c platform/libplatform_s.a(nv_counters.o)
 .text.read_nv_counter_otp.constprop.0
                0x0000000000016d5a       0x68 platform/libplatform_s.a(nv_counters.o)
 .text.tfm_plat_read_nv_counter.part.0
                0x0000000000016dc2       0x42 platform/libplatform_s.a(nv_counters.o)
 .text.tfm_plat_init_nv_counter
                0x0000000000016e04        0x4 platform/libplatform_s.a(nv_counters.o)
                0x0000000000016e04                tfm_plat_init_nv_counter
 .text.tfm_plat_read_nv_counter
                0x0000000000016e08       0x10 platform/libplatform_s.a(nv_counters.o)
                0x0000000000016e08                tfm_plat_read_nv_counter
 .text.tfm_plat_set_nv_counter
                0x0000000000016e18       0x5a platform/libplatform_s.a(nv_counters.o)
                0x0000000000016e18                tfm_plat_set_nv_counter
 .text.tfm_plat_increment_nv_counter
                0x0000000000016e72       0x24 platform/libplatform_s.a(nv_counters.o)
                0x0000000000016e72                tfm_plat_increment_nv_counter
 .text.tfm_plat_crypto_nv_seed_read
                0x0000000000016e96       0x2e platform/libplatform_s.a(crypto_nv_seed.o)
                0x0000000000016e96                tfm_plat_crypto_nv_seed_read
 .text.tfm_plat_crypto_nv_seed_write
                0x0000000000016ec4       0x20 platform/libplatform_s.a(crypto_nv_seed.o)
                0x0000000000016ec4                tfm_plat_crypto_nv_seed_write
 .text.tfm_plat_crypto_provision_entropy_seed
                0x0000000000016ee4       0x2e platform/libplatform_s.a(crypto_nv_seed.o)
                0x0000000000016ee4                tfm_plat_crypto_provision_entropy_seed
 .text.make_backup
                0x0000000000016f12       0x26 platform/libplatform_s.a(flash_otp_nv_counters_backend.o)
 .text.tfm_plat_otp_init
                0x0000000000016f38        0x4 platform/libplatform_s.a(otp_flash.o)
                0x0000000000016f38                tfm_plat_otp_init
 .text.write_to_output
                0x0000000000016f3c       0x28 platform/libplatform_s.a(otp_flash.o)
 .text.tfm_plat_otp_read
                0x0000000000016f64       0xee platform/libplatform_s.a(otp_flash.o)
                0x0000000000016f64                tfm_plat_otp_read
 .text.read_from_input
                0x0000000000017052       0x54 platform/libplatform_s.a(otp_flash.o)
 .text.tfm_plat_otp_write
                0x00000000000170a6       0xee platform/libplatform_s.a(otp_flash.o)
                0x00000000000170a6                tfm_plat_otp_write
 .text.tfm_plat_otp_secure_provisioning_start
                0x0000000000017194        0x4 platform/libplatform_s.a(otp_flash.o)
                0x0000000000017194                tfm_plat_otp_secure_provisioning_start
 .text.tfm_plat_otp_secure_provisioning_finish
                0x0000000000017198        0x4 platform/libplatform_s.a(otp_flash.o)
                0x0000000000017198                tfm_plat_otp_secure_provisioning_finish
 .text.tfm_plat_provisioning_is_required
                0x000000000001719c       0x1e platform/libplatform_s.a(provisioning.o)
                0x000000000001719c                tfm_plat_provisioning_is_required
 *libtfm_spm*:(SORT_BY_ALIGNMENT(.text*))
 *fill*         0x00000000000171ba        0x2 
 .text.spm_log_msgval
                0x00000000000171bc       0x58 secure_fw/spm/libtfm_spm.a(spm_log.o)
                0x00000000000171bc                spm_log_msgval
 .text.startup.main
                0x0000000000017214       0x68 secure_fw/spm/libtfm_spm.a(main.o)
                0x0000000000017214                main
 .text.SVC_Handler
                0x000000000001727c       0x68 secure_fw/spm/libtfm_spm.a(tfm_arch_v8m_main.o)
                0x000000000001727c                SVC_Handler
 .text.tfm_arch_set_secure_exception_priorities
                0x00000000000172e4       0x28 secure_fw/spm/libtfm_spm.a(tfm_arch_v8m_main.o)
                0x00000000000172e4                tfm_arch_set_secure_exception_priorities
 .text.ns_agent_tz_main
                0x000000000001730c       0x30 secure_fw/spm/libtfm_spm.a(ns_agent_tz_v80m.o)
                0x000000000001730c                ns_agent_tz_main
 .text.tfm_hal_bind_boundary
                0x000000000001733c       0x70 secure_fw/spm/libtfm_spm.a(tfm_hal_isolation.o)
                0x000000000001733c                tfm_hal_bind_boundary
 .text.mpu_init_cfg
                0x00000000000173ac      0x11c secure_fw/spm/libtfm_spm.a(tfm_hal_isolation.o)
                0x00000000000173ac                mpu_init_cfg
 .text.nrf_gpio_pin_control_select.constprop.0
                0x00000000000174c8       0x1c secure_fw/spm/libtfm_spm.a(target_cfg.o)
 .text.enable_fault_handlers
                0x00000000000174e4       0x14 secure_fw/spm/libtfm_spm.a(target_cfg.o)
                0x00000000000174e4                enable_fault_handlers
 .text.system_reset_cfg
                0x00000000000174f8       0x18 secure_fw/spm/libtfm_spm.a(target_cfg.o)
                0x00000000000174f8                system_reset_cfg
 .text.init_debug
                0x0000000000017510       0x28 secure_fw/spm/libtfm_spm.a(target_cfg.o)
                0x0000000000017510                init_debug
 .text.nvic_interrupt_target_state_cfg
                0x0000000000017538       0x40 secure_fw/spm/libtfm_spm.a(target_cfg.o)
                0x0000000000017538                nvic_interrupt_target_state_cfg
 .text.nvic_interrupt_enable
                0x0000000000017578       0x18 secure_fw/spm/libtfm_spm.a(target_cfg.o)
                0x0000000000017578                nvic_interrupt_enable
 .text.sau_and_idau_cfg
                0x0000000000017590       0x20 secure_fw/spm/libtfm_spm.a(target_cfg.o)
                0x0000000000017590                sau_and_idau_cfg
 .text.spu_init_cfg
                0x00000000000175b0       0x94 secure_fw/spm/libtfm_spm.a(target_cfg.o)
                0x00000000000175b0                spu_init_cfg
 .text.spu_periph_init_cfg
                0x0000000000017644       0x60 secure_fw/spm/libtfm_spm.a(target_cfg.o)
                0x0000000000017644                spu_periph_init_cfg
 .text.tfm_core_validate_boot_data
                0x00000000000176a4       0x1c secure_fw/spm/libtfm_spm.a(tfm_boot_data.o)
                0x00000000000176a4                tfm_core_validate_boot_data
 .text.tfm_core_get_boot_data_handler
                0x00000000000176c0       0xc0 secure_fw/spm/libtfm_spm.a(tfm_boot_data.o)
                0x00000000000176c0                tfm_core_get_boot_data_handler
 .text.tfm_spm_get_service_by_sid
                0x0000000000017780       0x2c secure_fw/spm/libtfm_spm.a(spm_ipc.o)
                0x0000000000017780                tfm_spm_get_service_by_sid
 .text.tfm_spm_check_authorization
                0x00000000000177ac       0x48 secure_fw/spm/libtfm_spm.a(spm_ipc.o)
                0x00000000000177ac                tfm_spm_check_authorization
 .text.spm_init_idle_connection
                0x00000000000177f4       0x34 secure_fw/spm/libtfm_spm.a(spm_ipc.o)
                0x00000000000177f4                spm_init_idle_connection
 .text.tfm_spm_partition_get_running_partition_id
                0x0000000000017828       0x1c secure_fw/spm/libtfm_spm.a(spm_ipc.o)
                0x0000000000017828                tfm_spm_partition_get_running_partition_id
 .text.tfm_spm_is_ns_caller
                0x0000000000017844       0x28 secure_fw/spm/libtfm_spm.a(spm_ipc.o)
                0x0000000000017844                tfm_spm_is_ns_caller
 .text.spm_get_idle_connection
                0x000000000001786c       0x78 secure_fw/spm/libtfm_spm.a(spm_ipc.o)
                0x000000000001786c                spm_get_idle_connection
 .text.tfm_spm_init
                0x00000000000178e4       0x64 secure_fw/spm/libtfm_spm.a(spm_ipc.o)
                0x00000000000178e4                tfm_spm_init
 .text.load_a_partition_assuredly
                0x0000000000017948      0x10c secure_fw/spm/libtfm_spm.a(rom_loader.o)
                0x0000000000017948                load_a_partition_assuredly
 .text.load_services_assuredly
                0x0000000000017a54       0xc4 secure_fw/spm/libtfm_spm.a(rom_loader.o)
                0x0000000000017a54                load_services_assuredly
 .text.partition_init
                0x0000000000017b18       0x1c secure_fw/spm/libtfm_spm.a(backend_ipc.o)
 .text.ns_agent_tz_init
                0x0000000000017b34       0x2c secure_fw/spm/libtfm_spm.a(backend_ipc.o)
 .text.backend_init_comp_assuredly
                0x0000000000017b60       0xb4 secure_fw/spm/libtfm_spm.a(backend_ipc.o)
                0x0000000000017b60                backend_init_comp_assuredly
 .text.backend_system_run
                0x0000000000017c14       0x30 secure_fw/spm/libtfm_spm.a(backend_ipc.o)
                0x0000000000017c14                backend_system_run
 .text.backend_abi_entering_spm
                0x0000000000017c44       0x44 secure_fw/spm/libtfm_spm.a(backend_ipc.o)
                0x0000000000017c44                backend_abi_entering_spm
 .text.ipc_schedule
                0x0000000000017c88       0x94 secure_fw/spm/libtfm_spm.a(backend_ipc.o)
                0x0000000000017c88                ipc_schedule
 .text.spm_svc_handler
                0x0000000000017d1c       0xb8 secure_fw/spm/libtfm_spm.a(tfm_svcalls.o)
                0x0000000000017d1c                spm_svc_handler
 .text.thrd_set_query_callback
                0x0000000000017dd4        0xc secure_fw/spm/libtfm_spm.a(thread.o)
                0x0000000000017dd4                thrd_set_query_callback
 .text.thrd_next
                0x0000000000017de0       0x4c secure_fw/spm/libtfm_spm.a(thread.o)
                0x0000000000017de0                thrd_next
 .text.thrd_set_state
                0x0000000000017e2c       0x28 secure_fw/spm/libtfm_spm.a(thread.o)
                0x0000000000017e2c                thrd_set_state
 .text.thrd_start
                0x0000000000017e54       0x44 secure_fw/spm/libtfm_spm.a(thread.o)
                0x0000000000017e54                thrd_start
 .text.tz_ns_agent_register_client_id_range
                0x0000000000017e98        0xc secure_fw/spm/libtfm_spm.a(tfm_spm_ns_ctx.o)
                0x0000000000017e98                tz_ns_agent_register_client_id_range
 .text.tfm_nspm_get_current_client_id
                0x0000000000017ea4       0x14 secure_fw/spm/libtfm_spm.a(tfm_spm_ns_ctx.o)
                0x0000000000017ea4                tfm_nspm_get_current_client_id
 .text.tfm_nspm_ctx_init
                0x0000000000017eb8       0x18 secure_fw/spm/libtfm_spm.a(tfm_spm_ns_ctx.o)
                0x0000000000017eb8                tfm_nspm_ctx_init
 .text.connection_to_handle
                0x0000000000017ed0       0x20 secure_fw/spm/libtfm_spm.a(spm_connection_pool.o)
                0x0000000000017ed0                connection_to_handle
 .text.handle_to_connection
                0x0000000000017ef0       0x10 secure_fw/spm/libtfm_spm.a(spm_connection_pool.o)
                0x0000000000017ef0                handle_to_connection
 .text.spm_init_connection_space
                0x0000000000017f00       0x20 secure_fw/spm/libtfm_spm.a(spm_connection_pool.o)
                0x0000000000017f00                spm_init_connection_space
 .text.spm_allocate_connection
                0x0000000000017f20        0xc secure_fw/spm/libtfm_spm.a(spm_connection_pool.o)
                0x0000000000017f20                spm_allocate_connection
 .text.spm_validate_connection
                0x0000000000017f2c       0x1c secure_fw/spm/libtfm_spm.a(spm_connection_pool.o)
                0x0000000000017f2c                spm_validate_connection
 .text.spm_free_connection
                0x0000000000017f48       0x1c secure_fw/spm/libtfm_spm.a(spm_connection_pool.o)
                0x0000000000017f48                spm_free_connection
 .text.tfm_hal_get_ns_VTOR
                0x0000000000017f64        0xc secure_fw/spm/libtfm_spm.a(tfm_hal_platform_common.o)
                0x0000000000017f64                tfm_hal_get_ns_VTOR
 .text.tfm_hal_get_ns_MSP
                0x0000000000017f70        0xc secure_fw/spm/libtfm_spm.a(tfm_hal_platform_common.o)
                0x0000000000017f70                tfm_hal_get_ns_MSP
 .text.tfm_hal_get_ns_entry_point
                0x0000000000017f7c        0xc secure_fw/spm/libtfm_spm.a(tfm_hal_platform_common.o)
                0x0000000000017f7c                tfm_hal_get_ns_entry_point
 .text.arch_acquire_sched_lock
                0x0000000000017f88       0x10 secure_fw/spm/libtfm_spm.a(tfm_arch.o)
                0x0000000000017f88                arch_acquire_sched_lock
 .text.arch_release_sched_lock
                0x0000000000017f98       0x14 secure_fw/spm/libtfm_spm.a(tfm_arch.o)
                0x0000000000017f98                arch_release_sched_lock
 .text.arch_attempt_schedule
                0x0000000000017fac       0x2c secure_fw/spm/libtfm_spm.a(tfm_arch.o)
                0x0000000000017fac                arch_attempt_schedule
 .text.tfm_arch_init_context
                0x0000000000017fd8       0x5c secure_fw/spm/libtfm_spm.a(tfm_arch.o)
                0x0000000000017fd8                tfm_arch_init_context
 .text.tfm_spm_partition_psa_wait
                0x0000000000018034       0x3c secure_fw/spm/libtfm_spm.a(psa_api.o)
                0x0000000000018034                tfm_spm_partition_psa_wait
 .text.tfm_spm_partition_psa_get
                0x0000000000018070       0xb0 secure_fw/spm/libtfm_spm.a(psa_api.o)
                0x0000000000018070                tfm_spm_partition_psa_get
 .text.tfm_pool_alloc
                0x0000000000018120       0x20 secure_fw/spm/libtfm_spm.a(tfm_pools.o)
                0x0000000000018120                tfm_pool_alloc
 .text.is_valid_chunk_data_in_pool
                0x0000000000018140       0x38 secure_fw/spm/libtfm_spm.a(tfm_pools.o)
                0x0000000000018140                is_valid_chunk_data_in_pool
 .text.spm_associate_call_params
                0x0000000000018178      0x18c secure_fw/spm/libtfm_spm.a(psa_call_api.o)
                0x0000000000018178                spm_associate_call_params
 .text.tfm_spm_partition_psa_read
                0x0000000000018304       0x74 secure_fw/spm/libtfm_spm.a(psa_read_write_skip_api.o)
                0x0000000000018304                tfm_spm_partition_psa_read
 .text.tfm_spm_partition_psa_write
                0x0000000000018378       0x78 secure_fw/spm/libtfm_spm.a(psa_read_write_skip_api.o)
                0x0000000000018378                tfm_spm_partition_psa_write
 .text.tfm_core_panic
                0x00000000000183f0        0x4 secure_fw/spm/libtfm_spm.a(utilities.o)
                0x00000000000183f0                tfm_core_panic
 .text.tfm_arch_thread_fn_call
                0x00000000000183f4       0x52 secure_fw/spm/libtfm_spm.a(tfm_arch_v8m_main.o)
                0x00000000000183f4                tfm_arch_thread_fn_call
 .text.PendSV_Handler
                0x0000000000018446       0x54 secure_fw/spm/libtfm_spm.a(tfm_arch_v8m_main.o)
                0x0000000000018446                PendSV_Handler
 .text.tfm_arch_config_extensions
                0x000000000001849a        0x2 secure_fw/spm/libtfm_spm.a(tfm_arch_v8m_main.o)
                0x000000000001849a                tfm_arch_config_extensions
 .text.tfm_hal_activate_boundary
                0x000000000001849c       0x1c secure_fw/spm/libtfm_spm.a(tfm_hal_isolation.o)
                0x000000000001849c                tfm_hal_activate_boundary
 .text.tfm_hal_memory_check
                0x00000000000184b8      0x132 secure_fw/spm/libtfm_spm.a(tfm_hal_isolation.o)
                0x00000000000184b8                tfm_hal_memory_check
 .text.tfm_hal_set_up_static_boundaries
                0x00000000000185ea       0x2a secure_fw/spm/libtfm_spm.a(tfm_hal_isolation.o)
                0x00000000000185ea                tfm_hal_set_up_static_boundaries
 .text.tfm_hal_boundary_need_switch
                0x0000000000018614       0x1a secure_fw/spm/libtfm_spm.a(tfm_hal_isolation.o)
                0x0000000000018614                tfm_hal_boundary_need_switch
 .text.tfm_hal_platform_init
                0x000000000001862e        0x4 secure_fw/spm/libtfm_spm.a(tfm_hal_platform.o)
                0x000000000001862e                tfm_hal_platform_init
 .text.spm_get_handle_by_signal
                0x0000000000018632       0x4a secure_fw/spm/libtfm_spm.a(spm_ipc.o)
                0x0000000000018632                spm_get_handle_by_signal
 .text.tfm_spm_check_client_version
                0x000000000001867c       0x24 secure_fw/spm/libtfm_spm.a(spm_ipc.o)
                0x000000000001867c                tfm_spm_check_client_version
 .text.spm_msg_handle_to_connection
                0x00000000000186a0       0x28 secure_fw/spm/libtfm_spm.a(spm_ipc.o)
                0x00000000000186a0                spm_msg_handle_to_connection
 .text.tfm_spm_get_client_id
                0x00000000000186c8       0x20 secure_fw/spm/libtfm_spm.a(spm_ipc.o)
                0x00000000000186c8                tfm_spm_get_client_id
 .text.update_caller_outvec_len
                0x00000000000186e8       0x1e secure_fw/spm/libtfm_spm.a(spm_ipc.o)
                0x00000000000186e8                update_caller_outvec_len
 .text.load_irqs_assuredly
                0x0000000000018706        0x2 secure_fw/spm/libtfm_spm.a(rom_loader.o)
                0x0000000000018706                load_irqs_assuredly
 .text.query_state
                0x0000000000018708       0x42 secure_fw/spm/libtfm_spm.a(backend_ipc.o)
 .text.backend_wait_signals
                0x000000000001874a       0x20 secure_fw/spm/libtfm_spm.a(backend_ipc.o)
                0x000000000001874a                backend_wait_signals
 .text.backend_assert_signal
                0x000000000001876a       0x2c secure_fw/spm/libtfm_spm.a(backend_ipc.o)
                0x000000000001876a                backend_assert_signal
 .text.backend_messaging
                0x0000000000018796       0x40 secure_fw/spm/libtfm_spm.a(backend_ipc.o)
                0x0000000000018796                backend_messaging
 .text.backend_replying
                0x00000000000187d6        0xa secure_fw/spm/libtfm_spm.a(backend_ipc.o)
                0x00000000000187d6                backend_replying
 .text.backend_abi_leaving_spm
                0x00000000000187e0       0x1e secure_fw/spm/libtfm_spm.a(backend_ipc.o)
                0x00000000000187e0                backend_abi_leaving_spm
 .text.thrd_start_scheduler
                0x00000000000187fe       0x1c secure_fw/spm/libtfm_spm.a(thread.o)
                0x00000000000187fe                thrd_start_scheduler
 .text.tfm_hal_platform_common_init
                0x000000000001881a       0x36 secure_fw/spm/libtfm_spm.a(tfm_hal_platform_common.o)
                0x000000000001881a                tfm_hal_platform_common_init
 .text.tfm_arch_free_msp_and_exc_ret
                0x0000000000018850        0x8 secure_fw/spm/libtfm_spm.a(tfm_arch.o)
                0x0000000000018850                tfm_arch_free_msp_and_exc_ret
 .text.tfm_arch_set_context_ret_code
                0x0000000000018858        0x6 secure_fw/spm/libtfm_spm.a(tfm_arch.o)
                0x0000000000018858                tfm_arch_set_context_ret_code
 .text.tfm_arch_refresh_hardware_context
                0x000000000001885e       0x16 secure_fw/spm/libtfm_spm.a(tfm_arch.o)
                0x000000000001885e                tfm_arch_refresh_hardware_context
 .text.spm_handle_programmer_errors
                0x0000000000018874       0x18 secure_fw/spm/libtfm_spm.a(psa_api.o)
                0x0000000000018874                spm_handle_programmer_errors
 .text.tfm_spm_get_lifecycle_state
                0x000000000001888c       0x40 secure_fw/spm/libtfm_spm.a(psa_api.o)
                0x000000000001888c                tfm_spm_get_lifecycle_state
 .text.tfm_spm_partition_psa_reply
                0x00000000000188cc       0x9a secure_fw/spm/libtfm_spm.a(psa_api.o)
                0x00000000000188cc                tfm_spm_partition_psa_reply
 .text.tfm_spm_partition_psa_panic
                0x0000000000018966        0xc secure_fw/spm/libtfm_spm.a(psa_api.o)
                0x0000000000018966                tfm_spm_partition_psa_panic
 .text.tfm_pool_init
                0x0000000000018972       0x5c secure_fw/spm/libtfm_spm.a(tfm_pools.o)
                0x0000000000018972                tfm_pool_init